 plant_block_swing_catch_working_v0_sfun

 Timestamp is 59c2c5b9 (Thu Sep 21 05:47:05 2017)

 Preferred load address is 0000000180000000

 Start         Length     Name                   Class
 0001:00000000 00045bd4H .text                   CODE
 0001:00045be0 00000092H .text$x                 CODE
 0002:00000000 00000498H .idata$5                DATA
 0002:00000498 00000008H .CRT$XCA                DATA
 0002:000004a0 00000008H .CRT$XCZ                DATA
 0002:000004a8 00000008H .CRT$XIA                DATA
 0002:000004b0 00000008H .CRT$XIAA               DATA
 0002:000004b8 00000008H .CRT$XIZ                DATA
 0002:000004c0 00004bacH .rdata                  DATA
 0002:00005070 00000008H .rtc$IAA                DATA
 0002:00005078 00000008H .rtc$IZZ                DATA
 0002:00005080 00000008H .rtc$TAA                DATA
 0002:00005088 00000008H .rtc$TZZ                DATA
 0002:00005090 0000446cH .xdata                  DATA
 0002:000094fc 000000a0H .idata$2                DATA
 0002:0000959c 00000014H .idata$3                DATA
 0002:000095b0 00000498H .idata$4                DATA
 0002:00009a48 00000ac4H .idata$6                DATA
 0002:0000a510 0000006dH .edata                  DATA
 0003:00000000 00004308H .data                   DATA
 0003:00004320 00002418H .bss                    DATA
 0004:00000000 00003594H .pdata                  DATA

  Address         Publics by Value              Rva+Base               Lib:Object

 0000:00000000       ___safe_se_handler_table   0000000000000000     <absolute>
 0000:00000000       ___safe_se_handler_count   0000000000000000     <absolute>
 0000:00000000       __ImageBase                0000000180000000     <linker-defined>
 0001:00000000       sf_c1_plant_block_swing_catch_working_v0_get_eml_resolved_functions_info 0000000180001000 f   c1_plant_block_swing_catch_working_v0.obj
 0001:00000080       sf_c1_plant_block_swing_catch_working_v0_get_check_sum 0000000180001080 f   c1_plant_block_swing_catch_working_v0.obj
 0001:00000100       sf_c1_plant_block_swing_catch_working_v0_get_autoinheritance_info 0000000180001100 f   c1_plant_block_swing_catch_working_v0.obj
 0001:000007b0       sf_c1_plant_block_swing_catch_working_v0_third_party_uses_info 00000001800017b0 f   c1_plant_block_swing_catch_working_v0.obj
 0001:000007e0       sf_internal_get_sim_state_c1_plant_block_swing_catch_working_v0 00000001800017e0 f   c1_plant_block_swing_catch_working_v0.obj
 0001:00000c10       sf_internal_set_sim_state_c1_plant_block_swing_catch_working_v0 0000000180001c10 f   c1_plant_block_swing_catch_working_v0.obj
 0001:00001550       sf_c1_plant_block_swing_catch_working_v0_get_testpoint_info 0000000180002550 f   c1_plant_block_swing_catch_working_v0.obj
 0001:00001590       c1_plant_block_swing_catch_working_v0_method_dispatcher 0000000180002590 f   c1_plant_block_swing_catch_working_v0.obj
 0001:00004840       sf_c3_plant_block_swing_catch_working_v0_get_eml_resolved_functions_info 0000000180005840 f   c3_plant_block_swing_catch_working_v0.obj
 0001:00004fa0       sf_c3_plant_block_swing_catch_working_v0_get_check_sum 0000000180005fa0 f   c3_plant_block_swing_catch_working_v0.obj
 0001:00005020       sf_c3_plant_block_swing_catch_working_v0_get_autoinheritance_info 0000000180006020 f   c3_plant_block_swing_catch_working_v0.obj
 0001:00005970       sf_c3_plant_block_swing_catch_working_v0_third_party_uses_info 0000000180006970 f   c3_plant_block_swing_catch_working_v0.obj
 0001:000059a0       sf_internal_get_sim_state_c3_plant_block_swing_catch_working_v0 00000001800069a0 f   c3_plant_block_swing_catch_working_v0.obj
 0001:00006020       sf_internal_set_sim_state_c3_plant_block_swing_catch_working_v0 0000000180007020 f   c3_plant_block_swing_catch_working_v0.obj
 0001:00006c90       sf_c3_plant_block_swing_catch_working_v0_get_testpoint_info 0000000180007c90 f   c3_plant_block_swing_catch_working_v0.obj
 0001:00006cd0       c3_plant_block_swing_catch_working_v0_method_dispatcher 0000000180007cd0 f   c3_plant_block_swing_catch_working_v0.obj
 0001:0000f0e0       sf_c5_plant_block_swing_catch_working_v0_get_eml_resolved_functions_info 00000001800100e0 f   c5_plant_block_swing_catch_working_v0.obj
 0001:0000f160       sf_c5_plant_block_swing_catch_working_v0_get_check_sum 0000000180010160 f   c5_plant_block_swing_catch_working_v0.obj
 0001:0000f1e0       sf_c5_plant_block_swing_catch_working_v0_get_autoinheritance_info 00000001800101e0 f   c5_plant_block_swing_catch_working_v0.obj
 0001:0000f750       sf_c5_plant_block_swing_catch_working_v0_third_party_uses_info 0000000180010750 f   c5_plant_block_swing_catch_working_v0.obj
 0001:0000f780       sf_internal_get_sim_state_c5_plant_block_swing_catch_working_v0 0000000180010780 f   c5_plant_block_swing_catch_working_v0.obj
 0001:0000fbb0       sf_internal_set_sim_state_c5_plant_block_swing_catch_working_v0 0000000180010bb0 f   c5_plant_block_swing_catch_working_v0.obj
 0001:000104f0       sf_c5_plant_block_swing_catch_working_v0_get_testpoint_info 00000001800114f0 f   c5_plant_block_swing_catch_working_v0.obj
 0001:00010530       c5_plant_block_swing_catch_working_v0_method_dispatcher 0000000180011530 f   c5_plant_block_swing_catch_working_v0.obj
 0001:00013650       sf_process_check_sum_call  0000000180014650 f   plant_block_swing_catch_working_v0_sfun_registry.obj
 0001:000136a0       sf_process_testpoint_info_call 00000001800146a0 f   plant_block_swing_catch_working_v0_sfun_registry.obj
 0001:000136f0       sf_process_autoinheritance_call 00000001800146f0 f   plant_block_swing_catch_working_v0_sfun_registry.obj
 0001:00013890       sf_process_get_third_party_uses_info_call 0000000180014890 f   plant_block_swing_catch_working_v0_sfun_registry.obj
 0001:00013a30       sf_process_get_eml_resolved_functions_info_call 0000000180014a30 f   plant_block_swing_catch_working_v0_sfun_registry.obj
 0001:00013bb0       sf_mex_unlock_call         0000000180014bb0 f   plant_block_swing_catch_working_v0_sfun_registry.obj
 0001:00013c60       sf_machine_global_initializer_called 0000000180014c60 f   plant_block_swing_catch_working_v0_sfun_registry.obj
 0001:00013c90       sf_machine_global_method_dispatcher 0000000180014c90 f   plant_block_swing_catch_working_v0_sfun_registry.obj
 0001:00013cf0       sf_machine_global_terminator 0000000180014cf0 f   plant_block_swing_catch_working_v0_sfun_registry.obj
 0001:00013d40       sf_register_machine_exported_symbols 0000000180014d40 f   plant_block_swing_catch_working_v0_sfun_registry.obj
 0001:00013d60       callCustomFcn              0000000180014d60 f   plant_block_swing_catch_working_v0_sfun_registry.obj
 0001:00013d70       sf_machine_global_initializer 0000000180014d70 f   plant_block_swing_catch_working_v0_sfun_registry.obj
 0001:00013df0       _ssSetStateAbsTol          0000000180014df0 f   plant_block_swing_catch_working_v0_sfun_registry.obj
 0001:00013ed0       _ssGetAbsTol               0000000180014ed0 f   plant_block_swing_catch_working_v0_sfun_registry.obj
 0001:00013f40       _ssSetInputPortMatrixDimensions 0000000180014f40 f   plant_block_swing_catch_working_v0_sfun_registry.obj
 0001:00014050       _ssSetOutputPortMatrixDimensions 0000000180015050 f   plant_block_swing_catch_working_v0_sfun_registry.obj
 0001:00014160       _ssSetInputPortVectorDimension 0000000180015160 f   plant_block_swing_catch_working_v0_sfun_registry.obj
 0001:00014230       _ssSetOutputPortVectorDimension 0000000180015230 f   plant_block_swing_catch_working_v0_sfun_registry.obj
 0001:00014300       ssIsRunTimeParamTunable    0000000180015300 f   plant_block_swing_catch_working_v0_sfun_registry.obj
 0001:00014370       ssGetSFuncBlockHandle      0000000180015370 f   plant_block_swing_catch_working_v0_sfun_registry.obj
 0001:000143e0       _ssGetCurrentInputPortWidth 00000001800153e0 f   plant_block_swing_catch_working_v0_sfun_registry.obj
 0001:00014500       _ssGetCurrentOutputPortWidth 0000000180015500 f   plant_block_swing_catch_working_v0_sfun_registry.obj
 0001:00014620       _ssGetCallSystemNumFcnCallDestinations 0000000180015620 f   plant_block_swing_catch_working_v0_sfun_registry.obj
 0001:00014690       ssWarning                  0000000180015690 f   plant_block_swing_catch_working_v0_sfun_registry.obj
 0001:000147a0       ssGetIsZeroCrossControlDisabled 00000001800157a0 f   plant_block_swing_catch_working_v0_sfun_registry.obj
 0001:00014810       ssSetIsInputPortUsedForContZcSignal 0000000180015810 f   plant_block_swing_catch_working_v0_sfun_registry.obj
 0001:00014880       ssSetZcSignalIsZcElementDisc 0000000180015880 f   plant_block_swing_catch_working_v0_sfun_registry.obj
 0001:00014930       ssSetZcSignalName          0000000180015930 f   plant_block_swing_catch_working_v0_sfun_registry.obj
 0001:000149a0       ssSetZcSignalWidth         00000001800159a0 f   plant_block_swing_catch_working_v0_sfun_registry.obj
 0001:00014a10       ssSetZcSignalZcEventType   0000000180015a10 f   plant_block_swing_catch_working_v0_sfun_registry.obj
 0001:00014a80       ssSetZcSignalType          0000000180015a80 f   plant_block_swing_catch_working_v0_sfun_registry.obj
 0001:00014af0       ssSetZcSignalZcTol         0000000180015af0 f   plant_block_swing_catch_working_v0_sfun_registry.obj
 0001:00014b60       ssSetZcSignalNeedsEventNotification 0000000180015b60 f   plant_block_swing_catch_working_v0_sfun_registry.obj
 0001:00014bd0       ssCreateAndAddZcSignalInfo 0000000180015bd0 f   plant_block_swing_catch_working_v0_sfun_registry.obj
 0001:00014c40       ssCloneAndAddZcSignalInfo  0000000180015c40 f   plant_block_swing_catch_working_v0_sfun_registry.obj
 0001:00014cb0       ssGetNumZcSignals          0000000180015cb0 f   plant_block_swing_catch_working_v0_sfun_registry.obj
 0001:00014d20       ssGetZcSignalVector        0000000180015d20 f   plant_block_swing_catch_working_v0_sfun_registry.obj
 0001:00014d90       ssGetZcSignalZcEvents      0000000180015d90 f   plant_block_swing_catch_working_v0_sfun_registry.obj
 0001:00014e00       ssGetZcSignalName          0000000180015e00 f   plant_block_swing_catch_working_v0_sfun_registry.obj
 0001:00014e70       ssGetZcSignalWidth         0000000180015e70 f   plant_block_swing_catch_working_v0_sfun_registry.obj
 0001:00014ee0       ssGetZcSignalZcEventType   0000000180015ee0 f   plant_block_swing_catch_working_v0_sfun_registry.obj
 0001:00014f50       ssGetZcSignalType          0000000180015f50 f   plant_block_swing_catch_working_v0_sfun_registry.obj
 0001:00014fc0       ssGetZcSignalZcTol         0000000180015fc0 f   plant_block_swing_catch_working_v0_sfun_registry.obj
 0001:00015040       ssGetZcSignalNeedsEventNotification 0000000180016040 f   plant_block_swing_catch_working_v0_sfun_registry.obj
 0001:000150b0       ssGetZcSignalIsZcElementDisc 00000001800160b0 f   plant_block_swing_catch_working_v0_sfun_registry.obj
 0001:00015150       ssGetIsInputPortElementContinuous 0000000180016150 f   plant_block_swing_catch_working_v0_sfun_registry.obj
 0001:000151f0       _ssGetInputPortSignalPtrsFcn 00000001800161f0 f   plant_block_swing_catch_working_v0_sfun_registry.obj
 0001:000154b0       _ssGetInputPortSignalFcn   00000001800164b0 f   plant_block_swing_catch_working_v0_sfun_registry.obj
 0001:000156d0       _ssSetInputPortDirectFeedThroughFcn 00000001800166d0 f   plant_block_swing_catch_working_v0_sfun_registry.obj
 0001:00015830       _ssSetInputPortReusableFcn 0000000180016830 f   plant_block_swing_catch_working_v0_sfun_registry.obj
 0001:00015920       _ssSetOutputPortReusableFcn 0000000180016920 f   plant_block_swing_catch_working_v0_sfun_registry.obj
 0001:00015a00       ssGetDTypeIdFromMxArray    0000000180016a00 f   plant_block_swing_catch_working_v0_sfun_registry.obj
 0001:00015b20       ssWriteRTWStr              0000000180016b20 f   plant_block_swing_catch_working_v0_sfun_registry.obj
 0001:00015b80       ssWriteRTWMxVectParam      0000000180016b80 f   plant_block_swing_catch_working_v0_sfun_registry.obj
 0001:00015be0       ssWriteRTWMx2dMatParam     0000000180016be0 f   plant_block_swing_catch_working_v0_sfun_registry.obj
 0001:00015c60       ssWriteRTWNameValuePair    0000000180016c60 f   plant_block_swing_catch_working_v0_sfun_registry.obj
 0001:00016150       ssWriteRTWParameters       0000000180017150 f   plant_block_swing_catch_working_v0_sfun_registry.obj
 0001:00016750       ssWriteRTWParamSettings    0000000180017750 f   plant_block_swing_catch_working_v0_sfun_registry.obj
 0001:00016e20       ssWriteRTWWorkVect         0000000180017e20 f   plant_block_swing_catch_working_v0_sfun_registry.obj
 0001:00017320       mexFunction                0000000180018320 f   plant_block_swing_catch_working_v0_sfun_registry.obj
 0001:00019070       ProcessMexSfunctionEveryCall 000000018001a070 f   plant_block_swing_catch_working_v0_sfun_registry.obj
 0001:000191e0       plant_block_swing_catch_working_v0_initializer 000000018001a1e0 f   plant_block_swing_catch_working_v0_sfun.obj
 0001:000191f0       plant_block_swing_catch_working_v0_terminator 000000018001a1f0 f   plant_block_swing_catch_working_v0_sfun.obj
 0001:00019200       sf_plant_block_swing_catch_working_v0_method_dispatcher 000000018001a200 f   plant_block_swing_catch_working_v0_sfun.obj
 0001:00019290       sf_plant_block_swing_catch_working_v0_process_testpoint_info_call 000000018001a290 f   plant_block_swing_catch_working_v0_sfun.obj
 0001:00019440       sf_plant_block_swing_catch_working_v0_process_check_sum_call 000000018001a440 f   plant_block_swing_catch_working_v0_sfun.obj
 0001:00019880       sf_plant_block_swing_catch_working_v0_autoinheritance_info 000000018001a880 f   plant_block_swing_catch_working_v0_sfun.obj
 0001:00019a90       sf_plant_block_swing_catch_working_v0_get_eml_resolved_functions_info 000000018001aa90 f   plant_block_swing_catch_working_v0_sfun.obj
 0001:00019c40       sf_plant_block_swing_catch_working_v0_third_party_uses_info 000000018001ac40 f   plant_block_swing_catch_working_v0_sfun.obj
 0001:00019df0       plant_block_swing_catch_working_v0_debug_initialize 000000018001adf0 f   plant_block_swing_catch_working_v0_sfun.obj
 0001:00019e70       plant_block_swing_catch_working_v0_register_exported_symbols 000000018001ae70 f   plant_block_swing_catch_working_v0_sfun.obj
 0001:00019e80       load_plant_block_swing_catch_working_v0_optimization_info 000000018001ae80 f   plant_block_swing_catch_working_v0_sfun.obj
 0001:00019ed0       unload_plant_block_swing_catch_working_v0_optimization_info 000000018001aed0 f   plant_block_swing_catch_working_v0_sfun.obj
 0001:00019ff0       sf_mex_mx_is_numeric       000000018001aff0 f   sfc_mex:sfc_mex.obj
 0001:0001a030       strcmp_ignore_ws           000000018001b030 f   sfc_mex:sfc_mex.obj
 0001:0001a170       sf_mex_duplicatearraysafe  000000018001b170 f   sfc_mex:sfc_mex.obj
 0001:0001a2d0       sf_set_error_debugger_context_message_fcn 000000018001b2d0 f   sfc_mex:sfc_mex.obj
 0001:0001a2e0       sf_set_debugger_matlab_error_fcn 000000018001b2e0 f   sfc_mex:sfc_mex.obj
 0001:0001a320       sf_set_error_prefix_string 000000018001b320 f   sfc_mex:sfc_mex.obj
 0001:0001a350       sf_get_error_prefix_string 000000018001b350 f   sfc_mex:sfc_mex.obj
 0001:0001a360       sf_mex_enter_parallel_region 000000018001b360 f   sfc_mex:sfc_mex.obj
 0001:0001a370       sf_mex_exit_parallel_region 000000018001b370 f   sfc_mex:sfc_mex.obj
 0001:0001a380       sf_get_current_jmp_buf_ptr 000000018001b380 f   sfc_mex:sfc_mex.obj
 0001:0001a390       sf_set_current_jmp_buf_ptr 000000018001b390 f   sfc_mex:sfc_mex.obj
 0001:0001a3a0       sf_mex_set_halt_simulation 000000018001b3a0 f   sfc_mex:sfc_mex.obj
 0001:0001a3b0       sf_mex_get_halt_simulation 000000018001b3b0 f   sfc_mex:sfc_mex.obj
 0001:0001a3c0       sf_mex_clear_error_message 000000018001b3c0 f   sfc_mex:sfc_mex.obj
 0001:0001a3e0       sf_mex_get_error_message_for_read 000000018001b3e0 f   sfc_mex:sfc_mex.obj
 0001:0001a3f0       sf_mex_get_error_message_buffer_length 000000018001b3f0 f   sfc_mex:sfc_mex.obj
 0001:0001a4d0       sf_mex_warning_message     000000018001b4d0 f   sfc_mex:sfc_mex.obj
 0001:0001a540       sf_mex_v_errbuf_createf    000000018001b540 f   sfc_mex:sfc_mex.obj
 0001:0001a550       sf_mex_errbuf_createf      000000018001b550 f   sfc_mex:sfc_mex.obj
 0001:0001a580       sf_mex_v_errbuf_catf       000000018001b580 f   sfc_mex:sfc_mex.obj
 0001:0001a5c0       sf_mex_errbuf_catf         000000018001b5c0 f   sfc_mex:sfc_mex.obj
 0001:0001a610       sf_mex_errbuf_copy         000000018001b610 f   sfc_mex:sfc_mex.obj
 0001:0001a620       sf_mex_errbuf_clear        000000018001b620 f   sfc_mex:sfc_mex.obj
 0001:0001a630       sf_mex_errbuf_isempty      000000018001b630 f   sfc_mex:sfc_mex.obj
 0001:0001a730       sf_mex_set_error_status    000000018001b730 f   sfc_mex:sfc_mex.obj
 0001:0001a780       sf_mex_error_direct_call   000000018001b780 f   sfc_mex:sfc_mex.obj
 0001:0001a7a0       sf_mex_error_message_no_long_jump 000000018001b7a0 f   sfc_mex:sfc_mex.obj
 0001:0001a7c0       sf_mex_long_jump_on_error  000000018001b7c0 f   sfc_mex:sfc_mex.obj
 0001:0001a7f0       sf_mex_call_matlab         000000018001b7f0 f   sfc_mex:sfc_mex.obj
 0001:0001a910       sf_mex_check_builtin       000000018001b910 f   sfc_mex:sfc_mex.obj
 0001:0001a9b0       sf_mex_check_builtin_vs    000000018001b9b0 f   sfc_mex:sfc_mex.obj
 0001:0001aa70       sf_mex_check_enum          000000018001ba70 f   sfc_mex:sfc_mex.obj
 0001:0001aaf0       sf_mex_create_enum         000000018001baf0 f   sfc_mex:sfc_mex.obj
 0001:0001ab60       sf_mex_get_enum_element    000000018001bb60 f   sfc_mex:sfc_mex.obj
 0001:0001ab70       sf_mex_createcellarray     000000018001bb70 f   sfc_mex:sfc_mex.obj
 0001:0001ab80       sf_mex_setcell             000000018001bb80 f   sfc_mex:sfc_mex.obj
 0001:0001ab90       sf_mex_getcell             000000018001bb90 f   sfc_mex:sfc_mex.obj
 0001:0001aba0       sf_mex_dup                 000000018001bba0 f   sfc_mex:sfc_mex.obj
 0001:0001abc0       sf_mex_assign              000000018001bbc0 f   sfc_mex:sfc_mex.obj
 0001:0001ac40       sf_mex_destroy             000000018001bc40 f   sfc_mex:sfc_mex.obj
 0001:0001ac70       mx_array_has_fi_type       000000018001bc70 f   sfc_mex:sfc_mex.obj
 0001:0001aca0       sf_mex_convert_from_fi     000000018001bca0 f   sfc_mex:sfc_mex.obj
 0001:0001add0       sf_mex_convert_to_double   000000018001bdd0 f   sfc_mex:sfc_mex.obj
 0001:0001aef0       sf_mex_import_fi_vs        000000018001bef0 f   sfc_mex:sfc_mex.obj
 0001:0001b120       sf_matrix_matrix_index_ok  000000018001c120 f   sfc_mex:sfc_mex.obj
 0001:0001b1b0       sf_vector_vector_index_ok  000000018001c1b0 f   sfc_mex:sfc_mex.obj
 0001:0001b1e0       ssGetCurrentInputPortDimensions_wrapper 000000018001c1e0 f   sfc_mex:sfc_mex.obj
 0001:0001b200       ssGetCurrentOutputPortDimensions_wrapper 000000018001c200 f   sfc_mex:sfc_mex.obj
 0001:0001b220       sf_mex_emlrt_context_is_debug_mode 000000018001c220 f   sfc_mex:sfc_mex.obj
 0001:0001b230       sf_mex_emlrt_context_set_debug_mode 000000018001c230 f   sfc_mex:sfc_mex.obj
 0001:0001b240       sf_mex_emlrtNameCapturePostProcessR2012a 000000018001c240 f   sfc_mex:sfc_mex.obj
 0001:0001b2b0       sf_clear_error_manager_info 000000018001c2b0 f   sfc_mex:sfc_mex.obj
 0001:0001b310       sf_mex_stop_simulation_abruptly_wo_error 000000018001c310 f   sfc_mex:sfc_mex.obj
 0001:0001b350       sf_mex_error_message       000000018001c350 f   sfc_mex:sfc_mex.obj
 0001:0001b3c0       sf_react_to_error_in_matlab_call 000000018001c3c0 f   sfc_mex:sfc_mex.obj
 0001:0001b3f0       sf_mex_addfield            000000018001c3f0 f   sfc_mex:sfc_mex.obj
 0001:0001b490       sf_mex_getfield            000000018001c490 f   sfc_mex:sfc_mex.obj
 0001:0001b790       sf_mex_check_class         000000018001c790 f   sfc_mex:sfc_mex.obj
 0001:0001b830       sf_mex_is_real             000000018001c830 f   sfc_mex:sfc_mex.obj
 0001:0001bca0       sf_mex_decode_encoded_mx_struct_array 000000018001cca0 f   sfc_mex:sfc_mex.obj
 0001:0001bf90       sf_mex_lw_bounds_check     000000018001cf90 f   sfc_mex:sfc_mex.obj
 0001:0001bfc0       sf_mex_lw_size_eq_check_1d 000000018001cfc0 f   sfc_mex:sfc_mex.obj
 0001:0001bfe0       sf_mex_lw_size_eq_check_nd 000000018001cfe0 f   sfc_mex:sfc_mex.obj
 0001:0001c1c0       sf_mex_lw_dim_size_eq_check 000000018001d1c0 f   sfc_mex:sfc_mex.obj
 0001:0001c1f0       sf_mex_lw_dim_size_geq_check 000000018001d1f0 f   sfc_mex:sfc_mex.obj
 0001:0001c220       sf_mex_lw_sub_assign_size_check_nd 000000018001d220 f   sfc_mex:sfc_mex.obj
 0001:0001c3f0       sf_mex_lw_runtime_error_msgid 000000018001d3f0 f   sfc_mex:sfc_mex.obj
 0001:0001c4e0       sf_mex_lw_matrix_matrix_index_check 000000018001d4e0 f   sfc_mex:sfc_mex.obj
 0001:0001c500       sf_mex_lw_vector_vector_index_check 000000018001d500 f   sfc_mex:sfc_mex.obj
 0001:0001c540       sf_mex_lw_for_loop_vector_check 000000018001d540 f   sfc_mex:sfc_mex.obj
 0001:0001c5d0       sf_mex_lw_non_negative_check 000000018001d5d0 f   sfc_mex:sfc_mex.obj
 0001:0001c610       sf_mex_overflow_error      000000018001d610 f   sfc_mex:sfc_mex.obj
 0001:0001c620       sf_mex_dividebyzero_error  000000018001d620 f   sfc_mex:sfc_mex.obj
 0001:0001c630       sf_mex_unsafe_enum_error   000000018001d630 f   sfc_mex:sfc_mex.obj
 0001:0001c640       sf_emlrtErrHandler         000000018001d640 f   sfc_mex:sfc_mex.obj
 0001:0001c720       sf_mex_size_one_check      000000018001d720 f   sfc_mex:sfc_mex.obj
 0001:0001c740       sf_mex_printf              000000018001d740 f   sfc_mex:sfc_mex.obj
 0001:0001c910       sf_mex_check_size          000000018001d910 f   sfc_mex:sfc_mex.obj
 0001:0001cbb0       sf_mex_check_struct        000000018001dbb0 f   sfc_mex:sfc_mex.obj
 0001:0001ce10       sf_mex_check_struct_vs     000000018001de10 f   sfc_mex:sfc_mex.obj
 0001:0001cea0       sf_mex_check_fi            000000018001dea0 f   sfc_mex:sfc_mex.obj
 0001:0001cfa0       sf_mex_check_fi_vs         000000018001dfa0 f   sfc_mex:sfc_mex.obj
 0001:0001d040       sf_echo_expression         000000018001e040 f   sfc_mex:sfc_mex.obj
 0001:0001d0a0       sf_assertion_failed        000000018001e0a0 f   sfc_mex:sfc_mex.obj
 0001:0001d380       sf_mex_evalin              000000018001e380 f   sfc_mex:sfc_mex.obj
 0001:0001d5f0       sf_mex_export              000000018001e5f0 f   sfc_mex:sfc_mex.obj
 0001:0001d6b0       sf_mex_get_ml_var_no_error 000000018001e6b0 f   sfc_mex:sfc_mex.obj
 0001:0001d850       sf_mex_get_ml_var          000000018001e850 f   sfc_mex:sfc_mex.obj
 0001:0001dce0       ml_set_element_value_in_array 000000018001ece0 f   sfc_mex:sfc_mex.obj
 0001:0001eda0       sf_mex_call_impl           000000018001fda0 f   sfc_mex:sfc_mex.obj
 0001:0001f1c0       sf_mex_call_debug          00000001800201c0 f   sfc_mex:sfc_mex.obj
 0001:0001f1f0       sf_mex_call                00000001800201f0 f   sfc_mex:sfc_mex.obj
 0001:0001f840       sf_mex_createstruct        0000000180020840 f   sfc_mex:sfc_mex.obj
 0001:0001f950       sf_mex_createstructarray   0000000180020950 f   sfc_mex:sfc_mex.obj
 0001:0001f9d0       sf_mex_get_mx_datatype_from_sf_datatype 00000001800209d0 f   sfc_mex:sfc_mex.obj
 0001:0001fce0       sf_mex_ml_var_sub          0000000180020ce0 f   sfc_mex:sfc_mex.obj
 0001:0001fec0       sf_mex_ml_var_subsasgn     0000000180020ec0 f   sfc_mex:sfc_mex.obj
 0001:000202c0       sf_mex_sub                 00000001800212c0 f   sfc_mex:sfc_mex.obj
 0001:000204d0       sf_mex_subsasgn            00000001800214d0 f   sfc_mex:sfc_mex.obj
 0001:000209e0       sf_mex_create              00000001800219e0 f   sfc_mex:sfc_mex.obj
 0001:00021380       sf_mex_import_named        0000000180022380 f   sfc_mex:sfc_mex.obj
 0001:000213e0       sf_mex_import              00000001800223e0 f   sfc_mex:sfc_mex.obj
 0001:00021430       sf_mex_import_vs           0000000180022430 f   sfc_mex:sfc_mex.obj
 0001:00021540       sf_mex_lower_fixpt_mx_array 0000000180022540 f   sfc_mex:sfc_mex.obj
 0001:00021840       sf_send_message_wrapper    0000000180022840 f   sfc_mex:sfc_sf.obj
 0001:00021870       sf_receive_message_wrapper 0000000180022870 f   sfc_mex:sfc_sf.obj
 0001:000218b0       sf_check_out_message_wrapper 00000001800228b0 f   sfc_mex:sfc_sf.obj
 0001:000218f0       sf_check_in_message_wrapper 00000001800228f0 f   sfc_mex:sfc_sf.obj
 0001:00021930       sf_no_message_wrapper      0000000180022930 f   sfc_mex:sfc_sf.obj
 0001:00021cc0       sim_mode_is_rtw_gen        0000000180022cc0 f   sfc_mex:sfc_sf.obj
 0001:00021cf0       sim_mode_is_external       0000000180022cf0 f   sfc_mex:sfc_sf.obj
 0001:00021d00       sim_mode_is_modelref_sim   0000000180022d00 f   sfc_mex:sfc_sf.obj
 0001:00021d20       mdlInitializeSizes         0000000180022d20 f   sfc_mex:sfc_sf.obj
 0001:00021d40       mdlInitializeSampleTimes   0000000180022d40 f   sfc_mex:sfc_sf.obj
 0001:00021d80       mdlZeroCrossings           0000000180022d80 f   sfc_mex:sfc_sf.obj
 0001:00021e70       mdlDerivatives             0000000180022e70 f   sfc_mex:sfc_sf.obj
 0001:00021f30       mdl_initialize_conditions_processing 0000000180022f30 f   sfc_mex:sfc_sf.obj
 0001:00021f60       mdlInitializeConditions    0000000180022f60 f   sfc_mex:sfc_sf.obj
 0001:00022020       mdlGetSimState             0000000180023020 f   sfc_mex:sfc_sf.obj
 0001:00022030       mdlSetSimState             0000000180023030 f   sfc_mex:sfc_sf.obj
 0001:00022040       mdl_ext_mode_exec_processing 0000000180023040 f   sfc_mex:sfc_sf.obj
 0001:00022060       mdlExtModeExec             0000000180023060 f   sfc_mex:sfc_sf.obj
 0001:00022200       mdlTerminate               0000000180023200 f   sfc_mex:sfc_sf.obj
 0001:00022270       mdlRTW                     0000000180023270 f   sfc_mex:sfc_sf.obj
 0001:000222a0       mdlSetWorkWidths           00000001800232a0 f   sfc_mex:sfc_sf.obj
 0001:000222b0       mdlProcessParameters       00000001800232b0 f   sfc_mex:sfc_sf.obj
 0001:000222c0       mdl_start_processing       00000001800232c0 f   sfc_mex:sfc_sf.obj
 0001:00022320       mdlStart                   0000000180023320 f   sfc_mex:sfc_sf.obj
 0001:00022430       mdlEnable                  0000000180023430 f   sfc_mex:sfc_sf.obj
 0001:00022510       mdlDisable                 0000000180023510 f   sfc_mex:sfc_sf.obj
 0001:000225d0       sf_get_chart_instance_ptr  00000001800235d0 f   sfc_mex:sfc_sf.obj
 0001:000225f0       sf_load_rtw_optimization_info 00000001800235f0 f   sfc_mex:sfc_sf.obj
 0001:000226c0       sf_update_buildInfo        00000001800236c0 f   sfc_mex:sfc_sf.obj
 0001:000227c0       sf_rtw_info_uint_prop      00000001800237c0 f   sfc_mex:sfc_sf.obj
 0001:00022900       sf_is_chart_inlinable      0000000180023900 f   sfc_mex:sfc_sf.obj
 0001:00022920       sf_mark_output_events_with_multiple_callers 0000000180023920 f   sfc_mex:sfc_sf.obj
 0001:00022ab0       sf_mark_chart_reusable_outputs 0000000180023ab0 f   sfc_mex:sfc_sf.obj
 0001:00022d10       sf_mark_chart_expressionable_inputs 0000000180023d10 f   sfc_mex:sfc_sf.obj
 0001:00022f70       sf_get_subchart_simstruct  0000000180023f70 f   sfc_mex:sfc_sf.obj
 0001:00022fc0       sf_get_fixpt_data_type_id  0000000180023fc0 f   sfc_mex:sfc_sf.obj
 0001:00023000       sf_get_enum_data_type_id   0000000180024000 f   sfc_mex:sfc_sf.obj
 0001:00023040       sf_get_param_data_type_id  0000000180024040 f   sfc_mex:sfc_sf.obj
 0001:00023070       sf_mex_listen_for_ctrl_c_force 0000000180024070 f   sfc_mex:sfc_sf.obj
 0001:00023180       sf_mex_draw_now            0000000180024180 f   sfc_mex:sfc_sf.obj
 0001:000231c0       sf_mex_set_debugger_sim_status_listener_fcn 00000001800241c0 f   sfc_mex:sfc_sf.obj
 0001:000231d0       sf_mex_listen_for_ctrl_c   00000001800241d0 f   sfc_mex:sfc_sf.obj
 0001:00023270       sf_mex_get_sfun_param      0000000180024270 f   sfc_mex:sfc_sf.obj
 0001:000232c0       sf_get_runtime_param_data  00000001800242c0 f   sfc_mex:sfc_sf.obj
 0001:00023300       sf_call_output_fcn_call    0000000180024300 f   sfc_mex:sfc_sf.obj
 0001:00023440       sf_call_output_fcn_enable  0000000180024440 f   sfc_mex:sfc_sf.obj
 0001:000234d0       sf_call_output_fcn_disable 00000001800244d0 f   sfc_mex:sfc_sf.obj
 0001:00023560       sf_clear_rtw_identifier    0000000180024560 f   sfc_mex:sfc_sf.obj
 0001:00023d80       sf_set_encoded_dwork_info  0000000180024d80 f   sfc_mex:sfc_sf.obj
 0001:00023dd0       sf_get_dwork_info_from_mat_file 0000000180024dd0 f   sfc_mex:sfc_sf.obj
 0001:00023f90       sf_set_rtw_dwork_info      0000000180024f90 f   sfc_mex:sfc_sf.obj
 0001:00024100       mdlOutputs                 0000000180025100 f   sfc_mex:sfc_sf.obj
 0001:00024220       sf_debug_chart_instance_initialized_quick 0000000180025220 f   sfc_debug:sfcdebug.obj
 0001:000242a0       sf_debug_disp              00000001800252a0 f   sfc_debug:sfcdebug.obj
 0001:00024570       sf_debug_data_runtime_size_mismatch_error_check 0000000180025570 f   sfc_debug:sfcdebug.obj
 0001:00024620       sf_debug_try_loading_machine 0000000180025620 f   sfc_debug:sfcdebug.obj
 0001:00024720       sf_debug_reset_current_state_configuration 0000000180025720 f   sfc_debug:sfcdebug.obj
 0001:000247a0       sf_debug_store_current_state_configuration 00000001800257a0 f   sfc_debug:sfcdebug.obj
 0001:00024820       sf_debug_restore_previous_state_configuration 0000000180025820 f   sfc_debug:sfcdebug.obj
 0001:000248a0       sf_debug_restore_previous_state_configuration2 00000001800258a0 f   sfc_debug:sfcdebug.obj
 0001:00024920       sf_debug_get_event_scope   0000000180025920 f   sfc_debug:sfcdebug.obj
 0001:00024a90       use_debugger_step_animation 0000000180025a90 f   sfc_debug:sfcdebug.obj
 0001:00024ab0       sf_debug_get_script_id     0000000180025ab0 f   sfc_debug:sfcdebug.obj
 0001:00024b40       sf_debug_set_script_translation 0000000180025b40 f   sfc_debug:sfcdebug.obj
 0001:00024cc0       sf_debug_extract_message_post_receive_info 0000000180025cc0 f   sfc_debug:sfcdebug.obj
 0001:00024e80       sf_debug_get_current_machine_id 0000000180025e80 f   sfc_debug:sfcdebug.obj
 0001:00024ea0       sf_debug_get_current_optional_integer 0000000180025ea0 f   sfc_debug:sfcdebug.obj
 0001:00024eb0       sf_debug_get_current_machine_number 0000000180025eb0 f   sfc_debug:sfcdebug.obj
 0001:00024ed0       sf_debug_get_current_machine_name 0000000180025ed0 f   sfc_debug:sfcdebug.obj
 0001:00024ef0       sf_debug_get_current_chart_id 0000000180025ef0 f   sfc_debug:sfcdebug.obj
 0001:00024f30       sf_debug_get_current_chart_number 0000000180025f30 f   sfc_debug:sfcdebug.obj
 0001:00024f40       sf_debug_get_current_instance_number 0000000180025f40 f   sfc_debug:sfcdebug.obj
 0001:00024f50       sf_debug_get_current_is_minor_time_step 0000000180025f50 f   sfc_debug:sfcdebug.obj
 0001:00024fd0       sf_debug_get_current_object_type 0000000180025fd0 f   sfc_debug:sfcdebug.obj
 0001:00024fe0       sf_debug_get_current_instance_handle 0000000180025fe0 f   sfc_debug:sfcdebug.obj
 0001:00025040       sf_debug_get_current_event_type 0000000180026040 f   sfc_debug:sfcdebug.obj
 0001:00025050       sf_debug_get_current_object_id 0000000180026050 f   sfc_debug:sfcdebug.obj
 0001:00025090       sf_debug_get_current_active_event_type 0000000180026090 f   sfc_debug:sfcdebug.obj
 0001:000250a0       sf_debug_get_current_active_event_id 00000001800260a0 f   sfc_debug:sfcdebug.obj
 0001:000250e0       sf_debug_get_current_tag_type 00000001800260e0 f   sfc_debug:sfcdebug.obj
 0001:000250f0       sf_debug_get_current_simulation_time 00000001800260f0 f   sfc_debug:sfcdebug.obj
 0001:00025100       sf_debug_get_current_coverage_percentage 0000000180026100 f   sfc_debug:sfcdebug.obj
 0001:00025110       sf_debug_current_statement_context 0000000180026110 f   sfc_debug:sfcdebug.obj
 0001:00025190       sf_debug_get_current_statement_info 0000000180026190 f   sfc_debug:sfcdebug.obj
 0001:00025330       sf_debug_terminate_instance 0000000180026330 f   sfc_debug:sfcdebug.obj
 0001:00025650       sf_debug_assertion_failed  0000000180026650 f   sfc_debug:sfcdebug.obj
 0001:00025820       sf_debug_create_debug_instance_struct 0000000180026820 f   sfc_debug:sfcdebug.obj
 0001:00025870       sf_debug_set_number_of_data_with_change_event_for_machine 0000000180026870 f   sfc_debug:sfcdebug.obj
 0001:000258c0       sf_debug_set_machine_event_thresholds 00000001800268c0 f   sfc_debug:sfcdebug.obj
 0001:000258e0       sf_debug_set_machine_event_scope 00000001800268e0 f   sfc_debug:sfcdebug.obj
 0001:00025930       sf_debug_set_machine_data_thresholds 0000000180026930 f   sfc_debug:sfcdebug.obj
 0001:00025980       sf_debug_set_machine_data_scope 0000000180026980 f   sfc_debug:sfcdebug.obj
 0001:00025a20       sf_debug_set_machine_data_name 0000000180026a20 f   sfc_debug:sfcdebug.obj
 0001:00025ad0       sf_debug_set_machine_data_size 0000000180026ad0 f   sfc_debug:sfcdebug.obj
 0001:00025c20       sf_debug_set_machine_data_type 0000000180026c20 f   sfc_debug:sfcdebug.obj
 0001:00025d90       sf_debug_get_chart_data_number 0000000180026d90 f   sfc_debug:sfcdebug.obj
 0001:00025db0       sf_debug_get_chart_event_number 0000000180026db0 f   sfc_debug:sfcdebug.obj
 0001:00025dd0       sf_debug_set_chart_state_info 0000000180026dd0 f   sfc_debug:sfcdebug.obj
 0001:00025e60       sf_debug_set_chart_decomposition 0000000180026e60 f   sfc_debug:sfcdebug.obj
 0001:00025ed0       sf_debug_set_chart_substate_count 0000000180026ed0 f   sfc_debug:sfcdebug.obj
 0001:00025fb0       sf_debug_set_chart_substate_index 0000000180026fb0 f   sfc_debug:sfcdebug.obj
 0001:00026030       sf_debug_set_chart_state_substate_count 0000000180027030 f   sfc_debug:sfcdebug.obj
 0001:00026150       sf_debug_set_chart_state_substate_index 0000000180027150 f   sfc_debug:sfcdebug.obj
 0001:000261e0       sf_debug_set_number_of_data_with_change_event_for_chart 00000001800271e0 f   sfc_debug:sfcdebug.obj
 0001:00026270       sf_debug_set_number_of_states_with_entry_event_for_chart 0000000180027270 f   sfc_debug:sfcdebug.obj
 0001:000262f0       sf_debug_set_number_of_states_with_exit_event_for_chart 00000001800272f0 f   sfc_debug:sfcdebug.obj
 0001:00026370       sf_debug_set_chart_disable_implicit_casting 0000000180027370 f   sfc_debug:sfcdebug.obj
 0001:000263e0       sf_debug_set_chart_event_thresholds 00000001800273e0 f   sfc_debug:sfcdebug.obj
 0001:00026460       sf_debug_set_chart_data_compiled_props 0000000180027460 f   sfc_debug:sfcdebug.obj
 0001:000267a0       sf_debug_set_chart_data_props 00000001800277a0 f   sfc_debug:sfcdebug.obj
 0001:00026ac0       sf_debug_check_fi_license  0000000180027ac0 f   sfc_debug:sfcdebug.obj
 0001:00026c80       sf_debug_symbol_scope_push 0000000180027c80 f   sfc_debug:sfcdebug.obj
 0001:00026cc0       sf_debug_symbol_scope_push_eml 0000000180027cc0 f   sfc_debug:sfcdebug.obj
 0001:00026d10       sf_debug_symbol_scope_pop  0000000180027d10 f   sfc_debug:sfcdebug.obj
 0001:00026d50       sf_debug_symbol_scope_add_importable 0000000180027d50 f   sfc_debug:sfcdebug.obj
 0001:00026dd0       sf_debug_symbol_scope_add  0000000180027dd0 f   sfc_debug:sfcdebug.obj
 0001:00026e50       sf_debug_symbol_scope_add_dyn_importable 0000000180027e50 f   sfc_debug:sfcdebug.obj
 0001:00026f10       sf_debug_symbol_scope_add_dyn 0000000180027f10 f   sfc_debug:sfcdebug.obj
 0001:00026f50       sf_debug_symbol_scope_add_eml_importable 0000000180027f50 f   sfc_debug:sfcdebug.obj
 0001:00026f90       sf_debug_symbol_scope_add_eml 0000000180027f90 f   sfc_debug:sfcdebug.obj
 0001:00026fd0       sf_debug_symbol_scope_add_eml_dyn_importable 0000000180027fd0 f   sfc_debug:sfcdebug.obj
 0001:00027030       sf_debug_symbol_scope_add_eml_dyn 0000000180028030 f   sfc_debug:sfcdebug.obj
 0001:00027090       sf_debug_symbol_switch     0000000180028090 f   sfc_debug:sfcdebug.obj
 0001:000270b0       sf_debug_symbol_scope_add_verbose 00000001800280b0 f   sfc_debug:sfcdebug.obj
 0001:00027180       sf_debug_set_machine_data_value_ptr 0000000180028180 f   sfc_debug:sfcdebug.obj
 0001:000271c0       sf_debug_set_instance_data_value_ptr 00000001800281c0 f   sfc_debug:sfcdebug.obj
 0001:00027290       sf_debug_unset_instance_data_value_ptr 0000000180028290 f   sfc_debug:sfcdebug.obj
 0001:00027340       sf_debug_set_chart_event_scope 0000000180028340 f   sfc_debug:sfcdebug.obj
 0001:000273c0       sf_debug_set_chart_transition_coverage_maps 00000001800283c0 f   sfc_debug:sfcdebug.obj
 0001:000274c0       sf_debug_set_chart_state_coverage_maps 00000001800284c0 f   sfc_debug:sfcdebug.obj
 0001:00027590       sf_debug_set_instance_transition_coverage_weights 0000000180028590 f   sfc_debug:sfcdebug.obj
 0001:00027620       sf_debug_set_instance_state_coverage_weights 0000000180028620 f   sfc_debug:sfcdebug.obj
 0001:00027870       sf_debug_unload_machine    0000000180028870 f   sfc_debug:sfcdebug.obj
 0001:000278c0       sf_debug_load_machine      00000001800288c0 f   sfc_debug:sfcdebug.obj
 0001:000279d0       sf_debug_set_active_instance_in_data_dictionary 00000001800289d0 f   sfc_debug:sfcdebug.obj
 0001:00027bb0       sf_debug_set_active_instance 0000000180028bb0 f   sfc_debug:sfcdebug.obj
 0001:00027d10       sf_debug_chart_visiblity_change 0000000180028d10 f   sfc_debug:sfcdebug.obj
 0001:00027e00       sf_debug_select_chart      0000000180028e00 f   sfc_debug:sfcdebug.obj
 0001:00027f60       sf_debug_set_instance_cv_ids 0000000180028f60 f   sfc_debug:sfcdebug.obj
 0001:00028290       sf_debug_select_charts     0000000180029290 f   sfc_debug:sfcdebug.obj
 0001:00028440       sf_debug_initialized       0000000180029440 f   sfc_debug:sfcdebug.obj
 0001:00028460       sf_debug_is_uninterruptible 0000000180029460 f   sfc_debug:sfcdebug.obj
 0001:00028490       sf_debug_initialize_debugger_gui 0000000180029490 f   sfc_debug:sfcdebug.obj
 0001:00028870       sf_debug_resume            0000000180029870 f   sfc_debug:sfcdebug.obj
 0001:00028890       sf_debug_go                0000000180029890 f   sfc_debug:sfcdebug.obj
 0001:000288a0       sf_debug_break             00000001800298a0 f   sfc_debug:sfcdebug.obj
 0001:000288b0       sf_debug_step_over         00000001800298b0 f   sfc_debug:sfcdebug.obj
 0001:000288c0       sf_debug_step_out          00000001800298c0 f   sfc_debug:sfcdebug.obj
 0001:000288d0       sf_debug_set_disable_all_breakpoints 00000001800298d0 f   sfc_debug:sfcdebug.obj
 0001:000288e0       sf_debug_disable_all_breakpoints_and_go 00000001800298e0 f   sfc_debug:sfcdebug.obj
 0001:000288f0       sf_debug_break_on_chart_entry 00000001800298f0 f   sfc_debug:sfcdebug.obj
 0001:00028900       sf_debug_break_on_event_broadcast 0000000180029900 f   sfc_debug:sfcdebug.obj
 0001:00028910       sf_debug_break_on_state_entry 0000000180029910 f   sfc_debug:sfcdebug.obj
 0001:00028920       sf_debug_break_between_times 0000000180029920 f   sfc_debug:sfcdebug.obj
 0001:00028940       sf_debug_browse_data       0000000180029940 f   sfc_debug:sfcdebug.obj
 0001:00028950       sf_debug_watch_data        0000000180029950 f   sfc_debug:sfcdebug.obj
 0001:00028980       sf_debug_assign_data       0000000180029980 f   sfc_debug:sfcdebug.obj
 0001:00028990       sf_debug_whos              0000000180029990 f   sfc_debug:sfcdebug.obj
 0001:000289b0       sf_debug_get_consistency_info 00000001800299b0 f   sfc_debug:sfcdebug.obj
 0001:000289c0       sf_debug_browse_trace      00000001800299c0 f   sfc_debug:sfcdebug.obj
 0001:000289d0       sf_debug_set_breakpoints   00000001800299d0 f   sfc_debug:sfcdebug.obj
 0001:00028b40       sf_debug_set_eml_breakpoints 0000000180029b40 f   sfc_debug:sfcdebug.obj
 0001:00028ca0       sf_debug_set_script_breakpoints 0000000180029ca0 f   sfc_debug:sfcdebug.obj
 0001:00028d20       sf_debug_add_script_breakpoints 0000000180029d20 f   sfc_debug:sfcdebug.obj
 0001:00028d90       sf_debug_clear_script_breakpoints 0000000180029d90 f   sfc_debug:sfcdebug.obj
 0001:00028e00       sf_debug_query_script_breakpoints 0000000180029e00 f   sfc_debug:sfcdebug.obj
 0001:00028eb0       sf_debug_get_eml_script_id 0000000180029eb0 f   sfc_debug:sfcdebug.obj
 0001:00028f00       sf_debug_set_watch         0000000180029f00 f   sfc_debug:sfcdebug.obj
 0001:00029120       sf_debug_get_instance_handle 000000018002a120 f   sfc_debug:sfcdebug.obj
 0001:000291b0       sf_debug_get_active_states 000000018002a1b0 f   sfc_debug:sfcdebug.obj
 0001:000291c0       sf_debug_set_honor_breakpoints 000000018002a1c0 f   sfc_debug:sfcdebug.obj
 0001:000291d0       sf_debug_get_animation     000000018002a1d0 f   sfc_debug:sfcdebug.obj
 0001:000291e0       sf_debug_set_animation     000000018002a1e0 f   sfc_debug:sfcdebug.obj
 0001:000291f0       sf_debug_animate           000000018002a1f0 f   sfc_debug:sfcdebug.obj
 0001:00029210       sf_debug_cycle_detection_check 000000018002a210 f   sfc_debug:sfcdebug.obj
 0001:00029220       sf_debug_data_range_check  000000018002a220 f   sfc_debug:sfcdebug.obj
 0001:00029230       sf_debug_transition_conflict_check 000000018002a230 f   sfc_debug:sfcdebug.obj
 0001:00029240       sf_debug_state_consistency_check 000000018002a240 f   sfc_debug:sfcdebug.obj
 0001:00029250       sf_debug_data_range_check_enabled 000000018002a250 f   sfc_debug:sfcdebug.obj
 0001:00029270       sf_debug_transition_conflict_check_enabled 000000018002a270 f   sfc_debug:sfcdebug.obj
 0001:00029290       sf_debug_transition_conflict_check_begin 000000018002a290 f   sfc_debug:sfcdebug.obj
 0001:000292b0       sf_debug_transition_conflict_check_end 000000018002a2b0 f   sfc_debug:sfcdebug.obj
 0001:000292d0       sf_debug_stop_debugging    000000018002a2d0 f   sfc_debug:sfcdebug.obj
 0001:00029300       sf_debug_is_cycle_detected 000000018002a300 f   sfc_debug:sfcdebug.obj
 0001:00029310       sf_debug_is_array_bounds_detected 000000018002a310 f   sfc_debug:sfcdebug.obj
 0001:00029320       sf_debug_get_state_vectors_data_size 000000018002a320 f   sfc_debug:sfcdebug.obj
 0001:00029360       sf_debug_get_state_vectors_data 000000018002a360 f   sfc_debug:sfcdebug.obj
 0001:00029470       sf_debug_set_state_vectors_data 000000018002a470 f   sfc_debug:sfcdebug.obj
 0001:00029700       sf_debug_get_script_index  000000018002a700 f   sfc_debug:sfcdebug.obj
 0001:00029890       sf_debug_add_script        000000018002a890 f   sfc_debug:sfcdebug.obj
 0001:00029a20       cv_eval_point              000000018002aa20 f   sfc_debug:sfcdebug.obj
 0001:00029b90       cv_eval_testobjective      000000018002ab90 f   sfc_debug:sfcdebug.obj
 0001:00029ca0       sf_debug_cv_init_state     000000018002aca0 f   sfc_debug:sfcdebug.obj
 0001:00029dd0       sf_debug_cv_init_chart     000000018002add0 f   sfc_debug:sfcdebug.obj
 0001:00029ec0       sf_debug_cv_init_trans     000000018002aec0 f   sfc_debug:sfcdebug.obj
 0001:00029fd0       sf_debug_cv_init_saturation 000000018002afd0 f   sfc_debug:sfcdebug.obj
 0001:0002a0d0       sf_debug_cv_init_testobjectives 000000018002b0d0 f   sfc_debug:sfcdebug.obj
 0001:0002a2b0       cv_eml_init_script         000000018002b2b0 f   sfc_debug:sfcdebug.obj
 0001:0002a3d0       cv_eml_init_fcn            000000018002b3d0 f   sfc_debug:sfcdebug.obj
 0001:0002a4e0       cv_eml_init_testobjective  000000018002b4e0 f   sfc_debug:sfcdebug.obj
 0001:0002a5c0       cv_eml_init_saturation     000000018002b5c0 f   sfc_debug:sfcdebug.obj
 0001:0002a690       cv_eml_init_if             000000018002b690 f   sfc_debug:sfcdebug.obj
 0001:0002a770       cv_eml_init_for            000000018002b770 f   sfc_debug:sfcdebug.obj
 0001:0002a840       cv_eml_init_while          000000018002b840 f   sfc_debug:sfcdebug.obj
 0001:0002a910       cv_eml_init_mcdc           000000018002b910 f   sfc_debug:sfcdebug.obj
 0001:0002aa30       cv_eml_init_switch         000000018002ba30 f   sfc_debug:sfcdebug.obj
 0001:0002ab30       cv_eml_eval                000000018002bb30 f   sfc_debug:sfcdebug.obj
 0001:0002ac20       sf_debug_bm_is_a_eml_breakpoint 000000018002bc20 f   sfc_debug:sfcdebug.obj
 0001:0002ad70       sf_debug_temporal_threshold 000000018002bd70 f   sfc_debug:sfcdebug.obj
 0001:0002b0e0       sf_debug_transition_conflict_error 000000018002c0e0 f   sfc_debug:sfcdebug.obj
 0001:0002b440       sf_debug_state_inconsistency_error 000000018002c440 f   sfc_debug:sfcdebug.obj
 0001:0002b560       sf_debug_check_for_state_inconsistency 000000018002c560 f   sfc_debug:sfcdebug.obj
 0001:0002b5a0       sf_debug_cycle_detecton_error 000000018002c5a0 f   sfc_debug:sfcdebug.obj
 0001:0002bcf0       sf_debug_size_eq_check_1d  000000018002ccf0 f   sfc_debug:sfcdebug.obj
 0001:0002bd10       sf_debug_size_eq_check_nd  000000018002cd10 f   sfc_debug:sfcdebug.obj
 0001:0002bf10       sf_debug_dim_size_eq_check 000000018002cf10 f   sfc_debug:sfcdebug.obj
 0001:0002bf40       sf_debug_dim_size_geq_check 000000018002cf40 f   sfc_debug:sfcdebug.obj
 0001:0002bf70       sf_debug_sub_assign_size_check_nd 000000018002cf70 f   sfc_debug:sfcdebug.obj
 0001:0002c150       sf_debug_matrix_matrix_index_check 000000018002d150 f   sfc_debug:sfcdebug.obj
 0001:0002c1a0       sf_debug_vector_vector_index_check 000000018002d1a0 f   sfc_debug:sfcdebug.obj
 0001:0002c1f0       sf_debug_for_loop_vector_check 000000018002d1f0 f   sfc_debug:sfcdebug.obj
 0001:0002c290       sf_debug_runtime_error_msgid 000000018002d290 f   sfc_debug:sfcdebug.obj
 0001:0002c330       sf_debug_data_array_bounds_error_check 000000018002d330 f   sfc_debug:sfcdebug.obj
 0001:0002c440       sf_debug_eml_data_array_bounds_error_check 000000018002d440 f   sfc_debug:sfcdebug.obj
 0001:0002c900       sf_debug_integer_check     000000018002d900 f   sfc_debug:sfcdebug.obj
 0001:0002c9f0       sf_debug_not_nan_check     000000018002d9f0 f   sfc_debug:sfcdebug.obj
 0001:0002cac0       sf_debug_non_negative_check 000000018002dac0 f   sfc_debug:sfcdebug.obj
 0001:0002cb90       sf_debug_overflow_detection 000000018002db90 f   sfc_debug:sfcdebug.obj
 0001:0002d1f0       sf_debug_cast_to_real32_T  000000018002e1f0 f   sfc_debug:sfcdebug.obj
 0001:0002d2c0       sf_debug_cast_to_int8_T    000000018002e2c0 f   sfc_debug:sfcdebug.obj
 0001:0002d390       sf_debug_cast_to_uint8_T   000000018002e390 f   sfc_debug:sfcdebug.obj
 0001:0002d460       sf_debug_cast_to_int16_T   000000018002e460 f   sfc_debug:sfcdebug.obj
 0001:0002d530       sf_debug_cast_to_uint16_T  000000018002e530 f   sfc_debug:sfcdebug.obj
 0001:0002d600       sf_debug_cast_to_int32_T   000000018002e600 f   sfc_debug:sfcdebug.obj
 0001:0002d6d0       sf_debug_cast_to_uint32_T  000000018002e6d0 f   sfc_debug:sfcdebug.obj
 0001:0002d7a0       sf_debug_data_range_error  000000018002e7a0 f   sfc_debug:sfcdebug.obj
 0001:0002dab0       sf_debug_read_before_write_check 000000018002eab0 f   sfc_debug:sfcdebug.obj
 0001:0002dee0       sf_debug_data_range_error_wrapper_min_max 000000018002eee0 f   sfc_debug:sfcdebug.obj
 0001:0002e000       sf_debug_data_range_error_wrapper_min 000000018002f000 f   sfc_debug:sfcdebug.obj
 0001:0002e110       sf_debug_data_range_error_wrapper_max 000000018002f110 f   sfc_debug:sfcdebug.obj
 0001:0002e220       sf_debug_data_range_wrapper 000000018002f220 f   sfc_debug:sfcdebug.obj
 0001:0002e2e0       sf_debug_set_current_status_info 000000018002f2e0 f   sfc_debug:sfcdebug.obj
 0001:0002e680       sf_debug_register_message_post_receive_info 000000018002f680 f   sfc_debug:sfcdebug.obj
 0001:0002e8d0       sf_debug_call              000000018002f8d0 f   sfc_debug:sfcdebug.obj
 0001:0002f230       sf_debug_initialize_machine 0000000180030230 f   sfc_debug:sfcdebug.obj
 0001:0002f4e0       sf_debug_initialize_chart  00000001800304e0 f   sfc_debug:sfcdebug.obj
 0001:0002f930       sf_debug_ensure_script     0000000180030930 f   sfc_debug:sfcdebug.obj
 0001:0002f9e0       cv_eval_saturation         00000001800309e0 f   sfc_debug:sfcdebug.obj
 0001:0002fb60       cv_saturation_accum        0000000180030b60 f   sfc_debug:sfcdebug.obj
 0001:0002fca0       cv_script_init_script      0000000180030ca0 f   sfc_debug:sfcdebug.obj
 0001:0002fd90       cv_script_init_fcn         0000000180030d90 f   sfc_debug:sfcdebug.obj
 0001:0002fe50       cv_script_init_testobjective 0000000180030e50 f   sfc_debug:sfcdebug.obj
 0001:0002ff10       cv_script_init_saturation  0000000180030f10 f   sfc_debug:sfcdebug.obj
 0001:0002ffc0       cv_script_init_if          0000000180030fc0 f   sfc_debug:sfcdebug.obj
 0001:00030080       cv_script_init_for         0000000180031080 f   sfc_debug:sfcdebug.obj
 0001:00030130       cv_script_init_while       0000000180031130 f   sfc_debug:sfcdebug.obj
 0001:000301e0       cv_script_init_mcdc        00000001800311e0 f   sfc_debug:sfcdebug.obj
 0001:000302e0       cv_script_init_switch      00000001800312e0 f   sfc_debug:sfcdebug.obj
 0001:000303c0       cv_script_eval             00000001800313c0 f   sfc_debug:sfcdebug.obj
 0001:00030490       eml_debug_line_call        0000000180031490 f   sfc_debug:sfcdebug.obj
 0001:00030660       sf_debug_terminate         0000000180031660 f   sfc_debug:sfcdebug.obj
 0001:00030870       sf_debug_set_script_cv_ids 0000000180031870 f   sfc_debug:sfcdebug.obj
 0001:000309a0       sf_debug_api               00000001800319a0 f   sfc_debug:sfc_api.obj
 0001:00032290       sf_debug_sm_terminate      0000000180033290 f   sfc_debug:sfdb_animation.obj
 0001:00032440       sf_debug_reset_path_objects 0000000180033440 f   sfc_debug:sfdb_animation.obj
 0001:000324c0       sf_debug_sm_reset_object_selection_status 00000001800334c0 f   sfc_debug:sfdb_animation.obj
 0001:00032560       sf_debug_sm_reset_state_buffer 0000000180033560 f   sfc_debug:sfdb_animation.obj
 0001:00032630       sf_debug_sm_store_state_buffer 0000000180033630 f   sfc_debug:sfdb_animation.obj
 0001:000326b0       sf_debug_sm_restore_state_buffer1 00000001800336b0 f   sfc_debug:sfdb_animation.obj
 0001:00032720       sf_debug_sm_restore_state_buffer2 0000000180033720 f   sfc_debug:sfdb_animation.obj
 0001:00032790       sf_debug_sm_chart_active   0000000180033790 f   sfc_debug:sfdb_animation.obj
 0001:000327e0       sf_debug_sm_select_active_objects 00000001800337e0 f   sfc_debug:sfdb_animation.obj
 0001:00032cb0       sf_debug_sm_is_chart_active 0000000180033cb0 f   sfc_debug:sfdb_animation.obj
 0001:00032cf0       sf_debug_sm_is_state_active 0000000180033cf0 f   sfc_debug:sfdb_animation.obj
 0001:00032f30       sf_debug_sm_get_active_states 0000000180033f30 f   sfc_debug:sfdb_animation.obj
 0001:000334e0       sf_debug_sm_initialize_instance 00000001800344e0 f   sfc_debug:sfdb_animation.obj
 0001:000336f0       sf_debug_sm_change_object_selection_status 00000001800346f0 f   sfc_debug:sfdb_animation.obj
 0001:000339c0       cv_create_interface        00000001800349c0 f   sfc_debug:cv_sfinterface.obj
 0001:00033cd0       cv_init_trans              0000000180034cd0 f   sfc_debug:cv_sfinterface.obj
 0001:00033d20       cv_init_saturation         0000000180034d20 f   sfc_debug:cv_sfinterface.obj
 0001:00033d60       cv_init_testobjective      0000000180034d60 f   sfc_debug:cv_sfinterface.obj
 0001:00033da0       cv_init_state              0000000180034da0 f   sfc_debug:cv_sfinterface.obj
 0001:00033e10       cv_init_chart              0000000180034e10 f   sfc_debug:cv_sfinterface.obj
 0001:00033e60       cv_dec_update_call         0000000180034e60 f   sfc_debug:cv_sfinterface.obj
 0001:00033ea0       cv_cond_update_call        0000000180034ea0 f   sfc_debug:cv_sfinterface.obj
 0001:00033ee0       cv_saturation_update_call  0000000180034ee0 f   sfc_debug:cv_sfinterface.obj
 0001:00033f20       cv_saturation_update_accum 0000000180034f20 f   sfc_debug:cv_sfinterface.obj
 0001:00033f60       cv_testobjective_update_call 0000000180034f60 f   sfc_debug:cv_sfinterface.obj
 0001:00033fa0       cv_sigrange_update         0000000180034fa0 f   sfc_debug:cv_sfinterface.obj
 0001:00033fe0       cvsf_eml_eval              0000000180034fe0 f   sfc_debug:cv_sfinterface.obj
 0001:000340c0       cvsf_eml_init_script       00000001800350c0 f   sfc_debug:cv_sfinterface.obj
 0001:00034150       cvsf_eml_init_fcn          0000000180035150 f   sfc_debug:cv_sfinterface.obj
 0001:000341b0       cvsf_eml_init_testobjective 00000001800351b0 f   sfc_debug:cv_sfinterface.obj
 0001:00034210       cvsf_eml_init_saturation   0000000180035210 f   sfc_debug:cv_sfinterface.obj
 0001:00034260       cvsf_eml_init_if           0000000180035260 f   sfc_debug:cv_sfinterface.obj
 0001:000342c0       cvsf_eml_init_for          00000001800352c0 f   sfc_debug:cv_sfinterface.obj
 0001:00034310       cvsf_eml_init_while        0000000180035310 f   sfc_debug:cv_sfinterface.obj
 0001:00034360       cvsf_eml_init_mcdc         0000000180035360 f   sfc_debug:cv_sfinterface.obj
 0001:000343f0       cvsf_eml_init_switch       00000001800353f0 f   sfc_debug:cv_sfinterface.obj
 0001:00034460       cvsf_script_eval           0000000180035460 f   sfc_debug:cv_sfinterface.obj
 0001:00034540       cvsf_script_init_script    0000000180035540 f   sfc_debug:cv_sfinterface.obj
 0001:000345d0       cvsf_script_init_fcn       00000001800355d0 f   sfc_debug:cv_sfinterface.obj
 0001:00034630       cvsf_script_init_testobjective 0000000180035630 f   sfc_debug:cv_sfinterface.obj
 0001:00034690       cvsf_script_init_saturation 0000000180035690 f   sfc_debug:cv_sfinterface.obj
 0001:000346e0       cvsf_script_init_if        00000001800356e0 f   sfc_debug:cv_sfinterface.obj
 0001:00034740       cvsf_script_init_for       0000000180035740 f   sfc_debug:cv_sfinterface.obj
 0001:00034790       cvsf_script_init_while     0000000180035790 f   sfc_debug:cv_sfinterface.obj
 0001:000347e0       cvsf_script_init_mcdc      00000001800357e0 f   sfc_debug:cv_sfinterface.obj
 0001:00034870       cvsf_script_init_switch    0000000180035870 f   sfc_debug:cv_sfinterface.obj
 0001:000348e0       cv_destroy_interface       00000001800358e0 f   sfc_debug:cv_sfinterface.obj
 0001:00034900       cv_create_instance_objects 0000000180035900 f   sfc_debug:cv_sfinterface.obj
 0001:00034d70       cv_is_enabled              0000000180035d70 f   sfc_debug:cv_sfinterface.obj
 0001:00034d80       sf_debug_cv_initialize_script 0000000180035d80 f   sfc_debug:cv_sfinterface.obj
 0001:00034f10       sf_debug_cv_initialize_instance 0000000180035f10 f   sfc_debug:cv_sfinterface.obj
 0001:000352a0       sf_debug_cv_terminate_chart 00000001800362a0 f   sfc_debug:cv_sfinterface.obj
 0001:000353c0       cv_call_trans_test         00000001800363c0 f   sfc_debug:cv_sfinterface.obj
 0001:000353d0       cv_call_sub_cond_test      00000001800363d0 f   sfc_debug:cv_sfinterface.obj
 0001:00035410       sf_debug_st_initialize_machine 0000000180036410 f   sfc_debug:sfdb_data_browse.obj
 0001:000354c0       sf_debug_st_initialize_instance 00000001800364c0 f   sfc_debug:sfdb_data_browse.obj
 0001:000356d0       sf_debug_st_terminate      00000001800366d0 f   sfc_debug:sfdb_data_browse.obj
 0001:00035a70       sf_debug_st_set_data_value_ptr_in_machine 0000000180036a70 f   sfc_debug:sfdb_data_browse.obj
 0001:00035b00       sf_debug_st_set_data_value_ptr_in_instance 0000000180036b00 f   sfc_debug:sfdb_data_browse.obj
 0001:00035be0       sf_debug_st_unset_data_value_ptr_in_machine 0000000180036be0 f   sfc_debug:sfdb_data_browse.obj
 0001:00035c50       sf_debug_st_unset_data_value_ptr_in_instance 0000000180036c50 f   sfc_debug:sfdb_data_browse.obj
 0001:00035f10       sf_debug_mx_value          0000000180036f10 f   sfc_debug:sfdb_data_browse.obj
 0001:00035f70       sf_debug_mx_packed_vector  0000000180036f70 f   sfc_debug:sfdb_data_browse.obj
 0001:00036050       sf_debug_mx_uint_vector    0000000180037050 f   sfc_debug:sfdb_data_browse.obj
 0001:00036100       sf_debug_st_get_double_value_from_void_ptr_vector 0000000180037100 f   sfc_debug:sfdb_data_browse.obj
 0001:00036be0       sf_debug_st_browse_data    0000000180037be0 f   sfc_debug:sfdb_data_browse.obj
 0001:00037420       sf_debug_hm_initialize_instance 0000000180038420 f   sfc_debug:sfdb_handle_management.obj
 0001:00037900       sf_debug_hm_get_object_id  0000000180038900 f   sfc_debug:sfdb_handle_management.obj
 0001:000384b0       sf_debug_hm_update_chart_visibility 00000001800394b0 f   sfc_debug:sfdb_handle_management.obj
 0001:000396a0       sf_debug_object_is_eml_function 000000018003a6a0 f   sfc_debug:sfdb_handle_management.obj
 0001:00039710       sf_debug_hm_initialize_ids_in_machine 000000018003a710 f   sfc_debug:sfdb_handle_management.obj
 0001:00039880       sf_debug_hm_initialize_ids_in_chart 000000018003a880 f   sfc_debug:sfdb_handle_management.obj
 0001:00039980       sf_debug_hm_initialize_chart 000000018003a980 f   sfc_debug:sfdb_handle_management.obj
 0001:0003a080       sf_debug_hm_terminate      000000018003b080 f   sfc_debug:sfdb_handle_management.obj
 0001:0003a0e0       sf_debug_hm_initialize_machine 000000018003b0e0 f   sfc_debug:sfdb_handle_management.obj
 0001:0003a800       sf_debug_ss_initialize     000000018003b800 f   sfc_debug:sfdb_symbol_scope.obj
 0001:0003a820       sf_debug_ss_terminate      000000018003b820 f   sfc_debug:sfdb_symbol_scope.obj
 0001:0003a8b0       sf_debug_ss_push_symbol_scope 000000018003b8b0 f   sfc_debug:sfdb_symbol_scope.obj
 0001:0003a9b0       sf_debug_ss_push_symbol_scope_eml 000000018003b9b0 f   sfc_debug:sfdb_symbol_scope.obj
 0001:0003aa10       sf_debug_ss_pop_symbol_scope 000000018003ba10 f   sfc_debug:sfdb_symbol_scope.obj
 0001:0003aac0       sf_debug_ss_add_symbol     000000018003bac0 f   sfc_debug:sfdb_symbol_scope.obj
 0001:0003ac30       sf_debug_ss_add_symbol_eml 000000018003bc30 f   sfc_debug:sfdb_symbol_scope.obj
 0001:0003bb30       sf_debug_ss_set_data_value 000000018003cb30 f   sfc_debug:sfdb_symbol_scope.obj
 0001:0003bf80       getInstanceNumber          000000018003cf80 f   sfc_debug:sfdb_symbol_scope.obj
 0001:0003c050       sf_debug_ss_watch_data     000000018003d050 f   sfc_debug:sfdb_symbol_scope.obj
 0001:0003c240       sf_debug_ss_assign_data    000000018003d240 f   sfc_debug:sfdb_symbol_scope.obj
 0001:0003cc50       get_data_entry_name        000000018003dc50 f   sfc_debug:sfdb_symbol_scope.obj
 0001:0003cca0       sf_debug_ss_whos           000000018003dca0 f   sfc_debug:sfdb_symbol_scope.obj
 0001:0003d2f0       sf_debug_cc_initialize_chart 000000018003e2f0 f   sfc_debug:sfdb_coverage.obj
 0001:0003dce0       sf_debug_cc_initialize_instance 000000018003ece0 f   sfc_debug:sfdb_coverage.obj
 0001:0003ea20       sf_debug_cc_terminate      000000018003fa20 f   sfc_debug:sfdb_coverage.obj
 0001:0003eb10       sf_debug_cc_set_transition_maps 000000018003fb10 f   sfc_debug:sfdb_coverage.obj
 0001:0003ec40       sf_debug_cc_set_state_maps 000000018003fc40 f   sfc_debug:sfdb_coverage.obj
 0001:0003ed20       sf_debug_cc_set_transition_weights 000000018003fd20 f   sfc_debug:sfdb_coverage.obj
 0001:0003efe0       sf_debug_cc_set_state_weights 000000018003ffe0 f   sfc_debug:sfdb_coverage.obj
 0001:0003f2b0       sf_debug_cc_mark_transition_guard 00000001800402b0 f   sfc_debug:sfdb_coverage.obj
 0001:0003f340       sf_debug_cc_mark_transition_trigger 0000000180040340 f   sfc_debug:sfdb_coverage.obj
 0001:0003f3d0       sf_debug_cc_mark_transition_decision 00000001800403d0 f   sfc_debug:sfdb_coverage.obj
 0001:0003f440       sf_debug_cc_mark_transition_condition_action 0000000180040440 f   sfc_debug:sfdb_coverage.obj
 0001:0003f490       sf_debug_cc_mark_transition_transition_action 0000000180040490 f   sfc_debug:sfdb_coverage.obj
 0001:0003f4e0       sf_debug_cc_mark_state_entry 00000001800404e0 f   sfc_debug:sfdb_coverage.obj
 0001:0003f530       sf_debug_cc_mark_state_during 0000000180040530 f   sfc_debug:sfdb_coverage.obj
 0001:0003f580       sf_debug_cc_mark_state_exit 0000000180040580 f   sfc_debug:sfdb_coverage.obj
 0001:0003f5d0       sf_debug_bm_clear_script_breakpoints 00000001800405d0 f   sfc_debug:sfdb_breakpoints.obj
 0001:0003f600       sf_debug_bm_set_script_breakpoint 0000000180040600 f   sfc_debug:sfdb_breakpoints.obj
 0001:0003f680       sf_debug_bm_clear_single_script_breakpoint 0000000180040680 f   sfc_debug:sfdb_breakpoints.obj
 0001:0003f700       sf_debug_bm_query_script_breakpoint 0000000180040700 f   sfc_debug:sfdb_breakpoints.obj
 0001:0003f750       sf_debug_bm_initialize_scripts 0000000180040750 f   sfc_debug:sfdb_breakpoints.obj
 0001:0003fde0       sf_debug_bm_terminate      0000000180040de0 f   sfc_debug:sfdb_breakpoints.obj
 0001:000400c0       sf_debug_bm_remove_all_breakpoints_in_machine 00000001800410c0 f   sfc_debug:sfdb_breakpoints.obj
 0001:00040120       sf_debug_bm_remove_all_breakpoints_in_chart 0000000180041120 f   sfc_debug:sfdb_breakpoints.obj
 0001:00040270       sf_debug_bm_initialize_global_breakpoints 0000000180041270 f   sfc_debug:sfdb_breakpoints.obj
 0001:000403f0       sf_debug_bm_set_breakpoint 00000001800413f0 f   sfc_debug:sfdb_breakpoints.obj
 0001:000409b0       sf_debug_bm_set_eml_breakpoint 00000001800419b0 f   sfc_debug:sfdb_breakpoints.obj
 0001:00040a40       sf_debug_bm_initialize_machine_breakpoint_map 0000000180041a40 f   sfc_debug:sfdb_breakpoints.obj
 0001:00040e60       sf_debug_bm_is_a_breakpoint 0000000180041e60 f   sfc_debug:sfdb_breakpoints.obj
 0001:00041380       sf_debug_bm_get_all_breakpoints_in_machine 0000000180042380 f   sfc_debug:sfdb_breakpoints.obj
 0001:00041680       sf_debug_bm_get_all_breakpoints_in_chart 0000000180042680 f   sfc_debug:sfdb_breakpoints.obj
 0001:00042210       sf_debug_bm_initialize_machine 0000000180043210 f   sfc_debug:sfdb_breakpoints.obj
 0001:000422e0       sf_debug_bm_initialize_chart 00000001800432e0 f   sfc_debug:sfdb_breakpoints.obj
 0001:000426d0       sf_debug_sc_terminate      00000001800436d0 f   sfc_debug:sfdb_state_consistency.obj
 0001:000429f0       sf_debug_sc_is_chart_consistent 00000001800439f0 f   sfc_debug:sfdb_state_consistency.obj
 0001:00042ca0       sf_debug_sc_get_consistency_error_info 0000000180043ca0 f   sfc_debug:sfdb_state_consistency.obj
 0001:000430b0       sf_debug_tm_terminate      00000001800440b0 f   sfc_debug:sfdb_call_stack.obj
 0001:00043160       sf_debug_tm_push_chart_instance 0000000180044160 f   sfc_debug:sfdb_call_stack.obj
 0001:000432a0       sf_debug_tm_pop_chart_instance 00000001800442a0 f   sfc_debug:sfdb_call_stack.obj
 0001:00043300       sf_debug_tm_push_trace_node 0000000180044300 f   sfc_debug:sfdb_call_stack.obj
 0001:00043480       sf_debug_tm_pop_trace_node 0000000180044480 f   sfc_debug:sfdb_call_stack.obj
 0001:00043500       sf_debug_tm_get_current_global_trace_index 0000000180044500 f   sfc_debug:sfdb_call_stack.obj
 0001:00043510       sf_debug_tm_get_current_local_trace_index 0000000180044510 f   sfc_debug:sfdb_call_stack.obj
 0001:00043540       sf_debug_tm_set_cycle_detected_flag 0000000180044540 f   sfc_debug:sfdb_call_stack.obj
 0001:00043580       sf_debug_tm_set_cycle_started_flag 0000000180044580 f   sfc_debug:sfdb_call_stack.obj
 0001:000435c0       sf_debug_tm_get_chart_number_from_stack 00000001800445c0 f   sfc_debug:sfdb_call_stack.obj
 0001:000437c0       sf_debug_tm_browse_trace   00000001800447c0 f   sfc_debug:sfdb_call_stack.obj
 0001:00043ad0       sf_debug_cd_initialize_instance 0000000180044ad0 f   sfc_debug:sfdb_cycle_detection.obj
 0001:00043d80       sf_debug_cd_mark_processed_transition_in_instance 0000000180044d80 f   sfc_debug:sfdb_cycle_detection.obj
 0001:00043e20       sf_debug_cd_checksum_push  0000000180044e20 f   sfc_debug:sfdb_cycle_detection.obj
 0001:000440d0       sf_debug_cd_checksum_pop   00000001800450d0 f   sfc_debug:sfdb_cycle_detection.obj
 0001:00044140       sf_debug_cd_turn_off_cycle_detection 0000000180045140 f   sfc_debug:sfdb_cycle_detection.obj
 0001:00044190       sf_debug_cd_terminate      0000000180045190 f   sfc_debug:sfdb_cycle_detection.obj
 0001:000443c0       md5_initialize_state       00000001800453c0 f   sfc_debug:ckmd5.obj
 0001:00044e50       md5_update_state           0000000180045e50 f   sfc_debug:ckmd5.obj
 0001:00044e70       md5_get_hash               0000000180045e70 f   sfc_debug:ckmd5.obj
 0001:00044ea0       md5_get_hash_for_a_single_string 0000000180045ea0 f   sfc_debug:ckmd5.obj
 0001:00044f00       mxGetPr                    0000000180045f00 f   libmx:libmx.dll
 0001:00044f06       mxCreateDoubleScalar       0000000180045f06 f   libmx:libmx.dll
 0001:00044f0c       mxCreateDoubleMatrix_730   0000000180045f0c f   libmx:libmx.dll
 0001:00044f12       mxSetField_730             0000000180045f12 f   libmx:libmx.dll
 0001:00044f18       mxCreateString             0000000180045f18 f   libmx:libmx.dll
 0001:00044f1e       mxCreateStructMatrix_730   0000000180045f1e f   libmx:libmx.dll
 0001:00044f24       mxCreateCellMatrix_730     0000000180045f24 f   libmx:libmx.dll
 0001:00044f2a       mxDestroyArray             0000000180045f2a f   libmx:libmx.dll
 0001:00044f30       mxDuplicateArray           0000000180045f30 f   libmx:libmx.dll
 0001:00044f36       mxGetString_730            0000000180045f36 f   libmx:libmx.dll
 0001:00044f3c       mxIsChar                   0000000180045f3c f   libmx:libmx.dll
 0001:00044f42       mxGetClassID               0000000180045f42 f   libmx:libmx.dll
 0001:00044f48       mxIsNumeric                0000000180045f48 f   libmx:libmx.dll
 0001:00044f4e       mxIsComplex                0000000180045f4e f   libmx:libmx.dll
 0001:00044f54       mxGetN                     0000000180045f54 f   libmx:libmx.dll
 0001:00044f5a       mxGetM                     0000000180045f5a f   libmx:libmx.dll
 0001:00044f60       mxCalloc                   0000000180045f60 f   libmx:libmx.dll
 0001:00044f66       mxGetScalar                0000000180045f66 f   libmx:libmx.dll
 0001:00044f6c       mxIsLogical                0000000180045f6c f   libmx:libmx.dll
 0001:00044f72       mxCreateDoubleMatrix_700   0000000180045f72 f   libmx:libmx.dll
 0001:00044f78       mxFree                     0000000180045f78 f   libmx:libmx.dll
 0001:00044f7e       mxArrayToString            0000000180045f7e f   libmx:libmx.dll
 0001:00044f84       mxCreateCellMatrix_700     0000000180045f84 f   libmx:libmx.dll
 0001:00044f8a       mxSetCell_700              0000000180045f8a f   libmx:libmx.dll
 0001:00044f90       mxGetCell_700              0000000180045f90 f   libmx:libmx.dll
 0001:00044f96       mxGetClassName             0000000180045f96 f   libmx:libmx.dll
 0001:00044f9c       mxSetField_700             0000000180045f9c f   libmx:libmx.dll
 0001:00044fa2       mxAddField                 0000000180045fa2 f   libmx:libmx.dll
 0001:00044fa8       mxGetField_700             0000000180045fa8 f   libmx:libmx.dll
 0001:00044fae       mxGetNumberOfElements      0000000180045fae f   libmx:libmx.dll
 0001:00044fb4       mxIsStruct                 0000000180045fb4 f   libmx:libmx.dll
 0001:00044fba       mxIsA                      0000000180045fba f   libmx:libmx.dll
 0001:00044fc0       mxIsClass                  0000000180045fc0 f   libmx:libmx.dll
 0001:00044fc6       mxGetLogicals              0000000180045fc6 f   libmx:libmx.dll
 0001:00044fcc       mxIsSparse                 0000000180045fcc f   libmx:libmx.dll
 0001:00044fd2       mxSetFieldByNumber_700     0000000180045fd2 f   libmx:libmx.dll
 0001:00044fd8       mxGetFieldByNumber_700     0000000180045fd8 f   libmx:libmx.dll
 0001:00044fde       mxGetFieldNameByNumber     0000000180045fde f   libmx:libmx.dll
 0001:00044fe4       mxGetNumberOfFields        0000000180045fe4 f   libmx:libmx.dll
 0001:00044fea       mxCreateStructMatrix_700   0000000180045fea f   libmx:libmx.dll
 0001:00044ff0       mxGetFieldNumber           0000000180045ff0 f   libmx:libmx.dll
 0001:00044ff6       mxIsNaN                    0000000180045ff6 f   libmx:libmx.dll
 0001:00044ffc       mxIsEmpty                  0000000180045ffc f   libmx:libmx.dll
 0001:00045002       mxGetData                  0000000180046002 f   libmx:libmx.dll
 0001:00045008       mxGetImagData              0000000180046008 f   libmx:libmx.dll
 0001:0004500e       mxArrayClassIDName         000000018004600e f   libmx:libmx.dll
 0001:00045014       mxCreateNumericMatrix_700  0000000180046014 f   libmx:libmx.dll
 0001:0004501a       mxCreateStructArray_700    000000018004601a f   libmx:libmx.dll
 0001:00045020       mxCalcSingleSubscript_700  0000000180046020 f   libmx:libmx.dll
 0001:00045026       mxGetDimensions_700        0000000180046026 f   libmx:libmx.dll
 0001:0004502c       mxGetNumberOfDimensions_700 000000018004602c f   libmx:libmx.dll
 0001:00045032       mxCreateNumericArray_700   0000000180046032 f   libmx:libmx.dll
 0001:00045038       mxGetElementSize           0000000180046038 f   libmx:libmx.dll
 0001:0004503e       mxCreateStringFromNChars_700 000000018004603e f   libmx:libmx.dll
 0001:00045044       mxGetString_700            0000000180046044 f   libmx:libmx.dll
 0001:0004504a       mxIsLogicalScalarTrue      000000018004604a f   libmx:libmx.dll
 0001:00045050       mxCreateLogicalScalar      0000000180046050 f   libmx:libmx.dll
 0001:00045056       mexUnlock                  0000000180046056 f   libmex:libmex.dll
 0001:0004505c       mexIsLocked                000000018004605c f   libmex:libmex.dll
 0001:00045062       mexWarnMsgTxt              0000000180046062 f   libmex:libmex.dll
 0001:00045068       mexCallMATLAB              0000000180046068 f   libmex:libmex.dll
 0001:0004506e       mexErrMsgTxt               000000018004606e f   libmex:libmex.dll
 0001:00045074       mexMakeArrayPersistent     0000000180046074 f   libmex:libmex.dll
 0001:0004507a       mexSetTrapFlag             000000018004607a f   libmex:libmex.dll
 0001:00045080       mexPutVariable             0000000180046080 f   libmex:libmex.dll
 0001:00045086       mexGetVariable             0000000180046086 f   libmex:libmex.dll
 0001:0004508c       mexLock                    000000018004608c f   libmex:libmex.dll
 0001:00045092       mexMakeMemoryPersistent    0000000180046092 f   libmex:libmex.dll
 0001:00045098       mexFunctionName            0000000180046098 f   libmex:libmex.dll
 0001:0004509e       ssRegisterDataTypeFxpFSlopeFixExpBias 000000018004609e f   libfixedpoint:libfixedpoint.dll
 0001:000450a4       ssRegisterDataTypeFxpScaledDouble 00000001800460a4 f   libfixedpoint:libfixedpoint.dll
 0001:000450aa       utMalloc                   00000001800460aa f   libut:libut.dll
 0001:000450b0       utFree                     00000001800460b0 f   libut:libut.dll
 0001:000450b6       utVSNprintf                00000001800460b6 f   libut:libut.dll
 0001:000450bc       utCPUtime                  00000001800460bc f   libut:libut.dll
 0001:000450c2       utCalloc                   00000001800460c2 f   libut:libut.dll
 0001:000450c8       utRealloc                  00000001800460c8 f   libut:libut.dll
 0001:000450ce       muDoubleScalarAbs          00000001800460ce f   libmwmathutil:libmwmathutil.dll
 0001:000450d4       emlrtCreateRootTLS         00000001800460d4 f   libemlrt:libemlrt.dll
 0001:000450da       emlrtDestroyRootTLS        00000001800460da f   libemlrt:libemlrt.dll
 0001:000450e0       emlrtCheckBuiltInR2012b    00000001800460e0 f   libemlrt:libemlrt.dll
 0001:000450e6       emlrtCheckVsBuiltInR2012b  00000001800460e6 f   libemlrt:libemlrt.dll
 0001:000450ec       emlrtCheckEnumR2012b       00000001800460ec f   libemlrt:libemlrt.dll
 0001:000450f2       emlrtCreateEnumR2012b      00000001800460f2 f   libemlrt:libemlrt.dll
 0001:000450f8       emlrtGetEnumElementR2009a  00000001800460f8 f   libemlrt:libemlrt.dll
 0001:000450fe       emlrtCreateReference       00000001800460fe f   libemlrt:libemlrt.dll
 0001:00045104       emlrtImportVsFiArrayR2009b 0000000180046104 f   libemlrt:libemlrt.dll
 0001:0004510a       emlrtNameCapturePostProcessR2012a 000000018004610a f   libemlrt:libemlrt.dll
 0001:00045110       emlrtExtractMessageId      0000000180046110 f   libemlrt:libemlrt.dll
 0001:00045116       emlrtTranslateMessageIDtoLCPstring 0000000180046116 f   libemlrt:libemlrt.dll
 0001:0004511c       emlrtForLoopVectorIsValidR2011b 000000018004611c f   libemlrt:libemlrt.dll
 0001:00045122       emlrtTranslateUTF16MessagetoLCPstring 0000000180046122 f   libemlrt:libemlrt.dll
 0001:00045128       emlrtGetEnumUnderlyingArrayR2009a 0000000180046128 f   libemlrt:libemlrt.dll
 0001:0004512e       emlrtIsEnumR2009a          000000018004612e f   libemlrt:libemlrt.dll
 0001:00045134       memset                     0000000180046134 f   MSVCRT:MSVCR100.dll
 0001:0004513c       __GSHandlerCheckCommon     000000018004613c f   MSVCRT:gshandler.obj
 0001:000451a0       __GSHandlerCheck           00000001800461a0 f   MSVCRT:gshandler.obj
 0001:000451be       strlen                     00000001800461be f   MSVCRT:MSVCR100.dll
 0001:000451e0       __security_check_cookie    00000001800461e0 f   MSVCRT:amdsecgs.obj
 0001:00045200       strcmp                     0000000180046200 f   MSVCRT:MSVCR100.dll
 0001:00045206       free                       0000000180046206 f   MSVCRT:MSVCR100.dll
 0001:0004520c       sprintf                    000000018004620c f   MSVCRT:MSVCR100.dll
 0001:00045212       malloc                     0000000180046212 f   MSVCRT:MSVCR100.dll
 0001:00045218       strcat                     0000000180046218 f   MSVCRT:MSVCR100.dll
 0001:0004521e       memcpy                     000000018004621e f   MSVCRT:MSVCR100.dll
 0001:00045224       NtCurrentTeb               0000000180046224 f i MSVCRT:crtdll.obj
 0001:00045290       _CRT_INIT                  0000000180046290 f   MSVCRT:crtdll.obj
 0001:00045628       _DllMainCRTStartup         0000000180046628 f   MSVCRT:crtdll.obj
 0001:00045666       strncpy                    0000000180046666 f   MSVCRT:MSVCR100.dll
 0001:00045680       _alloca_probe              0000000180046680     MSVCRT:chkstk.obj
 0001:00045680       __chkstk                   0000000180046680 f   MSVCRT:chkstk.obj
 0001:000456ce       longjmp                    00000001800466ce f   MSVCRT:MSVCR100.dll
 0001:000456d4       strncmp                    00000001800466d4 f   MSVCRT:MSVCR100.dll
 0001:000456da       ceil                       00000001800466da f   MSVCRT:MSVCR100.dll
 0001:000456e0       strrchr                    00000001800466e0 f   MSVCRT:MSVCR100.dll
 0001:000456e6       _setjmp                    00000001800466e6 f   MSVCRT:MSVCR100.dll
 0001:000456ec       ldexp                      00000001800466ec f   MSVCRT:MSVCR100.dll
 0001:000456f4       __report_gsfailure         00000001800466f4 f   MSVCRT:gs_report.obj
 0001:00045840       __clean_type_info_names    0000000180046840 f   MSVCRT:tncleanup.obj
 0001:0004584c       _onexit                    000000018004684c f   MSVCRT:atonexit.obj
 0001:000458fc       atexit                     00000001800468fc f   MSVCRT:atonexit.obj
 0001:00045914       _RTC_Initialize            0000000180046914 f   MSVCRT:_initsect_.obj
 0001:0004594c       _RTC_Terminate             000000018004694c f   MSVCRT:_initsect_.obj
 0001:00045984       _malloc_crt                0000000180046984 f   MSVCRT:MSVCR100.dll
 0001:00045990       _ValidateImageBase         0000000180046990 f   MSVCRT:pesect.obj
 0001:000459c0       _FindPESection             00000001800469c0 f   MSVCRT:pesect.obj
 0001:00045a10       _IsNonwritableInCurrentImage 0000000180046a10 f   MSVCRT:pesect.obj
 0001:00045a52       _initterm                  0000000180046a52 f   MSVCRT:MSVCR100.dll
 0001:00045a58       _initterm_e                0000000180046a58 f   MSVCRT:MSVCR100.dll
 0001:00045a5e       _encoded_null              0000000180046a5e f   MSVCRT:MSVCR100.dll
 0001:00045a64       _amsg_exit                 0000000180046a64 f   MSVCRT:MSVCR100.dll
 0001:00045a6a       __C_specific_handler       0000000180046a6a f   MSVCRT:MSVCR100.dll
 0001:00045a70       __CppXcptFilter            0000000180046a70 f   MSVCRT:MSVCR100.dll
 0001:00045a78       DllMain                    0000000180046a78 f   MSVCRT:dllmain.obj
 0001:00045a9c       __security_init_cookie     0000000180046a9c f   MSVCRT:gs_support.obj
 0001:00045b50       __crt_debugger_hook        0000000180046b50 f   MSVCRT:MSVCR100.dll
 0001:00045b56       __clean_type_info_names_internal 0000000180046b56 f   MSVCRT:MSVCR100.dll
 0001:00045b5c       _unlock                    0000000180046b5c f   MSVCRT:MSVCR100.dll
 0001:00045b62       __dllonexit                0000000180046b62 f   MSVCRT:MSVCR100.dll
 0001:00045b68       _lock                      0000000180046b68 f   MSVCRT:MSVCR100.dll
 0001:00045b6e       EncodePointer              0000000180046b6e f   kernel32:KERNEL32.dll
 0001:00045b74       DecodePointer              0000000180046b74 f   kernel32:KERNEL32.dll
 0001:00045b7a       Sleep                      0000000180046b7a f   kernel32:KERNEL32.dll
 0001:00045b80       TerminateProcess           0000000180046b80 f   kernel32:KERNEL32.dll
 0001:00045b86       GetCurrentProcess          0000000180046b86 f   kernel32:KERNEL32.dll
 0001:00045b8c       UnhandledExceptionFilter   0000000180046b8c f   kernel32:KERNEL32.dll
 0001:00045b92       SetUnhandledExceptionFilter 0000000180046b92 f   kernel32:KERNEL32.dll
 0001:00045b98       IsDebuggerPresent          0000000180046b98 f   kernel32:KERNEL32.dll
 0001:00045b9e       RtlVirtualUnwind           0000000180046b9e f   kernel32:KERNEL32.dll
 0001:00045ba4       RtlLookupFunctionEntry     0000000180046ba4 f   kernel32:KERNEL32.dll
 0001:00045baa       RtlCaptureContext          0000000180046baa f   kernel32:KERNEL32.dll
 0001:00045bb0       DisableThreadLibraryCalls  0000000180046bb0 f   kernel32:KERNEL32.dll
 0001:00045bb6       QueryPerformanceCounter    0000000180046bb6 f   kernel32:KERNEL32.dll
 0001:00045bbc       GetTickCount               0000000180046bbc f   kernel32:KERNEL32.dll
 0001:00045bc2       GetCurrentThreadId         0000000180046bc2 f   kernel32:KERNEL32.dll
 0001:00045bc8       GetCurrentProcessId        0000000180046bc8 f   kernel32:KERNEL32.dll
 0001:00045bce       GetSystemTimeAsFileTime    0000000180046bce f   kernel32:KERNEL32.dll
 0002:00000000       __imp_GetSystemTimeAsFileTime 0000000180047000     kernel32:KERNEL32.dll
 0002:00000008       __imp_GetCurrentProcessId  0000000180047008     kernel32:KERNEL32.dll
 0002:00000010       __imp_GetCurrentThreadId   0000000180047010     kernel32:KERNEL32.dll
 0002:00000018       __imp_GetTickCount         0000000180047018     kernel32:KERNEL32.dll
 0002:00000020       __imp_QueryPerformanceCounter 0000000180047020     kernel32:KERNEL32.dll
 0002:00000028       __imp_DisableThreadLibraryCalls 0000000180047028     kernel32:KERNEL32.dll
 0002:00000030       __imp_RtlCaptureContext    0000000180047030     kernel32:KERNEL32.dll
 0002:00000038       __imp_RtlLookupFunctionEntry 0000000180047038     kernel32:KERNEL32.dll
 0002:00000040       __imp_RtlVirtualUnwind     0000000180047040     kernel32:KERNEL32.dll
 0002:00000048       __imp_IsDebuggerPresent    0000000180047048     kernel32:KERNEL32.dll
 0002:00000050       __imp_SetUnhandledExceptionFilter 0000000180047050     kernel32:KERNEL32.dll
 0002:00000058       __imp_UnhandledExceptionFilter 0000000180047058     kernel32:KERNEL32.dll
 0002:00000060       __imp_GetCurrentProcess    0000000180047060     kernel32:KERNEL32.dll
 0002:00000068       __imp_TerminateProcess     0000000180047068     kernel32:KERNEL32.dll
 0002:00000070       __imp_Sleep                0000000180047070     kernel32:KERNEL32.dll
 0002:00000078       __imp_DecodePointer        0000000180047078     kernel32:KERNEL32.dll
 0002:00000080       __imp_EncodePointer        0000000180047080     kernel32:KERNEL32.dll
 0002:00000088       \177KERNEL32_NULL_THUNK_DATA 0000000180047088     kernel32:KERNEL32.dll
 0002:00000090       __imp__onexit              0000000180047090     MSVCRT:MSVCR100.dll
 0002:00000098       __imp__lock                0000000180047098     MSVCRT:MSVCR100.dll
 0002:000000a0       __imp___dllonexit          00000001800470a0     MSVCRT:MSVCR100.dll
[...]
 0001:0001b890       sf_mex_check_complex       000000018001c890 f   sfc_mex:sfc_mex.obj
 0001:0001b920       sf_mex_check_sparse        000000018001c920 f   sfc_mex:sfc_mex.obj
 0001:0001b980       sf_mex_check_numerictype   000000018001c980 f   sfc_mex:sfc_mex.obj
 0001:0001bb10       sf_mex_check_fimath        000000018001cb10 f   sfc_mex:sfc_mex.obj
 0001:0001c670       size_mismatch_error        000000018001d670 f   sfc_mex:sfc_mex.obj
 0001:0001d0e0       check_array_dimensions     000000018001e0e0 f   sfc_mex:sfc_mex.obj
 0001:0001d150       check_input_mxarray        000000018001e150 f   sfc_mex:sfc_mex.obj
 0001:0001d890       sf_numeric_value_to_double 000000018001e890 f   sfc_mex:sfc_mex.obj
 0001:0001d8e0       ml_generic_out_of_bounds_check 000000018001e8e0 f   sfc_mex:sfc_mex.obj
 0001:0001daa0       ml_get_element_value_from_array 000000018001eaa0 f   sfc_mex:sfc_mex.obj
 0001:0001de40       _ml_generic_castability_check 000000018001ee40 f   sfc_mex:sfc_mex.obj
 0001:0001e590       ml_generic_castability_check 000000018001f590 f   sfc_mex:sfc_mex.obj
 0001:0001e630       ml_check_mx_array_for_single_castability 000000018001f630 f   sfc_mex:sfc_mex.obj
 0001:0001e6d0       ml_check_mx_array_for_logical_castability 000000018001f6d0 f   sfc_mex:sfc_mex.obj
 0001:0001e770       ml_check_mx_array_for_int8_castability 000000018001f770 f   sfc_mex:sfc_mex.obj
 0001:0001e820       ml_check_mx_array_for_uint8_castability 000000018001f820 f   sfc_mex:sfc_mex.obj
 0001:0001e880       ml_check_mx_array_for_int16_castability 000000018001f880 f   sfc_mex:sfc_mex.obj
 0001:0001e8e0       ml_check_mx_array_for_uint16_castability 000000018001f8e0 f   sfc_mex:sfc_mex.obj
 0001:0001e940       ml_check_mx_array_for_int32_castability 000000018001f940 f   sfc_mex:sfc_mex.obj
 0001:0001e9a0       ml_check_mx_array_for_uint32_castability 000000018001f9a0 f   sfc_mex:sfc_mex.obj
 0001:0001ea00       ml_check_mx_array_for_castability 000000018001fa00 f   sfc_mex:sfc_mex.obj
 0001:0001f220       set_data_value             0000000180020220 f   sfc_mex:sfc_mex.obj
 0001:0001f590       get_data_value             0000000180020590 f   sfc_mex:sfc_mex.obj
 0001:0001f6a0       get_next_element_address   00000001800206a0 f   sfc_mex:sfc_mex.obj
 0001:0001f770       sf_normalize_index         0000000180020770 f   sfc_mex:sfc_mex.obj
 0001:0001fb20       ml_array_index_bound_check 0000000180020b20 f   sfc_mex:sfc_mex.obj
 0001:000206a0       mx_value                   00000001800216a0 f   sfc_mex:sfc_mex.obj
 0001:000206f0       sf_create_numeric_array    00000001800216f0 f   sfc_mex:sfc_mex.obj
 0001:00020790       sf_mex_assign_to_mx_array  0000000180021790 f   sfc_mex:sfc_mex.obj
 0001:00020b00       assign_from_mx_array       0000000180021b00 f   sfc_mex:sfc_mex.obj
 0001:00021260       sf_mex_import_v            0000000180022260 f   sfc_mex:sfc_mex.obj
 0001:00021970       get_machine_and_chart_file_number 0000000180022970 f   sfc_mex:sfc_sf.obj
 0001:00021a60       get_sfun_block_specialization 0000000180022a60 f   sfc_mex:sfc_sf.obj
 0001:00021b10       call_sf_machine_global_method_dispatcher 0000000180022b10 f   sfc_mex:sfc_sf.obj
 0001:00021d60       mdl_zeroCrossings_processing 0000000180022d60 f   sfc_mex:sfc_sf.obj
 0001:00021e40       mdl_derivatives_processing 0000000180022e40 f   sfc_mex:sfc_sf.obj
 0001:00022120       mdl_outputs_continuous_legacy 0000000180023120 f   sfc_mex:sfc_sf.obj
 0001:000221a0       mdl_outputs_processing     00000001800231a0 f   sfc_mex:sfc_sf.obj
 0001:00022410       mdl_enable_processing      0000000180023410 f   sfc_mex:sfc_sf.obj
 0001:000224f0       mdl_disable_processing     00000001800234f0 f   sfc_mex:sfc_sf.obj
 0001:00023380       sf_call_output_fcn_enable_disable 0000000180024380 f   sfc_mex:sfc_sf.obj
 0001:00023600       set_dwork_information_from_mx_array 0000000180024600 f   sfc_mex:sfc_sf.obj
 0001:00023ef0       ptr2mxStruct               0000000180024ef0 f   sfc_mex:sfc_sf.obj
 0001:00024200       SNPRINTF_WRAPPER           0000000180025200 f   sfc_debug:sfcdebug.obj
 0001:00024230       sf_debug_chart_instance_initialized 0000000180025230 f   sfc_debug:sfcdebug.obj
 0001:000243d0       sfrtAddSize                00000001800253d0 f   sfc_debug:sfcdebug.obj
 0001:00024490       sfrtGenSizeString          0000000180025490 f   sfc_debug:sfcdebug.obj
 0001:00024be0       fill_single_message_info   0000000180025be0 f   sfc_debug:sfcdebug.obj
 0001:00024e60       sf_debug_sim_status_listener 0000000180025e60 f   sfc_debug:sfcdebug.obj
 0001:000253f0       sf_debug_form_mask_bits    00000001800263f0 f   sfc_debug:sfcdebug.obj
 0001:00025410       sf_debug_form_sf_data_type_offsets 0000000180026410 f   sfc_debug:sfcdebug.obj
 0001:000254d0       sf_debug_free_all          00000001800264d0 f   sfc_debug:sfcdebug.obj
 0001:00025660       sf_debug_append_debugger_context 0000000180026660 f   sfc_debug:sfcdebug.obj
 0001:000259d0       local_strdup               00000001800269d0 f   sfc_debug:sfcdebug.obj
 0001:00026950       sf_debug_em_terminate      0000000180027950 f   sfc_debug:sfcdebug.obj
 0001:00026990       sf_debug_push_eml_function 0000000180027990 f   sfc_debug:sfcdebug.obj
 0001:00026a30       sf_debug_pop_eml_function  0000000180027a30 f   sfc_debug:sfcdebug.obj
 0001:000276d0       sf_debug_get_machine_number_from_id_or_name 00000001800286d0 f   sfc_debug:sfcdebug.obj
 0001:00027820       sf_debug_get_chart_number_from_id 0000000180028820 f   sfc_debug:sfcdebug.obj
 0001:00028600       sf_debug_transfer_control_to_debugger_GUI 0000000180029600 f   sfc_debug:sfcdebug.obj
 0001:00029570       sf_debug_scripts_rehash    000000018002a570 f   sfc_debug:sfcdebug.obj
 0001:00029780       sf_debug_get_script_line_count 000000018002a780 f   sfc_debug:sfcdebug.obj
 0001:0002a1d0       cv_eml_state_cvId          000000018002b1d0 f   sfc_debug:sfcdebug.obj
 0001:0002a240       cv_eml_trans_cvId          000000018002b240 f   sfc_debug:sfcdebug.obj
 0001:0002b6c0       sf_debug_data_array_bounds_error 000000018002c6c0 f   sfc_debug:sfcdebug.obj
 0001:0002ba70       eml_debug_runtime_error_doclink 000000018002ca70 f   sfc_debug:sfcdebug.obj
 0001:0002bbe0       sf_debug_runtime_error     000000018002cbe0 f   sfc_debug:sfcdebug.obj
 0001:0002bc50       sf_debug_matlab_error      000000018002cc50 f   sfc_debug:sfcdebug.obj
 0001:0002c5c0       sf_debug_data_value_error  000000018002d5c0 f   sfc_debug:sfcdebug.obj
 0001:0002ce90       sf_debug_data_loss_error   000000018002de90 f   sfc_debug:sfcdebug.obj
 0001:0002ddb0       call_cv_range_check        000000018002edb0 f   sfc_debug:sfcdebug.obj
 0001:0002e610       sf_debug_invoke_cycle_detection_code 000000018002f610 f   sfc_debug:sfcdebug.obj
 0001:0002f180       sf_reset_debug_info_struct 0000000180030180 f   sfc_debug:sfcdebug.obj
 0001:0002f970       cv_script_cvId             0000000180030970 f   sfc_debug:sfcdebug.obj
 0001:00030b30       sfc_api_chart_visible      0000000180031b30 f   sfc_debug:sfc_api.obj
 0001:00030bc0       sfc_api_active_instance    0000000180031bc0 f   sfc_debug:sfc_api.obj
 0001:00030c50       sfc_api_machine_load       0000000180031c50 f   sfc_debug:sfc_api.obj
 0001:00030d40       sfc_api_debugger_alive     0000000180031d40 f   sfc_debug:sfc_api.obj
 0001:00030d50       sfc_api_go                 0000000180031d50 f   sfc_debug:sfc_api.obj
 0001:00030d60       sfc_api_step_over          0000000180031d60 f   sfc_debug:sfc_api.obj
 0001:00030d70       sfc_api_step_out           0000000180031d70 f   sfc_debug:sfc_api.obj
 0001:00030d80       sfc_api_resume             0000000180031d80 f   sfc_debug:sfc_api.obj
 0001:00030d90       sfc_api_break              0000000180031d90 f   sfc_debug:sfc_api.obj
 0001:00030da0       sfc_api_stop_debugging     0000000180031da0 f   sfc_debug:sfc_api.obj
 0001:00030e00       sfc_api_is_cycle_detected  0000000180031e00 f   sfc_debug:sfc_api.obj
 0001:00030e60       sfc_api_is_array_bounds_detected 0000000180031e60 f   sfc_debug:sfc_api.obj
 0001:00030ec0       sfc_api_set_disable_all_breakpoints 0000000180031ec0 f   sfc_debug:sfc_api.obj
 0001:00030f40       sfc_api_disable_all_breakpoints_and_go 0000000180031f40 f   sfc_debug:sfc_api.obj
 0001:00030f50       sfc_api_close              0000000180031f50 f   sfc_debug:sfc_api.obj
 0001:00030f60       sfc_api_browse_data        0000000180031f60 f   sfc_debug:sfc_api.obj
 0001:00030fe0       sfc_api_watch_data         0000000180031fe0 f   sfc_debug:sfc_api.obj
 0001:000310f0       sfc_api_extract_message_post_receive_info 00000001800320f0 f   sfc_debug:sfc_api.obj
 0001:00031110       sfc_api_assign_data        0000000180032110 f   sfc_debug:sfc_api.obj
 0001:000311c0       sfc_api_whos               00000001800321c0 f   sfc_debug:sfc_api.obj
 0001:00031250       sfc_api_get_consistency_info 0000000180032250 f   sfc_debug:sfc_api.obj
 0001:00031260       sfc_api_browse_trace       0000000180032260 f   sfc_debug:sfc_api.obj
 0001:00031270       sfc_api_break_on_chart_entry 0000000180032270 f   sfc_debug:sfc_api.obj
 0001:000312a0       sfc_api_break_on_event_broadcast 00000001800322a0 f   sfc_debug:sfc_api.obj
 0001:000312d0       sfc_api_break_on_state_entry 00000001800322d0 f   sfc_debug:sfc_api.obj
 0001:00031300       sfc_api_set_watch          0000000180032300 f   sfc_debug:sfc_api.obj
 0001:000313b0       sfc_api_set_breakpoints    00000001800323b0 f   sfc_debug:sfc_api.obj
 0001:00031470       sfc_api_set_eml_breakpoints 0000000180032470 f   sfc_debug:sfc_api.obj
 0001:00031510       sfc_api_set_script_breakpoints 0000000180032510 f   sfc_debug:sfc_api.obj
 0001:00031570       sfc_api_add_script_breakpoints 0000000180032570 f   sfc_debug:sfc_api.obj
 0001:000315d0       sfc_api_clear_script_breakpoints 00000001800325d0 f   sfc_debug:sfc_api.obj
 0001:00031630       sfc_api_query_script_breakpoints 0000000180032630 f   sfc_debug:sfc_api.obj
 0001:000316a0       sfc_api_get_script_id      00000001800326a0 f   sfc_debug:sfc_api.obj
 0001:00031760       sfc_api_get_active_states  0000000180032760 f   sfc_debug:sfc_api.obj
 0001:000317f0       sfc_api_break_between_times 00000001800327f0 f   sfc_debug:sfc_api.obj
 0001:00031860       sfc_api_get_instance_handle 0000000180032860 f   sfc_debug:sfc_api.obj
 0001:00031930       sfc_api_set_animation      0000000180032930 f   sfc_debug:sfc_api.obj
 0001:00031980       sfc_api_select_chart       0000000180032980 f   sfc_debug:sfc_api.obj
 0001:000319f0       sfc_api_select_charts      00000001800329f0 f   sfc_debug:sfc_api.obj
 0001:00031a20       sfc_api_cycle_detection_check 0000000180032a20 f   sfc_debug:sfc_api.obj
 0001:00031a70       sfc_api_data_range_check   0000000180032a70 f   sfc_debug:sfc_api.obj
 0001:00031ac0       sfc_api_transition_conflict_check 0000000180032ac0 f   sfc_debug:sfc_api.obj
 0001:00031b10       sfc_api_state_consistency_check 0000000180032b10 f   sfc_debug:sfc_api.obj
 0001:00031b60       sfc_api_set_instance_cv_ids 0000000180032b60 f   sfc_debug:sfc_api.obj
 0001:00031c90       sfc_api_set_script_cv_ids  0000000180032c90 f   sfc_debug:sfc_api.obj
 0001:00031d60       sfc_api_get_current_machine_id 0000000180032d60 f   sfc_debug:sfc_api.obj
 0001:00031d90       sfc_api_get_current_machine_number 0000000180032d90 f   sfc_debug:sfc_api.obj
 0001:00031dc0       sfc_api_get_current_chart_number 0000000180032dc0 f   sfc_debug:sfc_api.obj
 0001:00031df0       sfc_api_get_current_instance_number 0000000180032df0 f   sfc_debug:sfc_api.obj
 0001:00031e20       sfc_api_get_current_instance_handle 0000000180032e20 f   sfc_debug:sfc_api.obj
 0001:00031e40       sfc_api_get_current_is_minor_time_step 0000000180032e40 f   sfc_debug:sfc_api.obj
 0001:00031e70       sfc_api_get_current_machine_name 0000000180032e70 f   sfc_debug:sfc_api.obj
 0001:00031e90       sfc_api_get_current_chart_id 0000000180032e90 f   sfc_debug:sfc_api.obj
 0001:00031ec0       sfc_api_get_current_object_type 0000000180032ec0 f   sfc_debug:sfc_api.obj
 0001:00031ef0       sfc_api_get_current_event_type 0000000180032ef0 f   sfc_debug:sfc_api.obj
 0001:00031f20       sfc_api_get_current_object_id 0000000180032f20 f   sfc_debug:sfc_api.obj
 0001:00031f50       sfc_get_current_active_event_type 0000000180032f50 f   sfc_debug:sfc_api.obj
 0001:00031f80       sfc_api_get_current_active_event_id 0000000180032f80 f   sfc_debug:sfc_api.obj
 0001:00031fb0       sfc_api_get_current_simulation_time 0000000180032fb0 f   sfc_debug:sfc_api.obj
 0001:00031fd0       sfc_get_current_tag_type   0000000180032fd0 f   sfc_debug:sfc_api.obj
 0001:00032000       sfc_get_current_coverage_percentage 0000000180033000 f   sfc_debug:sfc_api.obj
 0001:00032020       sfc_get_current_statement_context 0000000180033020 f   sfc_debug:sfc_api.obj
 0001:00032040       sfc_get_current_optional_integer 0000000180033040 f   sfc_debug:sfc_api.obj
 0001:00032070       sfc_get_current_statement_info 0000000180033070 f   sfc_debug:sfc_api.obj
 0001:00032110       sfc_api_get                0000000180033110 f   sfc_debug:sfc_api.obj
 0001:00032d70       sf_debug_sm_fill_state_activity_data 0000000180033d70 f   sfc_debug:sfdb_animation.obj
 0001:000355b0       void_ptr_stack_vector_free_total 00000001800365b0 f   sfc_debug:sfdb_data_browse.obj
 0001:00035630       sf_debug_st_terminate_machine 0000000180036630 f   sfc_debug:sfdb_data_browse.obj
 0001:00035670       sf_debug_st_terminate_instance 0000000180036670 f   sfc_debug:sfdb_data_browse.obj
 0001:00035a20       push_on_to_void_ptr_stack  0000000180036a20 f   sfc_debug:sfdb_data_browse.obj
 0001:00035bb0       pop_from_void_ptr_stack    0000000180036bb0 f   sfc_debug:sfdb_data_browse.obj
 0001:00035ce0       sf_debug_st_get_data_value 0000000180036ce0 f   sfc_debug:sfdb_data_browse.obj
 0001:00036210       mx_value                   0000000180037210 f   sfc_debug:sfdb_data_browse.obj
 0001:00036250       sf_debug_st_fill_data_struct 0000000180037250 f   sfc_debug:sfdb_data_browse.obj
 0001:00036590       data_type_format_strings   0000000180037590 f   sfc_debug:sfdb_data_browse.obj
 0001:00036640       sf_debug_st_fill_data      0000000180037640 f   sfc_debug:sfdb_data_browse.obj
 0001:00037330       sf_debug_hm_get_simulink_handle 0000000180038330 f   sfc_debug:sfdb_handle_management.obj
 0001:00037de0       sf_debug_hm_initialize_globals 0000000180038de0 f   sfc_debug:sfdb_handle_management.obj
 0001:00037ee0       sf_debug_hm_get_machine_debug_flag 0000000180038ee0 f   sfc_debug:sfdb_handle_management.obj
 0001:00038050       sf_debug_hm_get_machine_id 0000000180039050 f   sfc_debug:sfdb_handle_management.obj
 0001:00038170       sf_debug_hm_get_chart_id   0000000180039170 f   sfc_debug:sfdb_handle_management.obj
 0001:00038310       sf_debug_hm_register_executing_SFunction 0000000180039310 f   sfc_debug:sfdb_handle_management.obj
 0001:000386a0       sf_debug_hm_form_object_boolean_properties 00000001800396a0 f   sfc_debug:sfdb_handle_management.obj
 0001:00038970       sf_debug_hm_form_object_properties 0000000180039970 f   sfc_debug:sfdb_handle_management.obj
 0001:00038bb0       sf_debug_hm_terminate_charts 0000000180039bb0 f   sfc_debug:sfdb_handle_management.obj
 0001:00039290       sf_debug_hm_terminate_machines 000000018003a290 f   sfc_debug:sfdb_handle_management.obj
 0001:0003ad00       sf_debug_ss_copy_dimension 000000018003bd00 f   sfc_debug:sfdb_symbol_scope.obj
 0001:0003adc0       sf_debug_ss_get_number_elements 000000018003bdc0 f   sfc_debug:sfdb_symbol_scope.obj
 0001:0003ade0       sf_debug_ss_fill_data_struct 000000018003bde0 f   sfc_debug:sfdb_symbol_scope.obj
 0001:0003b130       sf_debug_ss_reset_data_info 000000018003c130 f   sfc_debug:sfdb_symbol_scope.obj
 0001:0003b190       sf_debug_fill_data_info_by_symbol_scope_entry 000000018003c190 f   sfc_debug:sfdb_symbol_scope.obj
 0001:0003b250       sf_debug_fill_data_info_by_data_vector 000000018003c250 f   sfc_debug:sfdb_symbol_scope.obj
 0001:0003b4a0       get_data_info_helper       000000018003c4a0 f   sfc_debug:sfdb_symbol_scope.obj
 0001:0003b790       sf_debug_ss_get_data_info  000000018003c790 f   sfc_debug:sfdb_symbol_scope.obj
 0001:0003b9b0       sf_debug_select_mex_function 000000018003c9b0 f   sfc_debug:sfdb_symbol_scope.obj
 0001:0003b9e0       sf_debug_is_dyn_matrix_initialized 000000018003c9e0 f   sfc_debug:sfdb_symbol_scope.obj
 0001:0003ba00       sf_debug_ss_set_data_value_try 000000018003ca00 f   sfc_debug:sfdb_symbol_scope.obj
 0001:0003bbf0       sf_debug_ss_get_data_value 000000018003cbf0 f   sfc_debug:sfdb_symbol_scope.obj
 0001:0003c350       sf_debug_ss_data_bytes_string 000000018003d350 f   sfc_debug:sfdb_symbol_scope.obj
 0001:0003c3e0       sf_debug_ss_data_class_string 000000018003d3e0 f   sfc_debug:sfdb_symbol_scope.obj
 0001:0003c760       sf_debug_ss_data_size_string 000000018003d760 f   sfc_debug:sfdb_symbol_scope.obj
 0001:0003c840       sf_debug_ss_data_create_data_info_struct 000000018003d840 f   sfc_debug:sfdb_symbol_scope.obj
 0001:0003caf0       sf_debug_ss_data_create_name_value_pair 000000018003daf0 f   sfc_debug:sfdb_symbol_scope.obj
 0001:0003cb90       sf_debug_ss_data_get_whos_info 000000018003db90 f   sfc_debug:sfdb_symbol_scope.obj
 0001:0003cba0       same_named_data_in_data_array 000000018003dba0 f   sfc_debug:sfdb_symbol_scope.obj
 0001:0003e330       sf_debug_cc_terminate_chart 000000018003f330 f   sfc_debug:sfdb_coverage.obj
 0001:0003e640       sf_debug_cc_terminate_instance 000000018003f640 f   sfc_debug:sfdb_coverage.obj
 0001:0003f210       sf_debug_cc_mark_object_if_needed 0000000180040210 f   sfc_debug:sfdb_coverage.obj
 0001:0003fa90       sf_debug_bm_initialize_eml 0000000180040a90 f   sfc_debug:sfdb_breakpoints.obj
 0001:00040b50       sf_debug_bm_map_debug_tag_to_breakpoint_tag 0000000180041b50 f   sfc_debug:sfdb_breakpoints.obj
 0001:00040c30       sf_debug_bm_is_a_eml_breakpoint_impl 0000000180041c30 f   sfc_debug:sfdb_breakpoints.obj
 0001:00042560       sf_debug_sc_push_on_error_stack 0000000180043560 f   sfc_debug:sfdb_state_consistency.obj
 0001:00042680       sf_debug_sc_reset_error_stack 0000000180043680 f   sfc_debug:sfdb_state_consistency.obj
 0001:00042810       sf_debug_sc_is_state_inconsistent 0000000180043810 f   sfc_debug:sfdb_state_consistency.obj
 0001:00042b00       sf_debug_sc_fill_consistency_info 0000000180043b00 f   sfc_debug:sfdb_state_consistency.obj
 0001:000430a0       void_assertion_fcn         00000001800440a0 f   sfc_debug:sfdb_call_stack.obj
 0001:000435f0       sf_debug_tm_fill_local_trace 00000001800445f0 f   sfc_debug:sfdb_call_stack.obj
 0001:00043b90       sf_debug_cd_terminate_instance 0000000180044b90 f   sfc_debug:sfdb_cycle_detection.obj
 0001:00043bf0       sf_debug_cd_free_checksum_stack 0000000180044bf0 f   sfc_debug:sfdb_cycle_detection.obj
 0001:00043c40       sf_debug_cd_reset_pack_strings 0000000180044c40 f   sfc_debug:sfdb_cycle_detection.obj
 0001:000442e0       md5file_clear              00000001800452e0 f   sfc_debug:ckmd5.obj
 0001:00044310       Encode                     0000000180045310 f   sfc_debug:ckmd5.obj
 0001:00044360       Decode                     0000000180045360 f   sfc_debug:ckmd5.obj
 0001:00044400       MD5Transform               0000000180045400 f   sfc_debug:ckmd5.obj
 0001:00044c60       md5file_addn               0000000180045c60 f   sfc_debug:ckmd5.obj
 0001:00044d30       md5file_hash               0000000180045d30 f   sfc_debug:ckmd5.obj
 0001:00045230       pre_c_init                 0000000180046230 f   MSVCRT:crtdll.obj
 0001:000454ec       __DllMainCRTStartup        00000001800464ec f   MSVCRT:crtdll.obj
 0001:00045be0       __DllMainCRTStartup$filt$0 0000000180046be0 f   MSVCRT:crtdll.obj
 0001:00045c10       __DllMainCRTStartup$fin$1  0000000180046c10 f   MSVCRT:crtdll.obj
 0001:00045c2a       _onexit$fin$0              0000000180046c2a f   MSVCRT:atonexit.obj
 0001:00045c50       _IsNonwritableInCurrentImage$filt$0 0000000180046c50 f   MSVCRT:pesect.obj
