 plant_block_swing_catch_sfun

 Timestamp is 59bb7b16 (Fri Sep 15 17:02:46 2017)

 Preferred load address is 0000000180000000

 Start         Length     Name                   Class
 0001:00000000 0003c3c4H .text                   CODE
 0001:0003c3d0 00000092H .text$x                 CODE
 0002:00000000 00000488H .idata$5                DATA
 0002:00000488 00000008H .CRT$XCA                DATA
 0002:00000490 00000008H .CRT$XCZ                DATA
 0002:00000498 00000008H .CRT$XIA                DATA
 0002:000004a0 00000008H .CRT$XIAA               DATA
 0002:000004a8 00000008H .CRT$XIZ                DATA
 0002:000004b0 00004b2cH .rdata                  DATA
 0002:00004fe0 00000008H .rtc$IAA                DATA
 0002:00004fe8 00000008H .rtc$IZZ                DATA
 0002:00004ff0 00000008H .rtc$TAA                DATA
 0002:00004ff8 00000008H .rtc$TZZ                DATA
 0002:00005000 000041ecH .xdata                  DATA
 0002:000091ec 0000008cH .idata$2                DATA
 0002:00009278 00000014H .idata$3                DATA
 0002:00009290 00000488H .idata$4                DATA
 0002:00009718 00000a9eH .idata$6                DATA
 0002:0000a1c0 00000062H .edata                  DATA
 0003:00000000 00002628H .data                   DATA
 0003:00002640 00002418H .bss                    DATA
 0004:00000000 000031d4H .pdata                  DATA

  Address         Publics by Value              Rva+Base               Lib:Object

 0000:00000000       ___safe_se_handler_count   0000000000000000     <absolute>
 0000:00000000       ___safe_se_handler_table   0000000000000000     <absolute>
 0000:00000000       __ImageBase                0000000180000000     <linker-defined>
 0001:00000000       sf_c3_plant_block_swing_catch_get_eml_resolved_functions_info 0000000180001000 f   c3_plant_block_swing_catch.obj
 0001:000006c0       sf_c3_plant_block_swing_catch_get_check_sum 00000001800016c0 f   c3_plant_block_swing_catch.obj
 0001:00000740       sf_c3_plant_block_swing_catch_get_autoinheritance_info 0000000180001740 f   c3_plant_block_swing_catch.obj
 0001:00001090       sf_c3_plant_block_swing_catch_third_party_uses_info 0000000180002090 f   c3_plant_block_swing_catch.obj
 0001:000010c0       sf_internal_get_sim_state_c3_plant_block_swing_catch 00000001800020c0 f   c3_plant_block_swing_catch.obj
 0001:00001740       sf_internal_set_sim_state_c3_plant_block_swing_catch 0000000180002740 f   c3_plant_block_swing_catch.obj
 0001:000023b0       sf_c3_plant_block_swing_catch_get_testpoint_info 00000001800033b0 f   c3_plant_block_swing_catch.obj
 0001:000023f0       c3_plant_block_swing_catch_method_dispatcher 00000001800033f0 f   c3_plant_block_swing_catch.obj
 0001:0000a060       sf_process_check_sum_call  000000018000b060 f   plant_block_swing_catch_sfun_registry.obj
 0001:0000a0b0       sf_process_testpoint_info_call 000000018000b0b0 f   plant_block_swing_catch_sfun_registry.obj
 0001:0000a100       sf_process_autoinheritance_call 000000018000b100 f   plant_block_swing_catch_sfun_registry.obj
 0001:0000a2a0       sf_process_get_third_party_uses_info_call 000000018000b2a0 f   plant_block_swing_catch_sfun_registry.obj
 0001:0000a440       sf_process_get_eml_resolved_functions_info_call 000000018000b440 f   plant_block_swing_catch_sfun_registry.obj
 0001:0000a5c0       sf_mex_unlock_call         000000018000b5c0 f   plant_block_swing_catch_sfun_registry.obj
 0001:0000a670       sf_machine_global_initializer_called 000000018000b670 f   plant_block_swing_catch_sfun_registry.obj
 0001:0000a6a0       sf_machine_global_method_dispatcher 000000018000b6a0 f   plant_block_swing_catch_sfun_registry.obj
 0001:0000a700       sf_machine_global_terminator 000000018000b700 f   plant_block_swing_catch_sfun_registry.obj
 0001:0000a750       sf_register_machine_exported_symbols 000000018000b750 f   plant_block_swing_catch_sfun_registry.obj
 0001:0000a770       callCustomFcn              000000018000b770 f   plant_block_swing_catch_sfun_registry.obj
 0001:0000a780       sf_machine_global_initializer 000000018000b780 f   plant_block_swing_catch_sfun_registry.obj
 0001:0000a800       _ssSetStateAbsTol          000000018000b800 f   plant_block_swing_catch_sfun_registry.obj
 0001:0000a8e0       _ssGetAbsTol               000000018000b8e0 f   plant_block_swing_catch_sfun_registry.obj
 0001:0000a950       _ssSetInputPortMatrixDimensions 000000018000b950 f   plant_block_swing_catch_sfun_registry.obj
 0001:0000aa60       _ssSetOutputPortMatrixDimensions 000000018000ba60 f   plant_block_swing_catch_sfun_registry.obj
 0001:0000ab70       _ssSetInputPortVectorDimension 000000018000bb70 f   plant_block_swing_catch_sfun_registry.obj
 0001:0000ac40       _ssSetOutputPortVectorDimension 000000018000bc40 f   plant_block_swing_catch_sfun_registry.obj
 0001:0000ad10       ssIsRunTimeParamTunable    000000018000bd10 f   plant_block_swing_catch_sfun_registry.obj
 0001:0000ad80       ssGetSFuncBlockHandle      000000018000bd80 f   plant_block_swing_catch_sfun_registry.obj
 0001:0000adf0       _ssGetCurrentInputPortWidth 000000018000bdf0 f   plant_block_swing_catch_sfun_registry.obj
 0001:0000af10       _ssGetCurrentOutputPortWidth 000000018000bf10 f   plant_block_swing_catch_sfun_registry.obj
 0001:0000b030       _ssGetCallSystemNumFcnCallDestinations 000000018000c030 f   plant_block_swing_catch_sfun_registry.obj
 0001:0000b0a0       ssWarning                  000000018000c0a0 f   plant_block_swing_catch_sfun_registry.obj
 0001:0000b1b0       ssGetIsZeroCrossControlDisabled 000000018000c1b0 f   plant_block_swing_catch_sfun_registry.obj
 0001:0000b220       ssSetIsInputPortUsedForContZcSignal 000000018000c220 f   plant_block_swing_catch_sfun_registry.obj
 0001:0000b290       ssSetZcSignalIsZcElementDisc 000000018000c290 f   plant_block_swing_catch_sfun_registry.obj
 0001:0000b340       ssSetZcSignalName          000000018000c340 f   plant_block_swing_catch_sfun_registry.obj
 0001:0000b3b0       ssSetZcSignalWidth         000000018000c3b0 f   plant_block_swing_catch_sfun_registry.obj
 0001:0000b420       ssSetZcSignalZcEventType   000000018000c420 f   plant_block_swing_catch_sfun_registry.obj
 0001:0000b490       ssSetZcSignalType          000000018000c490 f   plant_block_swing_catch_sfun_registry.obj
 0001:0000b500       ssSetZcSignalZcTol         000000018000c500 f   plant_block_swing_catch_sfun_registry.obj
 0001:0000b570       ssSetZcSignalNeedsEventNotification 000000018000c570 f   plant_block_swing_catch_sfun_registry.obj
 0001:0000b5e0       ssCreateAndAddZcSignalInfo 000000018000c5e0 f   plant_block_swing_catch_sfun_registry.obj
 0001:0000b650       ssCloneAndAddZcSignalInfo  000000018000c650 f   plant_block_swing_catch_sfun_registry.obj
 0001:0000b6c0       ssGetNumZcSignals          000000018000c6c0 f   plant_block_swing_catch_sfun_registry.obj
 0001:0000b730       ssGetZcSignalVector        000000018000c730 f   plant_block_swing_catch_sfun_registry.obj
 0001:0000b7a0       ssGetZcSignalZcEvents      000000018000c7a0 f   plant_block_swing_catch_sfun_registry.obj
 0001:0000b810       ssGetZcSignalName          000000018000c810 f   plant_block_swing_catch_sfun_registry.obj
 0001:0000b880       ssGetZcSignalWidth         000000018000c880 f   plant_block_swing_catch_sfun_registry.obj
 0001:0000b8f0       ssGetZcSignalZcEventType   000000018000c8f0 f   plant_block_swing_catch_sfun_registry.obj
 0001:0000b960       ssGetZcSignalType          000000018000c960 f   plant_block_swing_catch_sfun_registry.obj
 0001:0000b9d0       ssGetZcSignalZcTol         000000018000c9d0 f   plant_block_swing_catch_sfun_registry.obj
 0001:0000ba50       ssGetZcSignalNeedsEventNotification 000000018000ca50 f   plant_block_swing_catch_sfun_registry.obj
 0001:0000bac0       ssGetZcSignalIsZcElementDisc 000000018000cac0 f   plant_block_swing_catch_sfun_registry.obj
 0001:0000bb60       ssGetIsInputPortElementContinuous 000000018000cb60 f   plant_block_swing_catch_sfun_registry.obj
 0001:0000bc00       _ssGetInputPortSignalPtrsFcn 000000018000cc00 f   plant_block_swing_catch_sfun_registry.obj
 0001:0000bec0       _ssGetInputPortSignalFcn   000000018000cec0 f   plant_block_swing_catch_sfun_registry.obj
 0001:0000c0e0       _ssSetInputPortDirectFeedThroughFcn 000000018000d0e0 f   plant_block_swing_catch_sfun_registry.obj
 0001:0000c240       _ssSetInputPortReusableFcn 000000018000d240 f   plant_block_swing_catch_sfun_registry.obj
 0001:0000c330       _ssSetOutputPortReusableFcn 000000018000d330 f   plant_block_swing_catch_sfun_registry.obj
 0001:0000c410       ssGetDTypeIdFromMxArray    000000018000d410 f   plant_block_swing_catch_sfun_registry.obj
 0001:0000c530       ssWriteRTWStr              000000018000d530 f   plant_block_swing_catch_sfun_registry.obj
 0001:0000c590       ssWriteRTWMxVectParam      000000018000d590 f   plant_block_swing_catch_sfun_registry.obj
 0001:0000c5f0       ssWriteRTWMx2dMatParam     000000018000d5f0 f   plant_block_swing_catch_sfun_registry.obj
 0001:0000c670       ssWriteRTWNameValuePair    000000018000d670 f   plant_block_swing_catch_sfun_registry.obj
 0001:0000cb60       ssWriteRTWParameters       000000018000db60 f   plant_block_swing_catch_sfun_registry.obj
 0001:0000d160       ssWriteRTWParamSettings    000000018000e160 f   plant_block_swing_catch_sfun_registry.obj
 0001:0000d830       ssWriteRTWWorkVect         000000018000e830 f   plant_block_swing_catch_sfun_registry.obj
 0001:0000dd30       mexFunction                000000018000ed30 f   plant_block_swing_catch_sfun_registry.obj
 0001:0000fa80       ProcessMexSfunctionEveryCall 0000000180010a80 f   plant_block_swing_catch_sfun_registry.obj
 0001:0000fbf0       plant_block_swing_catch_initializer 0000000180010bf0 f   plant_block_swing_catch_sfun.obj
 0001:0000fc00       plant_block_swing_catch_terminator 0000000180010c00 f   plant_block_swing_catch_sfun.obj
 0001:0000fc10       sf_plant_block_swing_catch_method_dispatcher 0000000180010c10 f   plant_block_swing_catch_sfun.obj
 0001:0000fc60       sf_plant_block_swing_catch_process_testpoint_info_call 0000000180010c60 f   plant_block_swing_catch_sfun.obj
 0001:0000fde0       sf_plant_block_swing_catch_process_check_sum_call 0000000180010de0 f   plant_block_swing_catch_sfun.obj
 0001:000101f0       sf_plant_block_swing_catch_autoinheritance_info 00000001800111f0 f   plant_block_swing_catch_sfun.obj
 0001:00010360       sf_plant_block_swing_catch_get_eml_resolved_functions_info 0000000180011360 f   plant_block_swing_catch_sfun.obj
 0001:00010490       sf_plant_block_swing_catch_third_party_uses_info 0000000180011490 f   plant_block_swing_catch_sfun.obj
 0001:000105e0       plant_block_swing_catch_debug_initialize 00000001800115e0 f   plant_block_swing_catch_sfun.obj
 0001:00010660       plant_block_swing_catch_register_exported_symbols 0000000180011660 f   plant_block_swing_catch_sfun.obj
 0001:00010670       load_plant_block_swing_catch_optimization_info 0000000180011670 f   plant_block_swing_catch_sfun.obj
 0001:000106c0       unload_plant_block_swing_catch_optimization_info 00000001800116c0 f   plant_block_swing_catch_sfun.obj
 0001:000107e0       sf_mex_mx_is_numeric       00000001800117e0 f   sfc_mex:sfc_mex.obj
 0001:00010820       strcmp_ignore_ws           0000000180011820 f   sfc_mex:sfc_mex.obj
 0001:00010960       sf_mex_duplicatearraysafe  0000000180011960 f   sfc_mex:sfc_mex.obj
 0001:00010ac0       sf_set_error_debugger_context_message_fcn 0000000180011ac0 f   sfc_mex:sfc_mex.obj
 0001:00010ad0       sf_set_debugger_matlab_error_fcn 0000000180011ad0 f   sfc_mex:sfc_mex.obj
 0001:00010b10       sf_set_error_prefix_string 0000000180011b10 f   sfc_mex:sfc_mex.obj
 0001:00010b40       sf_get_error_prefix_string 0000000180011b40 f   sfc_mex:sfc_mex.obj
 0001:00010b50       sf_mex_enter_parallel_region 0000000180011b50 f   sfc_mex:sfc_mex.obj
 0001:00010b60       sf_mex_exit_parallel_region 0000000180011b60 f   sfc_mex:sfc_mex.obj
 0001:00010b70       sf_get_current_jmp_buf_ptr 0000000180011b70 f   sfc_mex:sfc_mex.obj
 0001:00010b80       sf_set_current_jmp_buf_ptr 0000000180011b80 f   sfc_mex:sfc_mex.obj
 0001:00010b90       sf_mex_set_halt_simulation 0000000180011b90 f   sfc_mex:sfc_mex.obj
 0001:00010ba0       sf_mex_get_halt_simulation 0000000180011ba0 f   sfc_mex:sfc_mex.obj
 0001:00010bb0       sf_mex_clear_error_message 0000000180011bb0 f   sfc_mex:sfc_mex.obj
 0001:00010bd0       sf_mex_get_error_message_for_read 0000000180011bd0 f   sfc_mex:sfc_mex.obj
 0001:00010be0       sf_mex_get_error_message_buffer_length 0000000180011be0 f   sfc_mex:sfc_mex.obj
 0001:00010cc0       sf_mex_warning_message     0000000180011cc0 f   sfc_mex:sfc_mex.obj
 0001:00010d30       sf_mex_v_errbuf_createf    0000000180011d30 f   sfc_mex:sfc_mex.obj
 0001:00010d40       sf_mex_errbuf_createf      0000000180011d40 f   sfc_mex:sfc_mex.obj
 0001:00010d70       sf_mex_v_errbuf_catf       0000000180011d70 f   sfc_mex:sfc_mex.obj
 0001:00010db0       sf_mex_errbuf_catf         0000000180011db0 f   sfc_mex:sfc_mex.obj
 0001:00010e00       sf_mex_errbuf_copy         0000000180011e00 f   sfc_mex:sfc_mex.obj
 0001:00010e10       sf_mex_errbuf_clear        0000000180011e10 f   sfc_mex:sfc_mex.obj
 0001:00010e20       sf_mex_errbuf_isempty      0000000180011e20 f   sfc_mex:sfc_mex.obj
 0001:00010f20       sf_mex_set_error_status    0000000180011f20 f   sfc_mex:sfc_mex.obj
 0001:00010f70       sf_mex_error_direct_call   0000000180011f70 f   sfc_mex:sfc_mex.obj
 0001:00010f90       sf_mex_error_message_no_long_jump 0000000180011f90 f   sfc_mex:sfc_mex.obj
 0001:00010fb0       sf_mex_long_jump_on_error  0000000180011fb0 f   sfc_mex:sfc_mex.obj
 0001:00010fe0       sf_mex_call_matlab         0000000180011fe0 f   sfc_mex:sfc_mex.obj
 0001:00011100       sf_mex_check_builtin       0000000180012100 f   sfc_mex:sfc_mex.obj
 0001:000111a0       sf_mex_check_builtin_vs    00000001800121a0 f   sfc_mex:sfc_mex.obj
 0001:00011260       sf_mex_check_enum          0000000180012260 f   sfc_mex:sfc_mex.obj
 0001:000112e0       sf_mex_create_enum         00000001800122e0 f   sfc_mex:sfc_mex.obj
 0001:00011350       sf_mex_get_enum_element    0000000180012350 f   sfc_mex:sfc_mex.obj
 0001:00011360       sf_mex_createcellarray     0000000180012360 f   sfc_mex:sfc_mex.obj
 0001:00011370       sf_mex_setcell             0000000180012370 f   sfc_mex:sfc_mex.obj
 0001:00011380       sf_mex_getcell             0000000180012380 f   sfc_mex:sfc_mex.obj
 0001:00011390       sf_mex_dup                 0000000180012390 f   sfc_mex:sfc_mex.obj
 0001:000113b0       sf_mex_assign              00000001800123b0 f   sfc_mex:sfc_mex.obj
 0001:00011430       sf_mex_destroy             0000000180012430 f   sfc_mex:sfc_mex.obj
 0001:00011460       mx_array_has_fi_type       0000000180012460 f   sfc_mex:sfc_mex.obj
 0001:00011490       sf_mex_convert_from_fi     0000000180012490 f   sfc_mex:sfc_mex.obj
 0001:000115c0       sf_mex_convert_to_double   00000001800125c0 f   sfc_mex:sfc_mex.obj
 0001:000116e0       sf_mex_import_fi_vs        00000001800126e0 f   sfc_mex:sfc_mex.obj
 0001:00011910       sf_matrix_matrix_index_ok  0000000180012910 f   sfc_mex:sfc_mex.obj
 0001:000119a0       sf_vector_vector_index_ok  00000001800129a0 f   sfc_mex:sfc_mex.obj
 0001:000119d0       ssGetCurrentInputPortDimensions_wrapper 00000001800129d0 f   sfc_mex:sfc_mex.obj
 0001:000119f0       ssGetCurrentOutputPortDimensions_wrapper 00000001800129f0 f   sfc_mex:sfc_mex.obj
 0001:00011a10       sf_mex_emlrt_context_is_debug_mode 0000000180012a10 f   sfc_mex:sfc_mex.obj
 0001:00011a20       sf_mex_emlrt_context_set_debug_mode 0000000180012a20 f   sfc_mex:sfc_mex.obj
 0001:00011a30       sf_mex_emlrtNameCapturePostProcessR2012a 0000000180012a30 f   sfc_mex:sfc_mex.obj
 0001:00011aa0       sf_clear_error_manager_info 0000000180012aa0 f   sfc_mex:sfc_mex.obj
 0001:00011b00       sf_mex_stop_simulation_abruptly_wo_error 0000000180012b00 f   sfc_mex:sfc_mex.obj
 0001:00011b40       sf_mex_error_message       0000000180012b40 f   sfc_mex:sfc_mex.obj
 0001:00011bb0       sf_react_to_error_in_matlab_call 0000000180012bb0 f   sfc_mex:sfc_mex.obj
 0001:00011be0       sf_mex_addfield            0000000180012be0 f   sfc_mex:sfc_mex.obj
 0001:00011c80       sf_mex_getfield            0000000180012c80 f   sfc_mex:sfc_mex.obj
 0001:00011f80       sf_mex_check_class         0000000180012f80 f   sfc_mex:sfc_mex.obj
 0001:00012020       sf_mex_is_real             0000000180013020 f   sfc_mex:sfc_mex.obj
 0001:00012490       sf_mex_decode_encoded_mx_struct_array 0000000180013490 f   sfc_mex:sfc_mex.obj
 0001:00012780       sf_mex_lw_bounds_check     0000000180013780 f   sfc_mex:sfc_mex.obj
 0001:000127b0       sf_mex_lw_size_eq_check_1d 00000001800137b0 f   sfc_mex:sfc_mex.obj
 0001:000127d0       sf_mex_lw_size_eq_check_nd 00000001800137d0 f   sfc_mex:sfc_mex.obj
 0001:000129b0       sf_mex_lw_dim_size_eq_check 00000001800139b0 f   sfc_mex:sfc_mex.obj
 0001:000129e0       sf_mex_lw_dim_size_geq_check 00000001800139e0 f   sfc_mex:sfc_mex.obj
 0001:00012a10       sf_mex_lw_sub_assign_size_check_nd 0000000180013a10 f   sfc_mex:sfc_mex.obj
 0001:00012be0       sf_mex_lw_runtime_error_msgid 0000000180013be0 f   sfc_mex:sfc_mex.obj
 0001:00012cd0       sf_mex_lw_matrix_matrix_index_check 0000000180013cd0 f   sfc_mex:sfc_mex.obj
 0001:00012cf0       sf_mex_lw_vector_vector_index_check 0000000180013cf0 f   sfc_mex:sfc_mex.obj
 0001:00012d30       sf_mex_lw_for_loop_vector_check 0000000180013d30 f   sfc_mex:sfc_mex.obj
 0001:00012dc0       sf_mex_lw_non_negative_check 0000000180013dc0 f   sfc_mex:sfc_mex.obj
 0001:00012e00       sf_mex_overflow_error      0000000180013e00 f   sfc_mex:sfc_mex.obj
 0001:00012e10       sf_mex_dividebyzero_error  0000000180013e10 f   sfc_mex:sfc_mex.obj
 0001:00012e20       sf_mex_unsafe_enum_error   0000000180013e20 f   sfc_mex:sfc_mex.obj
 0001:00012e30       sf_emlrtErrHandler         0000000180013e30 f   sfc_mex:sfc_mex.obj
 0001:00012f10       sf_mex_size_one_check      0000000180013f10 f   sfc_mex:sfc_mex.obj
 0001:00012f30       sf_mex_printf              0000000180013f30 f   sfc_mex:sfc_mex.obj
 0001:00013100       sf_mex_check_size          0000000180014100 f   sfc_mex:sfc_mex.obj
 0001:000133a0       sf_mex_check_struct        00000001800143a0 f   sfc_mex:sfc_mex.obj
 0001:00013600       sf_mex_check_struct_vs     0000000180014600 f   sfc_mex:sfc_mex.obj
 0001:00013690       sf_mex_check_fi            0000000180014690 f   sfc_mex:sfc_mex.obj
 0001:00013790       sf_mex_check_fi_vs         0000000180014790 f   sfc_mex:sfc_mex.obj
 0001:00013830       sf_echo_expression         0000000180014830 f   sfc_mex:sfc_mex.obj
 0001:00013890       sf_assertion_failed        0000000180014890 f   sfc_mex:sfc_mex.obj
 0001:00013b70       sf_mex_evalin              0000000180014b70 f   sfc_mex:sfc_mex.obj
 0001:00013de0       sf_mex_export              0000000180014de0 f   sfc_mex:sfc_mex.obj
 0001:00013ea0       sf_mex_get_ml_var_no_error 0000000180014ea0 f   sfc_mex:sfc_mex.obj
 0001:00014040       sf_mex_get_ml_var          0000000180015040 f   sfc_mex:sfc_mex.obj
 0001:000144d0       ml_set_element_value_in_array 00000001800154d0 f   sfc_mex:sfc_mex.obj
 0001:00015590       sf_mex_call_impl           0000000180016590 f   sfc_mex:sfc_mex.obj
 0001:000159b0       sf_mex_call_debug          00000001800169b0 f   sfc_mex:sfc_mex.obj
 0001:000159e0       sf_mex_call                00000001800169e0 f   sfc_mex:sfc_mex.obj
 0001:00016030       sf_mex_createstruct        0000000180017030 f   sfc_mex:sfc_mex.obj
 0001:00016140       sf_mex_createstructarray   0000000180017140 f   sfc_mex:sfc_mex.obj
 0001:000161c0       sf_mex_get_mx_datatype_from_sf_datatype 00000001800171c0 f   sfc_mex:sfc_mex.obj
 0001:000164d0       sf_mex_ml_var_sub          00000001800174d0 f   sfc_mex:sfc_mex.obj
 0001:000166b0       sf_mex_ml_var_subsasgn     00000001800176b0 f   sfc_mex:sfc_mex.obj
 0001:00016ab0       sf_mex_sub                 0000000180017ab0 f   sfc_mex:sfc_mex.obj
 0001:00016cc0       sf_mex_subsasgn            0000000180017cc0 f   sfc_mex:sfc_mex.obj
 0001:000171d0       sf_mex_create              00000001800181d0 f   sfc_mex:sfc_mex.obj
 0001:00017b70       sf_mex_import_named        0000000180018b70 f   sfc_mex:sfc_mex.obj
 0001:00017bd0       sf_mex_import              0000000180018bd0 f   sfc_mex:sfc_mex.obj
 0001:00017c20       sf_mex_import_vs           0000000180018c20 f   sfc_mex:sfc_mex.obj
 0001:00017d30       sf_mex_lower_fixpt_mx_array 0000000180018d30 f   sfc_mex:sfc_mex.obj
 0001:00018030       sf_send_message_wrapper    0000000180019030 f   sfc_mex:sfc_sf.obj
 0001:00018060       sf_receive_message_wrapper 0000000180019060 f   sfc_mex:sfc_sf.obj
 0001:000180a0       sf_check_out_message_wrapper 00000001800190a0 f   sfc_mex:sfc_sf.obj
 0001:000180e0       sf_check_in_message_wrapper 00000001800190e0 f   sfc_mex:sfc_sf.obj
 0001:00018120       sf_no_message_wrapper      0000000180019120 f   sfc_mex:sfc_sf.obj
 0001:000184b0       sim_mode_is_rtw_gen        00000001800194b0 f   sfc_mex:sfc_sf.obj
 0001:000184e0       sim_mode_is_external       00000001800194e0 f   sfc_mex:sfc_sf.obj
 0001:000184f0       sim_mode_is_modelref_sim   00000001800194f0 f   sfc_mex:sfc_sf.obj
 0001:00018510       mdlInitializeSizes         0000000180019510 f   sfc_mex:sfc_sf.obj
 0001:00018530       mdlInitializeSampleTimes   0000000180019530 f   sfc_mex:sfc_sf.obj
 0001:00018570       mdlZeroCrossings           0000000180019570 f   sfc_mex:sfc_sf.obj
 0001:00018660       mdlDerivatives             0000000180019660 f   sfc_mex:sfc_sf.obj
 0001:00018720       mdl_initialize_conditions_processing 0000000180019720 f   sfc_mex:sfc_sf.obj
 0001:00018750       mdlInitializeConditions    0000000180019750 f   sfc_mex:sfc_sf.obj
 0001:00018810       mdlGetSimState             0000000180019810 f   sfc_mex:sfc_sf.obj
 0001:00018820       mdlSetSimState             0000000180019820 f   sfc_mex:sfc_sf.obj
 0001:00018830       mdl_ext_mode_exec_processing 0000000180019830 f   sfc_mex:sfc_sf.obj
 0001:00018850       mdlExtModeExec             0000000180019850 f   sfc_mex:sfc_sf.obj
 0001:000189f0       mdlTerminate               00000001800199f0 f   sfc_mex:sfc_sf.obj
 0001:00018a60       mdlRTW                     0000000180019a60 f   sfc_mex:sfc_sf.obj
 0001:00018a90       mdlSetWorkWidths           0000000180019a90 f   sfc_mex:sfc_sf.obj
 0001:00018aa0       mdlProcessParameters       0000000180019aa0 f   sfc_mex:sfc_sf.obj
 0001:00018ab0       mdl_start_processing       0000000180019ab0 f   sfc_mex:sfc_sf.obj
 0001:00018b10       mdlStart                   0000000180019b10 f   sfc_mex:sfc_sf.obj
 0001:00018c20       mdlEnable                  0000000180019c20 f   sfc_mex:sfc_sf.obj
 0001:00018d00       mdlDisable                 0000000180019d00 f   sfc_mex:sfc_sf.obj
 0001:00018dc0       sf_get_chart_instance_ptr  0000000180019dc0 f   sfc_mex:sfc_sf.obj
 0001:00018de0       sf_load_rtw_optimization_info 0000000180019de0 f   sfc_mex:sfc_sf.obj
 0001:00018eb0       sf_update_buildInfo        0000000180019eb0 f   sfc_mex:sfc_sf.obj
 0001:00018fb0       sf_rtw_info_uint_prop      0000000180019fb0 f   sfc_mex:sfc_sf.obj
 0001:000190f0       sf_is_chart_inlinable      000000018001a0f0 f   sfc_mex:sfc_sf.obj
 0001:00019110       sf_mark_output_events_with_multiple_callers 000000018001a110 f   sfc_mex:sfc_sf.obj
 0001:000192a0       sf_mark_chart_reusable_outputs 000000018001a2a0 f   sfc_mex:sfc_sf.obj
 0001:00019500       sf_mark_chart_expressionable_inputs 000000018001a500 f   sfc_mex:sfc_sf.obj
 0001:00019760       sf_get_subchart_simstruct  000000018001a760 f   sfc_mex:sfc_sf.obj
 0001:000197b0       sf_get_fixpt_data_type_id  000000018001a7b0 f   sfc_mex:sfc_sf.obj
 0001:000197f0       sf_get_enum_data_type_id   000000018001a7f0 f   sfc_mex:sfc_sf.obj
 0001:00019830       sf_get_param_data_type_id  000000018001a830 f   sfc_mex:sfc_sf.obj
 0001:00019860       sf_mex_listen_for_ctrl_c_force 000000018001a860 f   sfc_mex:sfc_sf.obj
 0001:00019970       sf_mex_draw_now            000000018001a970 f   sfc_mex:sfc_sf.obj
 0001:000199b0       sf_mex_set_debugger_sim_status_listener_fcn 000000018001a9b0 f   sfc_mex:sfc_sf.obj
 0001:000199c0       sf_mex_listen_for_ctrl_c   000000018001a9c0 f   sfc_mex:sfc_sf.obj
 0001:00019a60       sf_mex_get_sfun_param      000000018001aa60 f   sfc_mex:sfc_sf.obj
 0001:00019ab0       sf_get_runtime_param_data  000000018001aab0 f   sfc_mex:sfc_sf.obj
 0001:00019af0       sf_call_output_fcn_call    000000018001aaf0 f   sfc_mex:sfc_sf.obj
 0001:00019c30       sf_call_output_fcn_enable  000000018001ac30 f   sfc_mex:sfc_sf.obj
 0001:00019cc0       sf_call_output_fcn_disable 000000018001acc0 f   sfc_mex:sfc_sf.obj
 0001:00019d50       sf_clear_rtw_identifier    000000018001ad50 f   sfc_mex:sfc_sf.obj
 0001:0001a570       sf_set_encoded_dwork_info  000000018001b570 f   sfc_mex:sfc_sf.obj
 0001:0001a5c0       sf_get_dwork_info_from_mat_file 000000018001b5c0 f   sfc_mex:sfc_sf.obj
 0001:0001a780       sf_set_rtw_dwork_info      000000018001b780 f   sfc_mex:sfc_sf.obj
 0001:0001a8f0       mdlOutputs                 000000018001b8f0 f   sfc_mex:sfc_sf.obj
 0001:0001aa10       sf_debug_chart_instance_initialized_quick 000000018001ba10 f   sfc_debug:sfcdebug.obj
 0001:0001aa90       sf_debug_disp              000000018001ba90 f   sfc_debug:sfcdebug.obj
 0001:0001ad60       sf_debug_data_runtime_size_mismatch_error_check 000000018001bd60 f   sfc_debug:sfcdebug.obj
 0001:0001ae10       sf_debug_try_loading_machine 000000018001be10 f   sfc_debug:sfcdebug.obj
 0001:0001af10       sf_debug_reset_current_state_configuration 000000018001bf10 f   sfc_debug:sfcdebug.obj
 0001:0001af90       sf_debug_store_current_state_configuration 000000018001bf90 f   sfc_debug:sfcdebug.obj
 0001:0001b010       sf_debug_restore_previous_state_configuration 000000018001c010 f   sfc_debug:sfcdebug.obj
 0001:0001b090       sf_debug_restore_previous_state_configuration2 000000018001c090 f   sfc_debug:sfcdebug.obj
 0001:0001b110       sf_debug_get_event_scope   000000018001c110 f   sfc_debug:sfcdebug.obj
 0001:0001b280       use_debugger_step_animation 000000018001c280 f   sfc_debug:sfcdebug.obj
 0001:0001b2a0       sf_debug_get_script_id     000000018001c2a0 f   sfc_debug:sfcdebug.obj
 0001:0001b330       sf_debug_set_script_translation 000000018001c330 f   sfc_debug:sfcdebug.obj
 0001:0001b4b0       sf_debug_extract_message_post_receive_info 000000018001c4b0 f   sfc_debug:sfcdebug.obj
 0001:0001b670       sf_debug_get_current_machine_id 000000018001c670 f   sfc_debug:sfcdebug.obj
 0001:0001b690       sf_debug_get_current_optional_integer 000000018001c690 f   sfc_debug:sfcdebug.obj
 0001:0001b6a0       sf_debug_get_current_machine_number 000000018001c6a0 f   sfc_debug:sfcdebug.obj
 0001:0001b6c0       sf_debug_get_current_machine_name 000000018001c6c0 f   sfc_debug:sfcdebug.obj
 0001:0001b6e0       sf_debug_get_current_chart_id 000000018001c6e0 f   sfc_debug:sfcdebug.obj
 0001:0001b720       sf_debug_get_current_chart_number 000000018001c720 f   sfc_debug:sfcdebug.obj
 0001:0001b730       sf_debug_get_current_instance_number 000000018001c730 f   sfc_debug:sfcdebug.obj
 0001:0001b740       sf_debug_get_current_is_minor_time_step 000000018001c740 f   sfc_debug:sfcdebug.obj
 0001:0001b7c0       sf_debug_get_current_object_type 000000018001c7c0 f   sfc_debug:sfcdebug.obj
 0001:0001b7d0       sf_debug_get_current_instance_handle 000000018001c7d0 f   sfc_debug:sfcdebug.obj
 0001:0001b830       sf_debug_get_current_event_type 000000018001c830 f   sfc_debug:sfcdebug.obj
 0001:0001b840       sf_debug_get_current_object_id 000000018001c840 f   sfc_debug:sfcdebug.obj
 0001:0001b880       sf_debug_get_current_active_event_type 000000018001c880 f   sfc_debug:sfcdebug.obj
 0001:0001b890       sf_debug_get_current_active_event_id 000000018001c890 f   sfc_debug:sfcdebug.obj
 0001:0001b8d0       sf_debug_get_current_tag_type 000000018001c8d0 f   sfc_debug:sfcdebug.obj
 0001:0001b8e0       sf_debug_get_current_simulation_time 000000018001c8e0 f   sfc_debug:sfcdebug.obj
 0001:0001b8f0       sf_debug_get_current_coverage_percentage 000000018001c8f0 f   sfc_debug:sfcdebug.obj
 0001:0001b900       sf_debug_current_statement_context 000000018001c900 f   sfc_debug:sfcdebug.obj
 0001:0001b980       sf_debug_get_current_statement_info 000000018001c980 f   sfc_debug:sfcdebug.obj
 0001:0001bb20       sf_debug_terminate_instance 000000018001cb20 f   sfc_debug:sfcdebug.obj
 0001:0001be40       sf_debug_assertion_failed  000000018001ce40 f   sfc_debug:sfcdebug.obj
 0001:0001c010       sf_debug_create_debug_instance_struct 000000018001d010 f   sfc_debug:sfcdebug.obj
 0001:0001c060       sf_debug_set_number_of_data_with_change_event_for_machine 000000018001d060 f   sfc_debug:sfcdebug.obj
 0001:0001c0b0       sf_debug_set_machine_event_thresholds 000000018001d0b0 f   sfc_debug:sfcdebug.obj
 0001:0001c0d0       sf_debug_set_machine_event_scope 000000018001d0d0 f   sfc_debug:sfcdebug.obj
 0001:0001c120       sf_debug_set_machine_data_thresholds 000000018001d120 f   sfc_debug:sfcdebug.obj
 0001:0001c170       sf_debug_set_machine_data_scope 000000018001d170 f   sfc_debug:sfcdebug.obj
 0001:0001c210       sf_debug_set_machine_data_name 000000018001d210 f   sfc_debug:sfcdebug.obj
 0001:0001c2c0       sf_debug_set_machine_data_size 000000018001d2c0 f   sfc_debug:sfcdebug.obj
 0001:0001c410       sf_debug_set_machine_data_type 000000018001d410 f   sfc_debug:sfcdebug.obj
 0001:0001c580       sf_debug_get_chart_data_number 000000018001d580 f   sfc_debug:sfcdebug.obj
 0001:0001c5a0       sf_debug_get_chart_event_number 000000018001d5a0 f   sfc_debug:sfcdebug.obj
 0001:0001c5c0       sf_debug_set_chart_state_info 000000018001d5c0 f   sfc_debug:sfcdebug.obj
 0001:0001c650       sf_debug_set_chart_decomposition 000000018001d650 f   sfc_debug:sfcdebug.obj
 0001:0001c6c0       sf_debug_set_chart_substate_count 000000018001d6c0 f   sfc_debug:sfcdebug.obj
 0001:0001c7a0       sf_debug_set_chart_substate_index 000000018001d7a0 f   sfc_debug:sfcdebug.obj
 0001:0001c820       sf_debug_set_chart_state_substate_count 000000018001d820 f   sfc_debug:sfcdebug.obj
 0001:0001c940       sf_debug_set_chart_state_substate_index 000000018001d940 f   sfc_debug:sfcdebug.obj
 0001:0001c9d0       sf_debug_set_number_of_data_with_change_event_for_chart 000000018001d9d0 f   sfc_debug:sfcdebug.obj
 0001:0001ca60       sf_debug_set_number_of_states_with_entry_event_for_chart 000000018001da60 f   sfc_debug:sfcdebug.obj
 0001:0001cae0       sf_debug_set_number_of_states_with_exit_event_for_chart 000000018001dae0 f   sfc_debug:sfcdebug.obj
 0001:0001cb60       sf_debug_set_chart_disable_implicit_casting 000000018001db60 f   sfc_debug:sfcdebug.obj
 0001:0001cbd0       sf_debug_set_chart_event_thresholds 000000018001dbd0 f   sfc_debug:sfcdebug.obj
 0001:0001cc50       sf_debug_set_chart_data_compiled_props 000000018001dc50 f   sfc_debug:sfcdebug.obj
 0001:0001cf90       sf_debug_set_chart_data_props 000000018001df90 f   sfc_debug:sfcdebug.obj
 0001:0001d2b0       sf_debug_check_fi_license  000000018001e2b0 f   sfc_debug:sfcdebug.obj
 0001:0001d470       sf_debug_symbol_scope_push 000000018001e470 f   sfc_debug:sfcdebug.obj
 0001:0001d4b0       sf_debug_symbol_scope_push_eml 000000018001e4b0 f   sfc_debug:sfcdebug.obj
 0001:0001d500       sf_debug_symbol_scope_pop  000000018001e500 f   sfc_debug:sfcdebug.obj
 0001:0001d540       sf_debug_symbol_scope_add_importable 000000018001e540 f   sfc_debug:sfcdebug.obj
 0001:0001d5c0       sf_debug_symbol_scope_add  000000018001e5c0 f   sfc_debug:sfcdebug.obj
 0001:0001d640       sf_debug_symbol_scope_add_dyn_importable 000000018001e640 f   sfc_debug:sfcdebug.obj
 0001:0001d700       sf_debug_symbol_scope_add_dyn 000000018001e700 f   sfc_debug:sfcdebug.obj
 0001:0001d740       sf_debug_symbol_scope_add_eml_importable 000000018001e740 f   sfc_debug:sfcdebug.obj
 0001:0001d780       sf_debug_symbol_scope_add_eml 000000018001e780 f   sfc_debug:sfcdebug.obj
 0001:0001d7c0       sf_debug_symbol_scope_add_eml_dyn_importable 000000018001e7c0 f   sfc_debug:sfcdebug.obj
 0001:0001d820       sf_debug_symbol_scope_add_eml_dyn 000000018001e820 f   sfc_debug:sfcdebug.obj
 0001:0001d880       sf_debug_symbol_switch     000000018001e880 f   sfc_debug:sfcdebug.obj
 0001:0001d8a0       sf_debug_symbol_scope_add_verbose 000000018001e8a0 f   sfc_debug:sfcdebug.obj
 0001:0001d970       sf_debug_set_machine_data_value_ptr 000000018001e970 f   sfc_debug:sfcdebug.obj
 0001:0001d9b0       sf_debug_set_instance_data_value_ptr 000000018001e9b0 f   sfc_debug:sfcdebug.obj
 0001:0001da80       sf_debug_unset_instance_data_value_ptr 000000018001ea80 f   sfc_debug:sfcdebug.obj
 0001:0001db30       sf_debug_set_chart_event_scope 000000018001eb30 f   sfc_debug:sfcdebug.obj
 0001:0001dbb0       sf_debug_set_chart_transition_coverage_maps 000000018001ebb0 f   sfc_debug:sfcdebug.obj
 0001:0001dcb0       sf_debug_set_chart_state_coverage_maps 000000018001ecb0 f   sfc_debug:sfcdebug.obj
 0001:0001dd80       sf_debug_set_instance_transition_coverage_weights 000000018001ed80 f   sfc_debug:sfcdebug.obj
 0001:0001de10       sf_debug_set_instance_state_coverage_weights 000000018001ee10 f   sfc_debug:sfcdebug.obj
 0001:0001e060       sf_debug_unload_machine    000000018001f060 f   sfc_debug:sfcdebug.obj
 0001:0001e0b0       sf_debug_load_machine      000000018001f0b0 f   sfc_debug:sfcdebug.obj
 0001:0001e1c0       sf_debug_set_active_instance_in_data_dictionary 000000018001f1c0 f   sfc_debug:sfcdebug.obj
 0001:0001e3a0       sf_debug_set_active_instance 000000018001f3a0 f   sfc_debug:sfcdebug.obj
 0001:0001e500       sf_debug_chart_visiblity_change 000000018001f500 f   sfc_debug:sfcdebug.obj
 0001:0001e5f0       sf_debug_select_chart      000000018001f5f0 f   sfc_debug:sfcdebug.obj
 0001:0001e750       sf_debug_set_instance_cv_ids 000000018001f750 f   sfc_debug:sfcdebug.obj
 0001:0001ea80       sf_debug_select_charts     000000018001fa80 f   sfc_debug:sfcdebug.obj
 0001:0001ec30       sf_debug_initialized       000000018001fc30 f   sfc_debug:sfcdebug.obj
 0001:0001ec50       sf_debug_is_uninterruptible 000000018001fc50 f   sfc_debug:sfcdebug.obj
 0001:0001ec80       sf_debug_initialize_debugger_gui 000000018001fc80 f   sfc_debug:sfcdebug.obj
 0001:0001f060       sf_debug_resume            0000000180020060 f   sfc_debug:sfcdebug.obj
 0001:0001f080       sf_debug_go                0000000180020080 f   sfc_debug:sfcdebug.obj
 0001:0001f090       sf_debug_break             0000000180020090 f   sfc_debug:sfcdebug.obj
 0001:0001f0a0       sf_debug_step_over         00000001800200a0 f   sfc_debug:sfcdebug.obj
 0001:0001f0b0       sf_debug_step_out          00000001800200b0 f   sfc_debug:sfcdebug.obj
 0001:0001f0c0       sf_debug_set_disable_all_breakpoints 00000001800200c0 f   sfc_debug:sfcdebug.obj
 0001:0001f0d0       sf_debug_disable_all_breakpoints_and_go 00000001800200d0 f   sfc_debug:sfcdebug.obj
 0001:0001f0e0       sf_debug_break_on_chart_entry 00000001800200e0 f   sfc_debug:sfcdebug.obj
 0001:0001f0f0       sf_debug_break_on_event_broadcast 00000001800200f0 f   sfc_debug:sfcdebug.obj
 0001:0001f100       sf_debug_break_on_state_entry 0000000180020100 f   sfc_debug:sfcdebug.obj
 0001:0001f110       sf_debug_break_between_times 0000000180020110 f   sfc_debug:sfcdebug.obj
 0001:0001f130       sf_debug_browse_data       0000000180020130 f   sfc_debug:sfcdebug.obj
 0001:0001f140       sf_debug_watch_data        0000000180020140 f   sfc_debug:sfcdebug.obj
 0001:0001f170       sf_debug_assign_data       0000000180020170 f   sfc_debug:sfcdebug.obj
 0001:0001f180       sf_debug_whos              0000000180020180 f   sfc_debug:sfcdebug.obj
 0001:0001f1a0       sf_debug_get_consistency_info 00000001800201a0 f   sfc_debug:sfcdebug.obj
 0001:0001f1b0       sf_debug_browse_trace      00000001800201b0 f   sfc_debug:sfcdebug.obj
 0001:0001f1c0       sf_debug_set_breakpoints   00000001800201c0 f   sfc_debug:sfcdebug.obj
 0001:0001f330       sf_debug_set_eml_breakpoints 0000000180020330 f   sfc_debug:sfcdebug.obj
 0001:0001f490       sf_debug_set_script_breakpoints 0000000180020490 f   sfc_debug:sfcdebug.obj
 0001:0001f510       sf_debug_add_script_breakpoints 0000000180020510 f   sfc_debug:sfcdebug.obj
 0001:0001f580       sf_debug_clear_script_breakpoints 0000000180020580 f   sfc_debug:sfcdebug.obj
 0001:0001f5f0       sf_debug_query_script_breakpoints 00000001800205f0 f   sfc_debug:sfcdebug.obj
 0001:0001f6a0       sf_debug_get_eml_script_id 00000001800206a0 f   sfc_debug:sfcdebug.obj
 0001:0001f6f0       sf_debug_set_watch         00000001800206f0 f   sfc_debug:sfcdebug.obj
 0001:0001f910       sf_debug_get_instance_handle 0000000180020910 f   sfc_debug:sfcdebug.obj
 0001:0001f9a0       sf_debug_get_active_states 00000001800209a0 f   sfc_debug:sfcdebug.obj
 0001:0001f9b0       sf_debug_set_honor_breakpoints 00000001800209b0 f   sfc_debug:sfcdebug.obj
 0001:0001f9c0       sf_debug_get_animation     00000001800209c0 f   sfc_debug:sfcdebug.obj
 0001:0001f9d0       sf_debug_set_animation     00000001800209d0 f   sfc_debug:sfcdebug.obj
 0001:0001f9e0       sf_debug_animate           00000001800209e0 f   sfc_debug:sfcdebug.obj
 0001:0001fa00       sf_debug_cycle_detection_check 0000000180020a00 f   sfc_debug:sfcdebug.obj
 0001:0001fa10       sf_debug_data_range_check  0000000180020a10 f   sfc_debug:sfcdebug.obj
 0001:0001fa20       sf_debug_transition_conflict_check 0000000180020a20 f   sfc_debug:sfcdebug.obj
 0001:0001fa30       sf_debug_state_consistency_check 0000000180020a30 f   sfc_debug:sfcdebug.obj
 0001:0001fa40       sf_debug_data_range_check_enabled 0000000180020a40 f   sfc_debug:sfcdebug.obj
 0001:0001fa60       sf_debug_transition_conflict_check_enabled 0000000180020a60 f   sfc_debug:sfcdebug.obj
 0001:0001fa80       sf_debug_transition_conflict_check_begin 0000000180020a80 f   sfc_debug:sfcdebug.obj
 0001:0001faa0       sf_debug_transition_conflict_check_end 0000000180020aa0 f   sfc_debug:sfcdebug.obj
 0001:0001fac0       sf_debug_stop_debugging    0000000180020ac0 f   sfc_debug:sfcdebug.obj
 0001:0001faf0       sf_debug_is_cycle_detected 0000000180020af0 f   sfc_debug:sfcdebug.obj
 0001:0001fb00       sf_debug_is_array_bounds_detected 0000000180020b00 f   sfc_debug:sfcdebug.obj
 0001:0001fb10       sf_debug_get_state_vectors_data_size 0000000180020b10 f   sfc_debug:sfcdebug.obj
 0001:0001fb50       sf_debug_get_state_vectors_data 0000000180020b50 f   sfc_debug:sfcdebug.obj
 0001:0001fc60       sf_debug_set_state_vectors_data 0000000180020c60 f   sfc_debug:sfcdebug.obj
 0001:0001fef0       sf_debug_get_script_index  0000000180020ef0 f   sfc_debug:sfcdebug.obj
 0001:00020080       sf_debug_add_script        0000000180021080 f   sfc_debug:sfcdebug.obj
 0001:00020210       cv_eval_point              0000000180021210 f   sfc_debug:sfcdebug.obj
 0001:00020380       cv_eval_testobjective      0000000180021380 f   sfc_debug:sfcdebug.obj
 0001:00020490       sf_debug_cv_init_state     0000000180021490 f   sfc_debug:sfcdebug.obj
 0001:000205c0       sf_debug_cv_init_chart     00000001800215c0 f   sfc_debug:sfcdebug.obj
 0001:000206b0       sf_debug_cv_init_trans     00000001800216b0 f   sfc_debug:sfcdebug.obj
 0001:000207c0       sf_debug_cv_init_saturation 00000001800217c0 f   sfc_debug:sfcdebug.obj
 0001:000208c0       sf_debug_cv_init_testobjectives 00000001800218c0 f   sfc_debug:sfcdebug.obj
 0001:00020aa0       cv_eml_init_script         0000000180021aa0 f   sfc_debug:sfcdebug.obj
 0001:00020bc0       cv_eml_init_fcn            0000000180021bc0 f   sfc_debug:sfcdebug.obj
 0001:00020cd0       cv_eml_init_testobjective  0000000180021cd0 f   sfc_debug:sfcdebug.obj
 0001:00020db0       cv_eml_init_saturation     0000000180021db0 f   sfc_debug:sfcdebug.obj
 0001:00020e80       cv_eml_init_if             0000000180021e80 f   sfc_debug:sfcdebug.obj
 0001:00020f60       cv_eml_init_for            0000000180021f60 f   sfc_debug:sfcdebug.obj
 0001:00021030       cv_eml_init_while          0000000180022030 f   sfc_debug:sfcdebug.obj
 0001:00021100       cv_eml_init_mcdc           0000000180022100 f   sfc_debug:sfcdebug.obj
 0001:00021220       cv_eml_init_switch         0000000180022220 f   sfc_debug:sfcdebug.obj
 0001:00021320       cv_eml_eval                0000000180022320 f   sfc_debug:sfcdebug.obj
 0001:00021410       sf_debug_bm_is_a_eml_breakpoint 0000000180022410 f   sfc_debug:sfcdebug.obj
 0001:00021560       sf_debug_temporal_threshold 0000000180022560 f   sfc_debug:sfcdebug.obj
 0001:000218d0       sf_debug_transition_conflict_error 00000001800228d0 f   sfc_debug:sfcdebug.obj
 0001:00021c30       sf_debug_state_inconsistency_error 0000000180022c30 f   sfc_debug:sfcdebug.obj
 0001:00021d50       sf_debug_check_for_state_inconsistency 0000000180022d50 f   sfc_debug:sfcdebug.obj
 0001:00021d90       sf_debug_cycle_detecton_error 0000000180022d90 f   sfc_debug:sfcdebug.obj
 0001:000224e0       sf_debug_size_eq_check_1d  00000001800234e0 f   sfc_debug:sfcdebug.obj
 0001:00022500       sf_debug_size_eq_check_nd  0000000180023500 f   sfc_debug:sfcdebug.obj
 0001:00022700       sf_debug_dim_size_eq_check 0000000180023700 f   sfc_debug:sfcdebug.obj
 0001:00022730       sf_debug_dim_size_geq_check 0000000180023730 f   sfc_debug:sfcdebug.obj
 0001:00022760       sf_debug_sub_assign_size_check_nd 0000000180023760 f   sfc_debug:sfcdebug.obj
 0001:00022940       sf_debug_matrix_matrix_index_check 0000000180023940 f   sfc_debug:sfcdebug.obj
 0001:00022990       sf_debug_vector_vector_index_check 0000000180023990 f   sfc_debug:sfcdebug.obj
 0001:000229e0       sf_debug_for_loop_vector_check 00000001800239e0 f   sfc_debug:sfcdebug.obj
 0001:00022a80       sf_debug_runtime_error_msgid 0000000180023a80 f   sfc_debug:sfcdebug.obj
 0001:00022b20       sf_debug_data_array_bounds_error_check 0000000180023b20 f   sfc_debug:sfcdebug.obj
 0001:00022c30       sf_debug_eml_data_array_bounds_error_check 0000000180023c30 f   sfc_debug:sfcdebug.obj
 0001:000230f0       sf_debug_integer_check     00000001800240f0 f   sfc_debug:sfcdebug.obj
 0001:000231e0       sf_debug_not_nan_check     00000001800241e0 f   sfc_debug:sfcdebug.obj
 0001:000232b0       sf_debug_non_negative_check 00000001800242b0 f   sfc_debug:sfcdebug.obj
 0001:00023380       sf_debug_overflow_detection 0000000180024380 f   sfc_debug:sfcdebug.obj
 0001:000239e0       sf_debug_cast_to_real32_T  00000001800249e0 f   sfc_debug:sfcdebug.obj
 0001:00023ab0       sf_debug_cast_to_int8_T    0000000180024ab0 f   sfc_debug:sfcdebug.obj
 0001:00023b80       sf_debug_cast_to_uint8_T   0000000180024b80 f   sfc_debug:sfcdebug.obj
 0001:00023c50       sf_debug_cast_to_int16_T   0000000180024c50 f   sfc_debug:sfcdebug.obj
 0001:00023d20       sf_debug_cast_to_uint16_T  0000000180024d20 f   sfc_debug:sfcdebug.obj
 0001:00023df0       sf_debug_cast_to_int32_T   0000000180024df0 f   sfc_debug:sfcdebug.obj
 0001:00023ec0       sf_debug_cast_to_uint32_T  0000000180024ec0 f   sfc_debug:sfcdebug.obj
 0001:00023f90       sf_debug_data_range_error  0000000180024f90 f   sfc_debug:sfcdebug.obj
 0001:000242a0       sf_debug_read_before_write_check 00000001800252a0 f   sfc_debug:sfcdebug.obj
 0001:000246d0       sf_debug_data_range_error_wrapper_min_max 00000001800256d0 f   sfc_debug:sfcdebug.obj
 0001:000247f0       sf_debug_data_range_error_wrapper_min 00000001800257f0 f   sfc_debug:sfcdebug.obj
 0001:00024900       sf_debug_data_range_error_wrapper_max 0000000180025900 f   sfc_debug:sfcdebug.obj
 0001:00024a10       sf_debug_data_range_wrapper 0000000180025a10 f   sfc_debug:sfcdebug.obj
 0001:00024ad0       sf_debug_set_current_status_info 0000000180025ad0 f   sfc_debug:sfcdebug.obj
 0001:00024e70       sf_debug_register_message_post_receive_info 0000000180025e70 f   sfc_debug:sfcdebug.obj
 0001:000250c0       sf_debug_call              00000001800260c0 f   sfc_debug:sfcdebug.obj
 0001:00025a20       sf_debug_initialize_machine 0000000180026a20 f   sfc_debug:sfcdebug.obj
 0001:00025cd0       sf_debug_initialize_chart  0000000180026cd0 f   sfc_debug:sfcdebug.obj
 0001:00026120       sf_debug_ensure_script     0000000180027120 f   sfc_debug:sfcdebug.obj
 0001:000261d0       cv_eval_saturation         00000001800271d0 f   sfc_debug:sfcdebug.obj
 0001:00026350       cv_saturation_accum        0000000180027350 f   sfc_debug:sfcdebug.obj
 0001:00026490       cv_script_init_script      0000000180027490 f   sfc_debug:sfcdebug.obj
 0001:00026580       cv_script_init_fcn         0000000180027580 f   sfc_debug:sfcdebug.obj
 0001:00026640       cv_script_init_testobjective 0000000180027640 f   sfc_debug:sfcdebug.obj
 0001:00026700       cv_script_init_saturation  0000000180027700 f   sfc_debug:sfcdebug.obj
 0001:000267b0       cv_script_init_if          00000001800277b0 f   sfc_debug:sfcdebug.obj
 0001:00026870       cv_script_init_for         0000000180027870 f   sfc_debug:sfcdebug.obj
 0001:00026920       cv_script_init_while       0000000180027920 f   sfc_debug:sfcdebug.obj
 0001:000269d0       cv_script_init_mcdc        00000001800279d0 f   sfc_debug:sfcdebug.obj
 0001:00026ad0       cv_script_init_switch      0000000180027ad0 f   sfc_debug:sfcdebug.obj
 0001:00026bb0       cv_script_eval             0000000180027bb0 f   sfc_debug:sfcdebug.obj
 0001:00026c80       eml_debug_line_call        0000000180027c80 f   sfc_debug:sfcdebug.obj
 0001:00026e50       sf_debug_terminate         0000000180027e50 f   sfc_debug:sfcdebug.obj
 0001:00027060       sf_debug_set_script_cv_ids 0000000180028060 f   sfc_debug:sfcdebug.obj
 0001:00027190       sf_debug_api               0000000180028190 f   sfc_debug:sfc_api.obj
 0001:00028a80       sf_debug_sm_terminate      0000000180029a80 f   sfc_debug:sfdb_animation.obj
 0001:00028c30       sf_debug_reset_path_objects 0000000180029c30 f   sfc_debug:sfdb_animation.obj
 0001:00028cb0       sf_debug_sm_reset_object_selection_status 0000000180029cb0 f   sfc_debug:sfdb_animation.obj
 0001:00028d50       sf_debug_sm_reset_state_buffer 0000000180029d50 f   sfc_debug:sfdb_animation.obj
 0001:00028e20       sf_debug_sm_store_state_buffer 0000000180029e20 f   sfc_debug:sfdb_animation.obj
 0001:00028ea0       sf_debug_sm_restore_state_buffer1 0000000180029ea0 f   sfc_debug:sfdb_animation.obj
 0001:00028f10       sf_debug_sm_restore_state_buffer2 0000000180029f10 f   sfc_debug:sfdb_animation.obj
 0001:00028f80       sf_debug_sm_chart_active   0000000180029f80 f   sfc_debug:sfdb_animation.obj
 0001:00028fd0       sf_debug_sm_select_active_objects 0000000180029fd0 f   sfc_debug:sfdb_animation.obj
 0001:000294a0       sf_debug_sm_is_chart_active 000000018002a4a0 f   sfc_debug:sfdb_animation.obj
 0001:000294e0       sf_debug_sm_is_state_active 000000018002a4e0 f   sfc_debug:sfdb_animation.obj
 0001:00029720       sf_debug_sm_get_active_states 000000018002a720 f   sfc_debug:sfdb_animation.obj
 0001:00029cd0       sf_debug_sm_initialize_instance 000000018002acd0 f   sfc_debug:sfdb_animation.obj
 0001:00029ee0       sf_debug_sm_change_object_selection_status 000000018002aee0 f   sfc_debug:sfdb_animation.obj
 0001:0002a1b0       cv_create_interface        000000018002b1b0 f   sfc_debug:cv_sfinterface.obj
 0001:0002a4c0       cv_init_trans              000000018002b4c0 f   sfc_debug:cv_sfinterface.obj
 0001:0002a510       cv_init_saturation         000000018002b510 f   sfc_debug:cv_sfinterface.obj
 0001:0002a550       cv_init_testobjective      000000018002b550 f   sfc_debug:cv_sfinterface.obj
 0001:0002a590       cv_init_state              000000018002b590 f   sfc_debug:cv_sfinterface.obj
 0001:0002a600       cv_init_chart              000000018002b600 f   sfc_debug:cv_sfinterface.obj
 0001:0002a650       cv_dec_update_call         000000018002b650 f   sfc_debug:cv_sfinterface.obj
 0001:0002a690       cv_cond_update_call        000000018002b690 f   sfc_debug:cv_sfinterface.obj
 0001:0002a6d0       cv_saturation_update_call  000000018002b6d0 f   sfc_debug:cv_sfinterface.obj
 0001:0002a710       cv_saturation_update_accum 000000018002b710 f   sfc_debug:cv_sfinterface.obj
 0001:0002a750       cv_testobjective_update_call 000000018002b750 f   sfc_debug:cv_sfinterface.obj
 0001:0002a790       cv_sigrange_update         000000018002b790 f   sfc_debug:cv_sfinterface.obj
 0001:0002a7d0       cvsf_eml_eval              000000018002b7d0 f   sfc_debug:cv_sfinterface.obj
 0001:0002a8b0       cvsf_eml_init_script       000000018002b8b0 f   sfc_debug:cv_sfinterface.obj
 0001:0002a940       cvsf_eml_init_fcn          000000018002b940 f   sfc_debug:cv_sfinterface.obj
 0001:0002a9a0       cvsf_eml_init_testobjective 000000018002b9a0 f   sfc_debug:cv_sfinterface.obj
 0001:0002aa00       cvsf_eml_init_saturation   000000018002ba00 f   sfc_debug:cv_sfinterface.obj
 0001:0002aa50       cvsf_eml_init_if           000000018002ba50 f   sfc_debug:cv_sfinterface.obj
 0001:0002aab0       cvsf_eml_init_for          000000018002bab0 f   sfc_debug:cv_sfinterface.obj
 0001:0002ab00       cvsf_eml_init_while        000000018002bb00 f   sfc_debug:cv_sfinterface.obj
 0001:0002ab50       cvsf_eml_init_mcdc         000000018002bb50 f   sfc_debug:cv_sfinterface.obj
 0001:0002abe0       cvsf_eml_init_switch       000000018002bbe0 f   sfc_debug:cv_sfinterface.obj
 0001:0002ac50       cvsf_script_eval           000000018002bc50 f   sfc_debug:cv_sfinterface.obj
 0001:0002ad30       cvsf_script_init_script    000000018002bd30 f   sfc_debug:cv_sfinterface.obj
 0001:0002adc0       cvsf_script_init_fcn       000000018002bdc0 f   sfc_debug:cv_sfinterface.obj
 0001:0002ae20       cvsf_script_init_testobjective 000000018002be20 f   sfc_debug:cv_sfinterface.obj
 0001:0002ae80       cvsf_script_init_saturation 000000018002be80 f   sfc_debug:cv_sfinterface.obj
 0001:0002aed0       cvsf_script_init_if        000000018002bed0 f   sfc_debug:cv_sfinterface.obj
 0001:0002af30       cvsf_script_init_for       000000018002bf30 f   sfc_debug:cv_sfinterface.obj
 0001:0002af80       cvsf_script_init_while     000000018002bf80 f   sfc_debug:cv_sfinterface.obj
 0001:0002afd0       cvsf_script_init_mcdc      000000018002bfd0 f   sfc_debug:cv_sfinterface.obj
 0001:0002b060       cvsf_script_init_switch    000000018002c060 f   sfc_debug:cv_sfinterface.obj
 0001:0002b0d0       cv_destroy_interface       000000018002c0d0 f   sfc_debug:cv_sfinterface.obj
 0001:0002b0f0       cv_create_instance_objects 000000018002c0f0 f   sfc_debug:cv_sfinterface.obj
 0001:0002b560       cv_is_enabled              000000018002c560 f   sfc_debug:cv_sfinterface.obj
 0001:0002b570       sf_debug_cv_initialize_script 000000018002c570 f   sfc_debug:cv_sfinterface.obj
 0001:0002b700       sf_debug_cv_initialize_instance 000000018002c700 f   sfc_debug:cv_sfinterface.obj
 0001:0002ba90       sf_debug_cv_terminate_chart 000000018002ca90 f   sfc_debug:cv_sfinterface.obj
 0001:0002bbb0       cv_call_trans_test         000000018002cbb0 f   sfc_debug:cv_sfinterface.obj
 0001:0002bbc0       cv_call_sub_cond_test      000000018002cbc0 f   sfc_debug:cv_sfinterface.obj
 0001:0002bc00       sf_debug_st_initialize_machine 000000018002cc00 f   sfc_debug:sfdb_data_browse.obj
 0001:0002bcb0       sf_debug_st_initialize_instance 000000018002ccb0 f   sfc_debug:sfdb_data_browse.obj
 0001:0002bec0       sf_debug_st_terminate      000000018002cec0 f   sfc_debug:sfdb_data_browse.obj
 0001:0002c260       sf_debug_st_set_data_value_ptr_in_machine 000000018002d260 f   sfc_debug:sfdb_data_browse.obj
 0001:0002c2f0       sf_debug_st_set_data_value_ptr_in_instance 000000018002d2f0 f   sfc_debug:sfdb_data_browse.obj
 0001:0002c3d0       sf_debug_st_unset_data_value_ptr_in_machine 000000018002d3d0 f   sfc_debug:sfdb_data_browse.obj
 0001:0002c440       sf_debug_st_unset_data_value_ptr_in_instance 000000018002d440 f   sfc_debug:sfdb_data_browse.obj
 0001:0002c700       sf_debug_mx_value          000000018002d700 f   sfc_debug:sfdb_data_browse.obj
 0001:0002c760       sf_debug_mx_packed_vector  000000018002d760 f   sfc_debug:sfdb_data_browse.obj
 0001:0002c840       sf_debug_mx_uint_vector    000000018002d840 f   sfc_debug:sfdb_data_browse.obj
 0001:0002c8f0       sf_debug_st_get_double_value_from_void_ptr_vector 000000018002d8f0 f   sfc_debug:sfdb_data_browse.obj
 0001:0002d3d0       sf_debug_st_browse_data    000000018002e3d0 f   sfc_debug:sfdb_data_browse.obj
 0001:0002dc10       sf_debug_hm_initialize_instance 000000018002ec10 f   sfc_debug:sfdb_handle_management.obj
 0001:0002e0f0       sf_debug_hm_get_object_id  000000018002f0f0 f   sfc_debug:sfdb_handle_management.obj
 0001:0002eca0       sf_debug_hm_update_chart_visibility 000000018002fca0 f   sfc_debug:sfdb_handle_management.obj
 0001:0002fe90       sf_debug_object_is_eml_function 0000000180030e90 f   sfc_debug:sfdb_handle_management.obj
 0001:0002ff00       sf_debug_hm_initialize_ids_in_machine 0000000180030f00 f   sfc_debug:sfdb_handle_management.obj
 0001:00030070       sf_debug_hm_initialize_ids_in_chart 0000000180031070 f   sfc_debug:sfdb_handle_management.obj
 0001:00030170       sf_debug_hm_initialize_chart 0000000180031170 f   sfc_debug:sfdb_handle_management.obj
 0001:00030870       sf_debug_hm_terminate      0000000180031870 f   sfc_debug:sfdb_handle_management.obj
 0001:000308d0       sf_debug_hm_initialize_machine 00000001800318d0 f   sfc_debug:sfdb_handle_management.obj
 0001:00030ff0       sf_debug_ss_initialize     0000000180031ff0 f   sfc_debug:sfdb_symbol_scope.obj
 0001:00031010       sf_debug_ss_terminate      0000000180032010 f   sfc_debug:sfdb_symbol_scope.obj
 0001:000310a0       sf_debug_ss_push_symbol_scope 00000001800320a0 f   sfc_debug:sfdb_symbol_scope.obj
 0001:000311a0       sf_debug_ss_push_symbol_scope_eml 00000001800321a0 f   sfc_debug:sfdb_symbol_scope.obj
 0001:00031200       sf_debug_ss_pop_symbol_scope 0000000180032200 f   sfc_debug:sfdb_symbol_scope.obj
 0001:000312b0       sf_debug_ss_add_symbol     00000001800322b0 f   sfc_debug:sfdb_symbol_scope.obj
 0001:00031420       sf_debug_ss_add_symbol_eml 0000000180032420 f   sfc_debug:sfdb_symbol_scope.obj
 0001:00032320       sf_debug_ss_set_data_value 0000000180033320 f   sfc_debug:sfdb_symbol_scope.obj
 0001:00032770       getInstanceNumber          0000000180033770 f   sfc_debug:sfdb_symbol_scope.obj
 0001:00032840       sf_debug_ss_watch_data     0000000180033840 f   sfc_debug:sfdb_symbol_scope.obj
 0001:00032a30       sf_debug_ss_assign_data    0000000180033a30 f   sfc_debug:sfdb_symbol_scope.obj
 0001:00033440       get_data_entry_name        0000000180034440 f   sfc_debug:sfdb_symbol_scope.obj
 0001:00033490       sf_debug_ss_whos           0000000180034490 f   sfc_debug:sfdb_symbol_scope.obj
 0001:00033ae0       sf_debug_cc_initialize_chart 0000000180034ae0 f   sfc_debug:sfdb_coverage.obj
 0001:000344d0       sf_debug_cc_initialize_instance 00000001800354d0 f   sfc_debug:sfdb_coverage.obj
 0001:00035210       sf_debug_cc_terminate      0000000180036210 f   sfc_debug:sfdb_coverage.obj
 0001:00035300       sf_debug_cc_set_transition_maps 0000000180036300 f   sfc_debug:sfdb_coverage.obj
 0001:00035430       sf_debug_cc_set_state_maps 0000000180036430 f   sfc_debug:sfdb_coverage.obj
 0001:00035510       sf_debug_cc_set_transition_weights 0000000180036510 f   sfc_debug:sfdb_coverage.obj
 0001:000357d0       sf_debug_cc_set_state_weights 00000001800367d0 f   sfc_debug:sfdb_coverage.obj
 0001:00035aa0       sf_debug_cc_mark_transition_guard 0000000180036aa0 f   sfc_debug:sfdb_coverage.obj
 0001:00035b30       sf_debug_cc_mark_transition_trigger 0000000180036b30 f   sfc_debug:sfdb_coverage.obj
 0001:00035bc0       sf_debug_cc_mark_transition_decision 0000000180036bc0 f   sfc_debug:sfdb_coverage.obj
 0001:00035c30       sf_debug_cc_mark_transition_condition_action 0000000180036c30 f   sfc_debug:sfdb_coverage.obj
 0001:00035c80       sf_debug_cc_mark_transition_transition_action 0000000180036c80 f   sfc_debug:sfdb_coverage.obj
 0001:00035cd0       sf_debug_cc_mark_state_entry 0000000180036cd0 f   sfc_debug:sfdb_coverage.obj
 0001:00035d20       sf_debug_cc_mark_state_during 0000000180036d20 f   sfc_debug:sfdb_coverage.obj
 0001:00035d70       sf_debug_cc_mark_state_exit 0000000180036d70 f   sfc_debug:sfdb_coverage.obj
 0001:00035dc0       sf_debug_bm_clear_script_breakpoints 0000000180036dc0 f   sfc_debug:sfdb_breakpoints.obj
 0001:00035df0       sf_debug_bm_set_script_breakpoint 0000000180036df0 f   sfc_debug:sfdb_breakpoints.obj
 0001:00035e70       sf_debug_bm_clear_single_script_breakpoint 0000000180036e70 f   sfc_debug:sfdb_breakpoints.obj
 0001:00035ef0       sf_debug_bm_query_script_breakpoint 0000000180036ef0 f   sfc_debug:sfdb_breakpoints.obj
 0001:00035f40       sf_debug_bm_initialize_scripts 0000000180036f40 f   sfc_debug:sfdb_breakpoints.obj
 0001:000365d0       sf_debug_bm_terminate      00000001800375d0 f   sfc_debug:sfdb_breakpoints.obj
 0001:000368b0       sf_debug_bm_remove_all_breakpoints_in_machine 00000001800378b0 f   sfc_debug:sfdb_breakpoints.obj
 0001:00036910       sf_debug_bm_remove_all_breakpoints_in_chart 0000000180037910 f   sfc_debug:sfdb_breakpoints.obj
 0001:00036a60       sf_debug_bm_initialize_global_breakpoints 0000000180037a60 f   sfc_debug:sfdb_breakpoints.obj
 0001:00036be0       sf_debug_bm_set_breakpoint 0000000180037be0 f   sfc_debug:sfdb_breakpoints.obj
 0001:000371a0       sf_debug_bm_set_eml_breakpoint 00000001800381a0 f   sfc_debug:sfdb_breakpoints.obj
 0001:00037230       sf_debug_bm_initialize_machine_breakpoint_map 0000000180038230 f   sfc_debug:sfdb_breakpoints.obj
 0001:00037650       sf_debug_bm_is_a_breakpoint 0000000180038650 f   sfc_debug:sfdb_breakpoints.obj
 0001:00037b70       sf_debug_bm_get_all_breakpoints_in_machine 0000000180038b70 f   sfc_debug:sfdb_breakpoints.obj
 0001:00037e70       sf_debug_bm_get_all_breakpoints_in_chart 0000000180038e70 f   sfc_debug:sfdb_breakpoints.obj
 0001:00038a00       sf_debug_bm_initialize_machine 0000000180039a00 f   sfc_debug:sfdb_breakpoints.obj
 0001:00038ad0       sf_debug_bm_initialize_chart 0000000180039ad0 f   sfc_debug:sfdb_breakpoints.obj
 0001:00038ec0       sf_debug_sc_terminate      0000000180039ec0 f   sfc_debug:sfdb_state_consistency.obj
 0001:000391e0       sf_debug_sc_is_chart_consistent 000000018003a1e0 f   sfc_debug:sfdb_state_consistency.obj
 0001:00039490       sf_debug_sc_get_consistency_error_info 000000018003a490 f   sfc_debug:sfdb_state_consistency.obj
 0001:000398a0       sf_debug_tm_terminate      000000018003a8a0 f   sfc_debug:sfdb_call_stack.obj
 0001:00039950       sf_debug_tm_push_chart_instance 000000018003a950 f   sfc_debug:sfdb_call_stack.obj
 0001:00039a90       sf_debug_tm_pop_chart_instance 000000018003aa90 f   sfc_debug:sfdb_call_stack.obj
 0001:00039af0       sf_debug_tm_push_trace_node 000000018003aaf0 f   sfc_debug:sfdb_call_stack.obj
 0001:00039c70       sf_debug_tm_pop_trace_node 000000018003ac70 f   sfc_debug:sfdb_call_stack.obj
 0001:00039cf0       sf_debug_tm_get_current_global_trace_index 000000018003acf0 f   sfc_debug:sfdb_call_stack.obj
 0001:00039d00       sf_debug_tm_get_current_local_trace_index 000000018003ad00 f   sfc_debug:sfdb_call_stack.obj
 0001:00039d30       sf_debug_tm_set_cycle_detected_flag 000000018003ad30 f   sfc_debug:sfdb_call_stack.obj
 0001:00039d70       sf_debug_tm_set_cycle_started_flag 000000018003ad70 f   sfc_debug:sfdb_call_stack.obj
 0001:00039db0       sf_debug_tm_get_chart_number_from_stack 000000018003adb0 f   sfc_debug:sfdb_call_stack.obj
 0001:00039fb0       sf_debug_tm_browse_trace   000000018003afb0 f   sfc_debug:sfdb_call_stack.obj
 0001:0003a2c0       sf_debug_cd_initialize_instance 000000018003b2c0 f   sfc_debug:sfdb_cycle_detection.obj
 0001:0003a570       sf_debug_cd_mark_processed_transition_in_instance 000000018003b570 f   sfc_debug:sfdb_cycle_detection.obj
 0001:0003a610       sf_debug_cd_checksum_push  000000018003b610 f   sfc_debug:sfdb_cycle_detection.obj
 0001:0003a8c0       sf_debug_cd_checksum_pop   000000018003b8c0 f   sfc_debug:sfdb_cycle_detection.obj
 0001:0003a930       sf_debug_cd_turn_off_cycle_detection 000000018003b930 f   sfc_debug:sfdb_cycle_detection.obj
 0001:0003a980       sf_debug_cd_terminate      000000018003b980 f   sfc_debug:sfdb_cycle_detection.obj
 0001:0003abb0       md5_initialize_state       000000018003bbb0 f   sfc_debug:ckmd5.obj
 0001:0003b640       md5_update_state           000000018003c640 f   sfc_debug:ckmd5.obj
 0001:0003b660       md5_get_hash               000000018003c660 f   sfc_debug:ckmd5.obj
 0001:0003b690       md5_get_hash_for_a_single_string 000000018003c690 f   sfc_debug:ckmd5.obj
 0001:0003b6f0       mxGetPr                    000000018003c6f0 f   libmx:libmx.dll
 0001:0003b6f6       mxCreateDoubleScalar       000000018003c6f6 f   libmx:libmx.dll
 0001:0003b6fc       mxCreateDoubleMatrix_730   000000018003c6fc f   libmx:libmx.dll
 0001:0003b702       mxSetField_730             000000018003c702 f   libmx:libmx.dll
 0001:0003b708       mxCreateString             000000018003c708 f   libmx:libmx.dll
 0001:0003b70e       mxCreateStructMatrix_730   000000018003c70e f   libmx:libmx.dll
 0001:0003b714       mxCreateCellMatrix_730     000000018003c714 f   libmx:libmx.dll
 0001:0003b71a       mxDestroyArray             000000018003c71a f   libmx:libmx.dll
 0001:0003b720       mxDuplicateArray           000000018003c720 f   libmx:libmx.dll
 0001:0003b726       mxGetString_730            000000018003c726 f   libmx:libmx.dll
 0001:0003b72c       mxIsChar                   000000018003c72c f   libmx:libmx.dll
 0001:0003b732       mxGetClassID               000000018003c732 f   libmx:libmx.dll
 0001:0003b738       mxIsNumeric                000000018003c738 f   libmx:libmx.dll
 0001:0003b73e       mxIsComplex                000000018003c73e f   libmx:libmx.dll
 0001:0003b744       mxGetN                     000000018003c744 f   libmx:libmx.dll
 0001:0003b74a       mxGetM                     000000018003c74a f   libmx:libmx.dll
 0001:0003b750       mxCalloc                   000000018003c750 f   libmx:libmx.dll
 0001:0003b756       mxGetScalar                000000018003c756 f   libmx:libmx.dll
 0001:0003b75c       mxIsLogical                000000018003c75c f   libmx:libmx.dll
 0001:0003b762       mxCreateDoubleMatrix_700   000000018003c762 f   libmx:libmx.dll
 0001:0003b768       mxFree                     000000018003c768 f   libmx:libmx.dll
 0001:0003b76e       mxArrayToString            000000018003c76e f   libmx:libmx.dll
 0001:0003b774       mxCreateCellMatrix_700     000000018003c774 f   libmx:libmx.dll
 0001:0003b77a       mxSetCell_700              000000018003c77a f   libmx:libmx.dll
 0001:0003b780       mxGetCell_700              000000018003c780 f   libmx:libmx.dll
 0001:0003b786       mxGetClassName             000000018003c786 f   libmx:libmx.dll
 0001:0003b78c       mxSetField_700             000000018003c78c f   libmx:libmx.dll
 0001:0003b792       mxAddField                 000000018003c792 f   libmx:libmx.dll
 0001:0003b798       mxGetField_700             000000018003c798 f   libmx:libmx.dll
 0001:0003b79e       mxGetNumberOfElements      000000018003c79e f   libmx:libmx.dll
 0001:0003b7a4       mxIsStruct                 000000018003c7a4 f   libmx:libmx.dll
 0001:0003b7aa       mxIsA                      000000018003c7aa f   libmx:libmx.dll
 0001:0003b7b0       mxIsClass                  000000018003c7b0 f   libmx:libmx.dll
 0001:0003b7b6       mxGetLogicals              000000018003c7b6 f   libmx:libmx.dll
 0001:0003b7bc       mxIsSparse                 000000018003c7bc f   libmx:libmx.dll
 0001:0003b7c2       mxSetFieldByNumber_700     000000018003c7c2 f   libmx:libmx.dll
 0001:0003b7c8       mxGetFieldByNumber_700     000000018003c7c8 f   libmx:libmx.dll
 0001:0003b7ce       mxGetFieldNameByNumber     000000018003c7ce f   libmx:libmx.dll
 0001:0003b7d4       mxGetNumberOfFields        000000018003c7d4 f   libmx:libmx.dll
 0001:0003b7da       mxCreateStructMatrix_700   000000018003c7da f   libmx:libmx.dll
 0001:0003b7e0       mxGetFieldNumber           000000018003c7e0 f   libmx:libmx.dll
 0001:0003b7e6       mxIsNaN                    000000018003c7e6 f   libmx:libmx.dll
 0001:0003b7ec       mxIsEmpty                  000000018003c7ec f   libmx:libmx.dll
 0001:0003b7f2       mxGetData                  000000018003c7f2 f   libmx:libmx.dll
 0001:0003b7f8       mxGetImagData              000000018003c7f8 f   libmx:libmx.dll
 0001:0003b7fe       mxArrayClassIDName         000000018003c7fe f   libmx:libmx.dll
 0001:0003b804       mxCreateNumericMatrix_700  000000018003c804 f   libmx:libmx.dll
 0001:0003b80a       mxCreateStructArray_700    000000018003c80a f   libmx:libmx.dll
 0001:0003b810       mxCalcSingleSubscript_700  000000018003c810 f   libmx:libmx.dll
 0001:0003b816       mxGetDimensions_700        000000018003c816 f   libmx:libmx.dll
 0001:0003b81c       mxGetNumberOfDimensions_700 000000018003c81c f   libmx:libmx.dll
 0001:0003b822       mxCreateNumericArray_700   000000018003c822 f   libmx:libmx.dll
 0001:0003b828       mxGetElementSize           000000018003c828 f   libmx:libmx.dll
 0001:0003b82e       mxCreateStringFromNChars_700 000000018003c82e f   libmx:libmx.dll
 0001:0003b834       mxGetString_700            000000018003c834 f   libmx:libmx.dll
 0001:0003b83a       mxIsLogicalScalarTrue      000000018003c83a f   libmx:libmx.dll
 0001:0003b840       mxCreateLogicalScalar      000000018003c840 f   libmx:libmx.dll
 0001:0003b846       mexUnlock                  000000018003c846 f   libmex:libmex.dll
 0001:0003b84c       mexIsLocked                000000018003c84c f   libmex:libmex.dll
 0001:0003b852       mexWarnMsgTxt              000000018003c852 f   libmex:libmex.dll
 0001:0003b858       mexCallMATLAB              000000018003c858 f   libmex:libmex.dll
 0001:0003b85e       mexErrMsgTxt               000000018003c85e f   libmex:libmex.dll
 0001:0003b864       mexMakeArrayPersistent     000000018003c864 f   libmex:libmex.dll
 0001:0003b86a       mexSetTrapFlag             000000018003c86a f   libmex:libmex.dll
 0001:0003b870       mexPutVariable             000000018003c870 f   libmex:libmex.dll
 0001:0003b876       mexGetVariable             000000018003c876 f   libmex:libmex.dll
 0001:0003b87c       mexLock                    000000018003c87c f   libmex:libmex.dll
 0001:0003b882       mexMakeMemoryPersistent    000000018003c882 f   libmex:libmex.dll
 0001:0003b888       mexFunctionName            000000018003c888 f   libmex:libmex.dll
 0001:0003b88e       ssRegisterDataTypeFxpFSlopeFixExpBias 000000018003c88e f   libfixedpoint:libfixedpoint.dll
 0001:0003b894       ssRegisterDataTypeFxpScaledDouble 000000018003c894 f   libfixedpoint:libfixedpoint.dll
 0001:0003b89a       utMalloc                   000000018003c89a f   libut:libut.dll
 0001:0003b8a0       utFree                     000000018003c8a0 f   libut:libut.dll
 0001:0003b8a6       utVSNprintf                000000018003c8a6 f   libut:libut.dll
 0001:0003b8ac       utCPUtime                  000000018003c8ac f   libut:libut.dll
 0001:0003b8b2       utCalloc                   000000018003c8b2 f   libut:libut.dll
 0001:0003b8b8       utRealloc                  000000018003c8b8 f   libut:libut.dll
 0001:0003b8be       emlrtCreateRootTLS         000000018003c8be f   libemlrt:libemlrt.dll
 0001:0003b8c4       emlrtDestroyRootTLS        000000018003c8c4 f   libemlrt:libemlrt.dll
 0001:0003b8ca       emlrtCheckBuiltInR2012b    000000018003c8ca f   libemlrt:libemlrt.dll
 0001:0003b8d0       emlrtCheckVsBuiltInR2012b  000000018003c8d0 f   libemlrt:libemlrt.dll
 0001:0003b8d6       emlrtCheckEnumR2012b       000000018003c8d6 f   libemlrt:libemlrt.dll
 0001:0003b8dc       emlrtCreateEnumR2012b      000000018003c8dc f   libemlrt:libemlrt.dll
 0001:0003b8e2       emlrtGetEnumElementR2009a  000000018003c8e2 f   libemlrt:libemlrt.dll
 0001:0003b8e8       emlrtCreateReference       000000018003c8e8 f   libemlrt:libemlrt.dll
 0001:0003b8ee       emlrtImportVsFiArrayR2009b 000000018003c8ee f   libemlrt:libemlrt.dll
 0001:0003b8f4       emlrtNameCapturePostProcessR2012a 000000018003c8f4 f   libemlrt:libemlrt.dll
 0001:0003b8fa       emlrtExtractMessageId      000000018003c8fa f   libemlrt:libemlrt.dll
 0001:0003b900       emlrtTranslateMessageIDtoLCPstring 000000018003c900 f   libemlrt:libemlrt.dll
 0001:0003b906       emlrtForLoopVectorIsValidR2011b 000000018003c906 f   libemlrt:libemlrt.dll
 0001:0003b90c       emlrtTranslateUTF16MessagetoLCPstring 000000018003c90c f   libemlrt:libemlrt.dll
 0001:0003b912       emlrtGetEnumUnderlyingArrayR2009a 000000018003c912 f   libemlrt:libemlrt.dll
 0001:0003b918       emlrtIsEnumR2009a          000000018003c918 f   libemlrt:libemlrt.dll
 0001:0003b920       __GSHandlerCheckCommon     000000018003c920 f   MSVCRT:gshandler.obj
 0001:0003b984       __GSHandlerCheck           000000018003c984 f   MSVCRT:gshandler.obj
 0001:0003b9a2       strlen                     000000018003c9a2 f   MSVCRT:MSVCR100.dll
 0001:0003b9c0       __security_check_cookie    000000018003c9c0 f   MSVCRT:amdsecgs.obj
 0001:0003b9e0       memset                     000000018003c9e0 f   MSVCRT:MSVCR100.dll
 0001:0003b9e6       strcmp                     000000018003c9e6 f   MSVCRT:MSVCR100.dll
 0001:0003b9ec       free                       000000018003c9ec f   MSVCRT:MSVCR100.dll
 0001:0003b9f2       sprintf                    000000018003c9f2 f   MSVCRT:MSVCR100.dll
 0001:0003b9f8       malloc                     000000018003c9f8 f   MSVCRT:MSVCR100.dll
 0001:0003b9fe       strcat                     000000018003c9fe f   MSVCRT:MSVCR100.dll
 0001:0003ba04       memcpy                     000000018003ca04 f   MSVCRT:MSVCR100.dll
 0001:0003ba0c       NtCurrentTeb               000000018003ca0c f i MSVCRT:crtdll.obj
 0001:0003ba78       _CRT_INIT                  000000018003ca78 f   MSVCRT:crtdll.obj
 0001:0003be10       _DllMainCRTStartup         000000018003ce10 f   MSVCRT:crtdll.obj
 0001:0003be4e       strncpy                    000000018003ce4e f   MSVCRT:MSVCR100.dll
 0001:0003be70       __chkstk                   000000018003ce70 f   MSVCRT:chkstk.obj
 0001:0003be70       _alloca_probe              000000018003ce70     MSVCRT:chkstk.obj
 0001:0003bebe       longjmp                    000000018003cebe f   MSVCRT:MSVCR100.dll
 0001:0003bec4       strncmp                    000000018003cec4 f   MSVCRT:MSVCR100.dll
 0001:0003beca       ceil                       000000018003ceca f   MSVCRT:MSVCR100.dll
 0001:0003bed0       strrchr                    000000018003ced0 f   MSVCRT:MSVCR100.dll
 0001:0003bed6       _setjmp                    000000018003ced6 f   MSVCRT:MSVCR100.dll
 0001:0003bedc       ldexp                      000000018003cedc f   MSVCRT:MSVCR100.dll
 0001:0003bee4       __report_gsfailure         000000018003cee4 f   MSVCRT:gs_report.obj
 0001:0003c030       __clean_type_info_names    000000018003d030 f   MSVCRT:tncleanup.obj
 0001:0003c03c       _onexit                    000000018003d03c f   MSVCRT:atonexit.obj
 0001:0003c0ec       atexit                     000000018003d0ec f   MSVCRT:atonexit.obj
 0001:0003c104       _RTC_Initialize            000000018003d104 f   MSVCRT:_initsect_.obj
 0001:0003c13c       _RTC_Terminate             000000018003d13c f   MSVCRT:_initsect_.obj
 0001:0003c174       _malloc_crt                000000018003d174 f   MSVCRT:MSVCR100.dll
 0001:0003c180       _ValidateImageBase         000000018003d180 f   MSVCRT:pesect.obj
 0001:0003c1b0       _FindPESection             000000018003d1b0 f   MSVCRT:pesect.obj
 0001:0003c200       _IsNonwritableInCurrentImage 000000018003d200 f   MSVCRT:pesect.obj
 0001:0003c242       _initterm                  000000018003d242 f   MSVCRT:MSVCR100.dll
 0001:0003c248       _initterm_e                000000018003d248 f   MSVCRT:MSVCR100.dll
 0001:0003c24e       _encoded_null              000000018003d24e f   MSVCRT:MSVCR100.dll
 0001:0003c254       _amsg_exit                 000000018003d254 f   MSVCRT:MSVCR100.dll
 0001:0003c25a       __C_specific_handler       000000018003d25a f   MSVCRT:MSVCR100.dll
 0001:0003c260       __CppXcptFilter            000000018003d260 f   MSVCRT:MSVCR100.dll
 0001:0003c268       DllMain                    000000018003d268 f   MSVCRT:dllmain.obj
 0001:0003c28c       __security_init_cookie     000000018003d28c f   MSVCRT:gs_support.obj
 0001:0003c340       __crt_debugger_hook        000000018003d340 f   MSVCRT:MSVCR100.dll
 0001:0003c346       __clean_type_info_names_internal 000000018003d346 f   MSVCRT:MSVCR100.dll
 0001:0003c34c       _unlock                    000000018003d34c f   MSVCRT:MSVCR100.dll
 0001:0003c352       __dllonexit                000000018003d352 f   MSVCRT:MSVCR100.dll
 0001:0003c358       _lock                      000000018003d358 f   MSVCRT:MSVCR100.dll
 0001:0003c35e       EncodePointer              000000018003d35e f   kernel32:KERNEL32.dll
 0001:0003c364       DecodePointer              000000018003d364 f   kernel32:KERNEL32.dll
 0001:0003c36a       Sleep                      000000018003d36a f   kernel32:KERNEL32.dll
 0001:0003c370       TerminateProcess           000000018003d370 f   kernel32:KERNEL32.dll
 0001:0003c376       GetCurrentProcess          000000018003d376 f   kernel32:KERNEL32.dll
 0001:0003c37c       UnhandledExceptionFilter   000000018003d37c f   kernel32:KERNEL32.dll
 0001:0003c382       SetUnhandledExceptionFilter 000000018003d382 f   kernel32:KERNEL32.dll
 0001:0003c388       IsDebuggerPresent          000000018003d388 f   kernel32:KERNEL32.dll
 0001:0003c38e       RtlVirtualUnwind           000000018003d38e f   kernel32:KERNEL32.dll
 0001:0003c394       RtlLookupFunctionEntry     000000018003d394 f   kernel32:KERNEL32.dll
 0001:0003c39a       RtlCaptureContext          000000018003d39a f   kernel32:KERNEL32.dll
 0001:0003c3a0       DisableThreadLibraryCalls  000000018003d3a0 f   kernel32:KERNEL32.dll
 0001:0003c3a6       QueryPerformanceCounter    000000018003d3a6 f   kernel32:KERNEL32.dll
 0001:0003c3ac       GetTickCount               000000018003d3ac f   kernel32:KERNEL32.dll
 0001:0003c3b2       GetCurrentThreadId         000000018003d3b2 f   kernel32:KERNEL32.dll
 0001:0003c3b8       GetCurrentProcessId        000000018003d3b8 f   kernel32:KERNEL32.dll
 0001:0003c3be       GetSystemTimeAsFileTime    000000018003d3be f   kernel32:KERNEL32.dll
 0002:00000000       __imp_GetSystemTimeAsFileTime 000000018003e000     kernel32:KERNEL32.dll
 0002:00000008       __imp_GetCurrentProcessId  000000018003e008     kernel32:KERNEL32.dll
 0002:00000010       __imp_GetCurrentThreadId   000000018003e010     kernel32:KERNEL32.dll
 0002:00000018       __imp_GetTickCount         000000018003e018     kernel32:KERNEL32.dll
 0002:00000020       __imp_QueryPerformanceCounter 000000018003e020     kernel32:KERNEL32.dll
 0002:00000028       __imp_DisableThreadLibraryCalls 000000018003e028     kernel32:KERNEL32.dll
 0002:00000030       __imp_RtlCaptureContext    000000018003e030     kernel32:KERNEL32.dll
 0002:00000038       __imp_RtlLookupFunctionEntry 000000018003e038     kernel32:KERNEL32.dll
 0002:00000040       __imp_RtlVirtualUnwind     000000018003e040     kernel32:KERNEL32.dll
 0002:00000048       __imp_IsDebuggerPresent    000000018003e048     kernel32:KERNEL32.dll
 0002:00000050       __imp_SetUnhandledExceptionFilter 000000018003e050     kernel32:KERNEL32.dll
 0002:00000058       __imp_UnhandledExceptionFilter 000000018003e058     kernel32:KERNEL32.dll
 0002:00000060       __imp_GetCurrentProcess    000000018003e060     kernel32:KERNEL32.dll
 0002:00000068       __imp_TerminateProcess     000000018003e068     kernel32:KERNEL32.dll
 0002:00000070       __imp_Sleep                000000018003e070     kernel32:KERNEL32.dll
 0002:00000078       __imp_DecodePointer        000000018003e078     kernel32:KERNEL32.dll
 0002:00000080       __imp_EncodePointer        000000018003e080     kernel32:KERNEL32.dll
 0002:00000088       \177KERNEL32_NULL_THUNK_DATA 000000018003e088     kernel32:KERNEL32.dll
 0002:00000090       __imp__onexit              000000018003e090     MSVCRT:MSVCR100.dll
 0002:00000098       __imp__lock                000000018003e098     MSVCRT:MSVCR100.dll
 0002:000000a0       __imp___dllonexit          000000018003e0a0     MSVCRT:MSVCR100.dll
 0002:000000a8       __imp__unlock              000000018003e0a8     MSVCRT:MSVCR100.dll
 0002:000000b0       __imp___clean_type_info_names_internal 000000018003e0b0     MSVCRT:MSVCR100.dll
 0002:000000b8       __imp___crt_debugger_hook  000000018003e0b8     MSVCRT:MSVCR100.dll
 0002:000000c0       __imp___CppXcptFilter      000000018003e0c0     MSVCRT:MSVCR100.dll
 0002:000000c8       __imp___C_specific_handler 000000018003e0c8     MSVCRT:MSVCR100.dll
 0002:000000d0       __imp__amsg_exit           000000018003e0d0     MSVCRT:MSVCR100.dll
 0002:000000d8       __imp__encoded_null        000000018003e0d8     MSVCRT:MSVCR100.dll
 0002:000000e0       __imp__initterm_e          000000018003e0e0     MSVCRT:MSVCR100.dll
 0002:000000e8       __imp__initterm            000000018003e0e8     MSVCRT:MSVCR100.dll
 0002:000000f0       __imp__malloc_crt          000000018003e0f0     MSVCRT:MSVCR100.dll
 0002:000000f8       __imp_ldexp                000000018003e0f8     MSVCRT:MSVCR100.dll
 0002:00000100       __imp__setjmp              000000018003e100     MSVCRT:MSVCR100.dll
 0002:00000108       __imp_strrchr              000000018003e108     MSVCRT:MSVCR100.dll
 0002:00000110       __imp_ceil                 000000018003e110     MSVCRT:MSVCR100.dll
 0002:00000118       __imp_strncmp              000000018003e118     MSVCRT:MSVCR100.dll
 0002:00000120       __imp_longjmp              000000018003e120     MSVCRT:MSVCR100.dll
 0002:00000128       __imp_strncpy              000000018003e128     MSVCRT:MSVCR100.dll
 0002:00000130       __imp_memcpy               000000018003e130     MSVCRT:MSVCR100.dll
 0002:00000138       __imp_strcat               000000018003e138     MSVCRT:MSVCR100.dll
 0002:00000140       __imp_malloc               000000018003e140     MSVCRT:MSVCR100.dll
 0002:00000148       __imp_sprintf              000000018003e148     MSVCRT:MSVCR100.dll
 0002:00000150       __imp_free                 000000018003e150     MSVCRT:MSVCR100.dll
 0002:00000158       __imp_strcmp               000000018003e158     MSVCRT:MSVCR100.dll
 0002:00000160       __imp_memset               000000018003e160     MSVCRT:MSVCR100.dll
 0002:00000168       __imp_strlen               000000018003e168     MSVCRT:MSVCR100.dll
 0002:00000170       \177MSVCR100_NULL_THUNK_DATA 000000018003e170     MSVCRT:MSVCR100.dll
 0002:00000178       __imp_emlrtIsEnumR2009a    000000018003e178     libemlrt:libemlrt.dll
 0002:00000180       __imp_emlrtGetEnumUnderlyingArrayR2009a 000000018003e180     libemlrt:libemlrt.dll
 0002:00000188       __imp_emlrtTranslateUTF16MessagetoLCPstring 000000018003e188     libemlrt:libemlrt.dll
 0002:00000190       __imp_emlrtForLoopVectorIsValidR2011b 000000018003e190     libemlrt:libemlrt.dll
 0002:00000198       __imp_emlrtTranslateMessageIDtoLCPstring 000000018003e198     libemlrt:libemlrt.dll
 0002:000001a0       __imp_emlrtExtractMessageId 000000018003e1a0     libemlrt:libemlrt.dll
 0002:000001a8       __imp_emlrtNameCapturePostProcessR2012a 000000018003e1a8     libemlrt:libemlrt.dll
 0002:000001b0       __imp_emlrtImportVsFiArrayR2009b 000000018003e1b0     libemlrt:libemlrt.dll
 0002:000001b8       __imp_emlrtCreateReference 000000018003e1b8     libemlrt:libemlrt.dll
 0002:000001c0       __imp_emlrtGetEnumElementR2009a 000000018003e1c0     libemlrt:libemlrt.dll
 0002:000001c8       __imp_emlrtCreateEnumR2012b 000000018003e1c8     libemlrt:libemlrt.dll
 0002:000001d0       __imp_emlrtCheckEnumR2012b 000000018003e1d0     libemlrt:libemlrt.dll
 0002:000001d8       __imp_emlrtCheckVsBuiltInR2012b 000000018003e1d8     libemlrt:libemlrt.dll
[...]
 0001:00012080       sf_mex_check_complex       0000000180013080 f   sfc_mex:sfc_mex.obj
 0001:00012110       sf_mex_check_sparse        0000000180013110 f   sfc_mex:sfc_mex.obj
 0001:00012170       sf_mex_check_numerictype   0000000180013170 f   sfc_mex:sfc_mex.obj
 0001:00012300       sf_mex_check_fimath        0000000180013300 f   sfc_mex:sfc_mex.obj
 0001:00012e60       size_mismatch_error        0000000180013e60 f   sfc_mex:sfc_mex.obj
 0001:000138d0       check_array_dimensions     00000001800148d0 f   sfc_mex:sfc_mex.obj
 0001:00013940       check_input_mxarray        0000000180014940 f   sfc_mex:sfc_mex.obj
 0001:00014080       sf_numeric_value_to_double 0000000180015080 f   sfc_mex:sfc_mex.obj
 0001:000140d0       ml_generic_out_of_bounds_check 00000001800150d0 f   sfc_mex:sfc_mex.obj
 0001:00014290       ml_get_element_value_from_array 0000000180015290 f   sfc_mex:sfc_mex.obj
 0001:00014630       _ml_generic_castability_check 0000000180015630 f   sfc_mex:sfc_mex.obj
 0001:00014d80       ml_generic_castability_check 0000000180015d80 f   sfc_mex:sfc_mex.obj
 0001:00014e20       ml_check_mx_array_for_single_castability 0000000180015e20 f   sfc_mex:sfc_mex.obj
 0001:00014ec0       ml_check_mx_array_for_logical_castability 0000000180015ec0 f   sfc_mex:sfc_mex.obj
 0001:00014f60       ml_check_mx_array_for_int8_castability 0000000180015f60 f   sfc_mex:sfc_mex.obj
 0001:00015010       ml_check_mx_array_for_uint8_castability 0000000180016010 f   sfc_mex:sfc_mex.obj
 0001:00015070       ml_check_mx_array_for_int16_castability 0000000180016070 f   sfc_mex:sfc_mex.obj
 0001:000150d0       ml_check_mx_array_for_uint16_castability 00000001800160d0 f   sfc_mex:sfc_mex.obj
 0001:00015130       ml_check_mx_array_for_int32_castability 0000000180016130 f   sfc_mex:sfc_mex.obj
 0001:00015190       ml_check_mx_array_for_uint32_castability 0000000180016190 f   sfc_mex:sfc_mex.obj
 0001:000151f0       ml_check_mx_array_for_castability 00000001800161f0 f   sfc_mex:sfc_mex.obj
 0001:00015a10       set_data_value             0000000180016a10 f   sfc_mex:sfc_mex.obj
 0001:00015d80       get_data_value             0000000180016d80 f   sfc_mex:sfc_mex.obj
 0001:00015e90       get_next_element_address   0000000180016e90 f   sfc_mex:sfc_mex.obj
 0001:00015f60       sf_normalize_index         0000000180016f60 f   sfc_mex:sfc_mex.obj
 0001:00016310       ml_array_index_bound_check 0000000180017310 f   sfc_mex:sfc_mex.obj
 0001:00016e90       mx_value                   0000000180017e90 f   sfc_mex:sfc_mex.obj
 0001:00016ee0       sf_create_numeric_array    0000000180017ee0 f   sfc_mex:sfc_mex.obj
 0001:00016f80       sf_mex_assign_to_mx_array  0000000180017f80 f   sfc_mex:sfc_mex.obj
 0001:000172f0       assign_from_mx_array       00000001800182f0 f   sfc_mex:sfc_mex.obj
 0001:00017a50       sf_mex_import_v            0000000180018a50 f   sfc_mex:sfc_mex.obj
 0001:00018160       get_machine_and_chart_file_number 0000000180019160 f   sfc_mex:sfc_sf.obj
 0001:00018250       get_sfun_block_specialization 0000000180019250 f   sfc_mex:sfc_sf.obj
 0001:00018300       call_sf_machine_global_method_dispatcher 0000000180019300 f   sfc_mex:sfc_sf.obj
 0001:00018550       mdl_zeroCrossings_processing 0000000180019550 f   sfc_mex:sfc_sf.obj
 0001:00018630       mdl_derivatives_processing 0000000180019630 f   sfc_mex:sfc_sf.obj
 0001:00018910       mdl_outputs_continuous_legacy 0000000180019910 f   sfc_mex:sfc_sf.obj
 0001:00018990       mdl_outputs_processing     0000000180019990 f   sfc_mex:sfc_sf.obj
 0001:00018c00       mdl_enable_processing      0000000180019c00 f   sfc_mex:sfc_sf.obj
 0001:00018ce0       mdl_disable_processing     0000000180019ce0 f   sfc_mex:sfc_sf.obj
 0001:00019b70       sf_call_output_fcn_enable_disable 000000018001ab70 f   sfc_mex:sfc_sf.obj
 0001:00019df0       set_dwork_information_from_mx_array 000000018001adf0 f   sfc_mex:sfc_sf.obj
 0001:0001a6e0       ptr2mxStruct               000000018001b6e0 f   sfc_mex:sfc_sf.obj
 0001:0001a9f0       SNPRINTF_WRAPPER           000000018001b9f0 f   sfc_debug:sfcdebug.obj
 0001:0001aa20       sf_debug_chart_instance_initialized 000000018001ba20 f   sfc_debug:sfcdebug.obj
 0001:0001abc0       sfrtAddSize                000000018001bbc0 f   sfc_debug:sfcdebug.obj
 0001:0001ac80       sfrtGenSizeString          000000018001bc80 f   sfc_debug:sfcdebug.obj
 0001:0001b3d0       fill_single_message_info   000000018001c3d0 f   sfc_debug:sfcdebug.obj
 0001:0001b650       sf_debug_sim_status_listener 000000018001c650 f   sfc_debug:sfcdebug.obj
 0001:0001bbe0       sf_debug_form_mask_bits    000000018001cbe0 f   sfc_debug:sfcdebug.obj
 0001:0001bc00       sf_debug_form_sf_data_type_offsets 000000018001cc00 f   sfc_debug:sfcdebug.obj
 0001:0001bcc0       sf_debug_free_all          000000018001ccc0 f   sfc_debug:sfcdebug.obj
 0001:0001be50       sf_debug_append_debugger_context 000000018001ce50 f   sfc_debug:sfcdebug.obj
 0001:0001c1c0       local_strdup               000000018001d1c0 f   sfc_debug:sfcdebug.obj
 0001:0001d140       sf_debug_em_terminate      000000018001e140 f   sfc_debug:sfcdebug.obj
 0001:0001d180       sf_debug_push_eml_function 000000018001e180 f   sfc_debug:sfcdebug.obj
 0001:0001d220       sf_debug_pop_eml_function  000000018001e220 f   sfc_debug:sfcdebug.obj
 0001:0001dec0       sf_debug_get_machine_number_from_id_or_name 000000018001eec0 f   sfc_debug:sfcdebug.obj
 0001:0001e010       sf_debug_get_chart_number_from_id 000000018001f010 f   sfc_debug:sfcdebug.obj
 0001:0001edf0       sf_debug_transfer_control_to_debugger_GUI 000000018001fdf0 f   sfc_debug:sfcdebug.obj
 0001:0001fd60       sf_debug_scripts_rehash    0000000180020d60 f   sfc_debug:sfcdebug.obj
 0001:0001ff70       sf_debug_get_script_line_count 0000000180020f70 f   sfc_debug:sfcdebug.obj
 0001:000209c0       cv_eml_state_cvId          00000001800219c0 f   sfc_debug:sfcdebug.obj
 0001:00020a30       cv_eml_trans_cvId          0000000180021a30 f   sfc_debug:sfcdebug.obj
 0001:00021eb0       sf_debug_data_array_bounds_error 0000000180022eb0 f   sfc_debug:sfcdebug.obj
 0001:00022260       eml_debug_runtime_error_doclink 0000000180023260 f   sfc_debug:sfcdebug.obj
 0001:000223d0       sf_debug_runtime_error     00000001800233d0 f   sfc_debug:sfcdebug.obj
 0001:00022440       sf_debug_matlab_error      0000000180023440 f   sfc_debug:sfcdebug.obj
 0001:00022db0       sf_debug_data_value_error  0000000180023db0 f   sfc_debug:sfcdebug.obj
 0001:00023680       sf_debug_data_loss_error   0000000180024680 f   sfc_debug:sfcdebug.obj
 0001:000245a0       call_cv_range_check        00000001800255a0 f   sfc_debug:sfcdebug.obj
 0001:00024e00       sf_debug_invoke_cycle_detection_code 0000000180025e00 f   sfc_debug:sfcdebug.obj
 0001:00025970       sf_reset_debug_info_struct 0000000180026970 f   sfc_debug:sfcdebug.obj
 0001:00026160       cv_script_cvId             0000000180027160 f   sfc_debug:sfcdebug.obj
 0001:00027320       sfc_api_chart_visible      0000000180028320 f   sfc_debug:sfc_api.obj
 0001:000273b0       sfc_api_active_instance    00000001800283b0 f   sfc_debug:sfc_api.obj
 0001:00027440       sfc_api_machine_load       0000000180028440 f   sfc_debug:sfc_api.obj
 0001:00027530       sfc_api_debugger_alive     0000000180028530 f   sfc_debug:sfc_api.obj
 0001:00027540       sfc_api_go                 0000000180028540 f   sfc_debug:sfc_api.obj
 0001:00027550       sfc_api_step_over          0000000180028550 f   sfc_debug:sfc_api.obj
 0001:00027560       sfc_api_step_out           0000000180028560 f   sfc_debug:sfc_api.obj
 0001:00027570       sfc_api_resume             0000000180028570 f   sfc_debug:sfc_api.obj
 0001:00027580       sfc_api_break              0000000180028580 f   sfc_debug:sfc_api.obj
 0001:00027590       sfc_api_stop_debugging     0000000180028590 f   sfc_debug:sfc_api.obj
 0001:000275f0       sfc_api_is_cycle_detected  00000001800285f0 f   sfc_debug:sfc_api.obj
 0001:00027650       sfc_api_is_array_bounds_detected 0000000180028650 f   sfc_debug:sfc_api.obj
 0001:000276b0       sfc_api_set_disable_all_breakpoints 00000001800286b0 f   sfc_debug:sfc_api.obj
 0001:00027730       sfc_api_disable_all_breakpoints_and_go 0000000180028730 f   sfc_debug:sfc_api.obj
 0001:00027740       sfc_api_close              0000000180028740 f   sfc_debug:sfc_api.obj
 0001:00027750       sfc_api_browse_data        0000000180028750 f   sfc_debug:sfc_api.obj
 0001:000277d0       sfc_api_watch_data         00000001800287d0 f   sfc_debug:sfc_api.obj
 0001:000278e0       sfc_api_extract_message_post_receive_info 00000001800288e0 f   sfc_debug:sfc_api.obj
 0001:00027900       sfc_api_assign_data        0000000180028900 f   sfc_debug:sfc_api.obj
 0001:000279b0       sfc_api_whos               00000001800289b0 f   sfc_debug:sfc_api.obj
 0001:00027a40       sfc_api_get_consistency_info 0000000180028a40 f   sfc_debug:sfc_api.obj
 0001:00027a50       sfc_api_browse_trace       0000000180028a50 f   sfc_debug:sfc_api.obj
 0001:00027a60       sfc_api_break_on_chart_entry 0000000180028a60 f   sfc_debug:sfc_api.obj
 0001:00027a90       sfc_api_break_on_event_broadcast 0000000180028a90 f   sfc_debug:sfc_api.obj
 0001:00027ac0       sfc_api_break_on_state_entry 0000000180028ac0 f   sfc_debug:sfc_api.obj
 0001:00027af0       sfc_api_set_watch          0000000180028af0 f   sfc_debug:sfc_api.obj
 0001:00027ba0       sfc_api_set_breakpoints    0000000180028ba0 f   sfc_debug:sfc_api.obj
 0001:00027c60       sfc_api_set_eml_breakpoints 0000000180028c60 f   sfc_debug:sfc_api.obj
 0001:00027d00       sfc_api_set_script_breakpoints 0000000180028d00 f   sfc_debug:sfc_api.obj
 0001:00027d60       sfc_api_add_script_breakpoints 0000000180028d60 f   sfc_debug:sfc_api.obj
 0001:00027dc0       sfc_api_clear_script_breakpoints 0000000180028dc0 f   sfc_debug:sfc_api.obj
 0001:00027e20       sfc_api_query_script_breakpoints 0000000180028e20 f   sfc_debug:sfc_api.obj
 0001:00027e90       sfc_api_get_script_id      0000000180028e90 f   sfc_debug:sfc_api.obj
 0001:00027f50       sfc_api_get_active_states  0000000180028f50 f   sfc_debug:sfc_api.obj
 0001:00027fe0       sfc_api_break_between_times 0000000180028fe0 f   sfc_debug:sfc_api.obj
 0001:00028050       sfc_api_get_instance_handle 0000000180029050 f   sfc_debug:sfc_api.obj
 0001:00028120       sfc_api_set_animation      0000000180029120 f   sfc_debug:sfc_api.obj
 0001:00028170       sfc_api_select_chart       0000000180029170 f   sfc_debug:sfc_api.obj
 0001:000281e0       sfc_api_select_charts      00000001800291e0 f   sfc_debug:sfc_api.obj
 0001:00028210       sfc_api_cycle_detection_check 0000000180029210 f   sfc_debug:sfc_api.obj
 0001:00028260       sfc_api_data_range_check   0000000180029260 f   sfc_debug:sfc_api.obj
 0001:000282b0       sfc_api_transition_conflict_check 00000001800292b0 f   sfc_debug:sfc_api.obj
 0001:00028300       sfc_api_state_consistency_check 0000000180029300 f   sfc_debug:sfc_api.obj
 0001:00028350       sfc_api_set_instance_cv_ids 0000000180029350 f   sfc_debug:sfc_api.obj
 0001:00028480       sfc_api_set_script_cv_ids  0000000180029480 f   sfc_debug:sfc_api.obj
 0001:00028550       sfc_api_get_current_machine_id 0000000180029550 f   sfc_debug:sfc_api.obj
 0001:00028580       sfc_api_get_current_machine_number 0000000180029580 f   sfc_debug:sfc_api.obj
 0001:000285b0       sfc_api_get_current_chart_number 00000001800295b0 f   sfc_debug:sfc_api.obj
 0001:000285e0       sfc_api_get_current_instance_number 00000001800295e0 f   sfc_debug:sfc_api.obj
 0001:00028610       sfc_api_get_current_instance_handle 0000000180029610 f   sfc_debug:sfc_api.obj
 0001:00028630       sfc_api_get_current_is_minor_time_step 0000000180029630 f   sfc_debug:sfc_api.obj
 0001:00028660       sfc_api_get_current_machine_name 0000000180029660 f   sfc_debug:sfc_api.obj
 0001:00028680       sfc_api_get_current_chart_id 0000000180029680 f   sfc_debug:sfc_api.obj
 0001:000286b0       sfc_api_get_current_object_type 00000001800296b0 f   sfc_debug:sfc_api.obj
 0001:000286e0       sfc_api_get_current_event_type 00000001800296e0 f   sfc_debug:sfc_api.obj
 0001:00028710       sfc_api_get_current_object_id 0000000180029710 f   sfc_debug:sfc_api.obj
 0001:00028740       sfc_get_current_active_event_type 0000000180029740 f   sfc_debug:sfc_api.obj
 0001:00028770       sfc_api_get_current_active_event_id 0000000180029770 f   sfc_debug:sfc_api.obj
 0001:000287a0       sfc_api_get_current_simulation_time 00000001800297a0 f   sfc_debug:sfc_api.obj
 0001:000287c0       sfc_get_current_tag_type   00000001800297c0 f   sfc_debug:sfc_api.obj
 0001:000287f0       sfc_get_current_coverage_percentage 00000001800297f0 f   sfc_debug:sfc_api.obj
 0001:00028810       sfc_get_current_statement_context 0000000180029810 f   sfc_debug:sfc_api.obj
 0001:00028830       sfc_get_current_optional_integer 0000000180029830 f   sfc_debug:sfc_api.obj
 0001:00028860       sfc_get_current_statement_info 0000000180029860 f   sfc_debug:sfc_api.obj
 0001:00028900       sfc_api_get                0000000180029900 f   sfc_debug:sfc_api.obj
 0001:00029560       sf_debug_sm_fill_state_activity_data 000000018002a560 f   sfc_debug:sfdb_animation.obj
 0001:0002bda0       void_ptr_stack_vector_free_total 000000018002cda0 f   sfc_debug:sfdb_data_browse.obj
 0001:0002be20       sf_debug_st_terminate_machine 000000018002ce20 f   sfc_debug:sfdb_data_browse.obj
 0001:0002be60       sf_debug_st_terminate_instance 000000018002ce60 f   sfc_debug:sfdb_data_browse.obj
 0001:0002c210       push_on_to_void_ptr_stack  000000018002d210 f   sfc_debug:sfdb_data_browse.obj
 0001:0002c3a0       pop_from_void_ptr_stack    000000018002d3a0 f   sfc_debug:sfdb_data_browse.obj
 0001:0002c4d0       sf_debug_st_get_data_value 000000018002d4d0 f   sfc_debug:sfdb_data_browse.obj
 0001:0002ca00       mx_value                   000000018002da00 f   sfc_debug:sfdb_data_browse.obj
 0001:0002ca40       sf_debug_st_fill_data_struct 000000018002da40 f   sfc_debug:sfdb_data_browse.obj
 0001:0002cd80       data_type_format_strings   000000018002dd80 f   sfc_debug:sfdb_data_browse.obj
 0001:0002ce30       sf_debug_st_fill_data      000000018002de30 f   sfc_debug:sfdb_data_browse.obj
 0001:0002db20       sf_debug_hm_get_simulink_handle 000000018002eb20 f   sfc_debug:sfdb_handle_management.obj
 0001:0002e5d0       sf_debug_hm_initialize_globals 000000018002f5d0 f   sfc_debug:sfdb_handle_management.obj
 0001:0002e6d0       sf_debug_hm_get_machine_debug_flag 000000018002f6d0 f   sfc_debug:sfdb_handle_management.obj
 0001:0002e840       sf_debug_hm_get_machine_id 000000018002f840 f   sfc_debug:sfdb_handle_management.obj
 0001:0002e960       sf_debug_hm_get_chart_id   000000018002f960 f   sfc_debug:sfdb_handle_management.obj
 0001:0002eb00       sf_debug_hm_register_executing_SFunction 000000018002fb00 f   sfc_debug:sfdb_handle_management.obj
 0001:0002ee90       sf_debug_hm_form_object_boolean_properties 000000018002fe90 f   sfc_debug:sfdb_handle_management.obj
 0001:0002f160       sf_debug_hm_form_object_properties 0000000180030160 f   sfc_debug:sfdb_handle_management.obj
 0001:0002f3a0       sf_debug_hm_terminate_charts 00000001800303a0 f   sfc_debug:sfdb_handle_management.obj
 0001:0002fa80       sf_debug_hm_terminate_machines 0000000180030a80 f   sfc_debug:sfdb_handle_management.obj
 0001:000314f0       sf_debug_ss_copy_dimension 00000001800324f0 f   sfc_debug:sfdb_symbol_scope.obj
 0001:000315b0       sf_debug_ss_get_number_elements 00000001800325b0 f   sfc_debug:sfdb_symbol_scope.obj
 0001:000315d0       sf_debug_ss_fill_data_struct 00000001800325d0 f   sfc_debug:sfdb_symbol_scope.obj
 0001:00031920       sf_debug_ss_reset_data_info 0000000180032920 f   sfc_debug:sfdb_symbol_scope.obj
 0001:00031980       sf_debug_fill_data_info_by_symbol_scope_entry 0000000180032980 f   sfc_debug:sfdb_symbol_scope.obj
 0001:00031a40       sf_debug_fill_data_info_by_data_vector 0000000180032a40 f   sfc_debug:sfdb_symbol_scope.obj
 0001:00031c90       get_data_info_helper       0000000180032c90 f   sfc_debug:sfdb_symbol_scope.obj
 0001:00031f80       sf_debug_ss_get_data_info  0000000180032f80 f   sfc_debug:sfdb_symbol_scope.obj
 0001:000321a0       sf_debug_select_mex_function 00000001800331a0 f   sfc_debug:sfdb_symbol_scope.obj
 0001:000321d0       sf_debug_is_dyn_matrix_initialized 00000001800331d0 f   sfc_debug:sfdb_symbol_scope.obj
 0001:000321f0       sf_debug_ss_set_data_value_try 00000001800331f0 f   sfc_debug:sfdb_symbol_scope.obj
 0001:000323e0       sf_debug_ss_get_data_value 00000001800333e0 f   sfc_debug:sfdb_symbol_scope.obj
 0001:00032b40       sf_debug_ss_data_bytes_string 0000000180033b40 f   sfc_debug:sfdb_symbol_scope.obj
 0001:00032bd0       sf_debug_ss_data_class_string 0000000180033bd0 f   sfc_debug:sfdb_symbol_scope.obj
 0001:00032f50       sf_debug_ss_data_size_string 0000000180033f50 f   sfc_debug:sfdb_symbol_scope.obj
 0001:00033030       sf_debug_ss_data_create_data_info_struct 0000000180034030 f   sfc_debug:sfdb_symbol_scope.obj
 0001:000332e0       sf_debug_ss_data_create_name_value_pair 00000001800342e0 f   sfc_debug:sfdb_symbol_scope.obj
 0001:00033380       sf_debug_ss_data_get_whos_info 0000000180034380 f   sfc_debug:sfdb_symbol_scope.obj
 0001:00033390       same_named_data_in_data_array 0000000180034390 f   sfc_debug:sfdb_symbol_scope.obj
 0001:00034b20       sf_debug_cc_terminate_chart 0000000180035b20 f   sfc_debug:sfdb_coverage.obj
 0001:00034e30       sf_debug_cc_terminate_instance 0000000180035e30 f   sfc_debug:sfdb_coverage.obj
 0001:00035a00       sf_debug_cc_mark_object_if_needed 0000000180036a00 f   sfc_debug:sfdb_coverage.obj
 0001:00036280       sf_debug_bm_initialize_eml 0000000180037280 f   sfc_debug:sfdb_breakpoints.obj
 0001:00037340       sf_debug_bm_map_debug_tag_to_breakpoint_tag 0000000180038340 f   sfc_debug:sfdb_breakpoints.obj
 0001:00037420       sf_debug_bm_is_a_eml_breakpoint_impl 0000000180038420 f   sfc_debug:sfdb_breakpoints.obj
 0001:00038d50       sf_debug_sc_push_on_error_stack 0000000180039d50 f   sfc_debug:sfdb_state_consistency.obj
 0001:00038e70       sf_debug_sc_reset_error_stack 0000000180039e70 f   sfc_debug:sfdb_state_consistency.obj
 0001:00039000       sf_debug_sc_is_state_inconsistent 000000018003a000 f   sfc_debug:sfdb_state_consistency.obj
 0001:000392f0       sf_debug_sc_fill_consistency_info 000000018003a2f0 f   sfc_debug:sfdb_state_consistency.obj
 0001:00039890       void_assertion_fcn         000000018003a890 f   sfc_debug:sfdb_call_stack.obj
 0001:00039de0       sf_debug_tm_fill_local_trace 000000018003ade0 f   sfc_debug:sfdb_call_stack.obj
 0001:0003a380       sf_debug_cd_terminate_instance 000000018003b380 f   sfc_debug:sfdb_cycle_detection.obj
 0001:0003a3e0       sf_debug_cd_free_checksum_stack 000000018003b3e0 f   sfc_debug:sfdb_cycle_detection.obj
 0001:0003a430       sf_debug_cd_reset_pack_strings 000000018003b430 f   sfc_debug:sfdb_cycle_detection.obj
 0001:0003aad0       md5file_clear              000000018003bad0 f   sfc_debug:ckmd5.obj
 0001:0003ab00       Encode                     000000018003bb00 f   sfc_debug:ckmd5.obj
 0001:0003ab50       Decode                     000000018003bb50 f   sfc_debug:ckmd5.obj
 0001:0003abf0       MD5Transform               000000018003bbf0 f   sfc_debug:ckmd5.obj
 0001:0003b450       md5file_addn               000000018003c450 f   sfc_debug:ckmd5.obj
 0001:0003b520       md5file_hash               000000018003c520 f   sfc_debug:ckmd5.obj
 0001:0003ba18       pre_c_init                 000000018003ca18 f   MSVCRT:crtdll.obj
 0001:0003bcd4       __DllMainCRTStartup        000000018003ccd4 f   MSVCRT:crtdll.obj
 0001:0003c3d0       __DllMainCRTStartup$filt$0 000000018003d3d0 f   MSVCRT:crtdll.obj
 0001:0003c400       __DllMainCRTStartup$fin$1  000000018003d400 f   MSVCRT:crtdll.obj
 0001:0003c41a       _onexit$fin$0              000000018003d41a f   MSVCRT:atonexit.obj
 0001:0003c440       _IsNonwritableInCurrentImage$filt$0 000000018003d440 f   MSVCRT:pesect.obj
