 State_Flow_v0_sfun

 Timestamp is 59b5c4d9 (Mon Sep 11 09:03:53 2017)

 Preferred load address is 0000000180000000

 Start         Length     Name                   Class
 0001:00000000 0003a4b4H .text                   CODE
 0001:0003a4c0 00000092H .text$x                 CODE
 0002:00000000 00000488H .idata$5                DATA
 0002:00000488 00000008H .CRT$XCA                DATA
 0002:00000490 00000008H .CRT$XCZ                DATA
 0002:00000498 00000008H .CRT$XIA                DATA
 0002:000004a0 00000008H .CRT$XIAA               DATA
 0002:000004a8 00000008H .CRT$XIZ                DATA
 0002:000004b0 00004b1cH .rdata                  DATA
 0002:00004fd0 00000008H .rtc$IAA                DATA
 0002:00004fd8 00000008H .rtc$IZZ                DATA
 0002:00004fe0 00000008H .rtc$TAA                DATA
 0002:00004fe8 00000008H .rtc$TZZ                DATA
 0002:00004ff0 000041ecH .xdata                  DATA
 0002:000091dc 0000008cH .idata$2                DATA
 0002:00009268 00000014H .idata$3                DATA
 0002:00009280 00000488H .idata$4                DATA
 0002:00009708 00000a9eH .idata$6                DATA
 0002:0000a1b0 00000058H .edata                  DATA
 0003:00000000 000022f8H .data                   DATA
 0003:00002300 00002418H .bss                    DATA
 0004:00000000 000031d4H .pdata                  DATA

  Address         Publics by Value              Rva+Base               Lib:Object

 0000:00000000       ___safe_se_handler_count   0000000000000000     <absolute>
 0000:00000000       ___safe_se_handler_table   0000000000000000     <absolute>
 0000:00000000       __ImageBase                0000000180000000     <linker-defined>
 0001:00000000       sf_c3_State_Flow_v0_get_eml_resolved_functions_info 0000000180001000 f   c3_State_Flow_v0.obj
 0001:000006c0       sf_c3_State_Flow_v0_get_check_sum 00000001800016c0 f   c3_State_Flow_v0.obj
 0001:00000740       sf_c3_State_Flow_v0_get_autoinheritance_info 0000000180001740 f   c3_State_Flow_v0.obj
 0001:00000f40       sf_c3_State_Flow_v0_third_party_uses_info 0000000180001f40 f   c3_State_Flow_v0.obj
 0001:00000f70       sf_internal_get_sim_state_c3_State_Flow_v0 0000000180001f70 f   c3_State_Flow_v0.obj
 0001:00001520       sf_internal_set_sim_state_c3_State_Flow_v0 0000000180002520 f   c3_State_Flow_v0.obj
 0001:00002020       sf_c3_State_Flow_v0_get_testpoint_info 0000000180003020 f   c3_State_Flow_v0.obj
 0001:00002060       c3_State_Flow_v0_method_dispatcher 0000000180003060 f   c3_State_Flow_v0.obj
 0001:00008150       sf_process_check_sum_call  0000000180009150 f   State_Flow_v0_sfun_registry.obj
 0001:000081a0       sf_process_testpoint_info_call 00000001800091a0 f   State_Flow_v0_sfun_registry.obj
 0001:000081f0       sf_process_autoinheritance_call 00000001800091f0 f   State_Flow_v0_sfun_registry.obj
 0001:00008390       sf_process_get_third_party_uses_info_call 0000000180009390 f   State_Flow_v0_sfun_registry.obj
 0001:00008530       sf_process_get_eml_resolved_functions_info_call 0000000180009530 f   State_Flow_v0_sfun_registry.obj
 0001:000086b0       sf_mex_unlock_call         00000001800096b0 f   State_Flow_v0_sfun_registry.obj
 0001:00008760       sf_machine_global_initializer_called 0000000180009760 f   State_Flow_v0_sfun_registry.obj
 0001:00008790       sf_machine_global_method_dispatcher 0000000180009790 f   State_Flow_v0_sfun_registry.obj
 0001:000087f0       sf_machine_global_terminator 00000001800097f0 f   State_Flow_v0_sfun_registry.obj
 0001:00008840       sf_register_machine_exported_symbols 0000000180009840 f   State_Flow_v0_sfun_registry.obj
 0001:00008860       callCustomFcn              0000000180009860 f   State_Flow_v0_sfun_registry.obj
 0001:00008870       sf_machine_global_initializer 0000000180009870 f   State_Flow_v0_sfun_registry.obj
 0001:000088f0       _ssSetStateAbsTol          00000001800098f0 f   State_Flow_v0_sfun_registry.obj
 0001:000089d0       _ssGetAbsTol               00000001800099d0 f   State_Flow_v0_sfun_registry.obj
 0001:00008a40       _ssSetInputPortMatrixDimensions 0000000180009a40 f   State_Flow_v0_sfun_registry.obj
 0001:00008b50       _ssSetOutputPortMatrixDimensions 0000000180009b50 f   State_Flow_v0_sfun_registry.obj
 0001:00008c60       _ssSetInputPortVectorDimension 0000000180009c60 f   State_Flow_v0_sfun_registry.obj
 0001:00008d30       _ssSetOutputPortVectorDimension 0000000180009d30 f   State_Flow_v0_sfun_registry.obj
 0001:00008e00       ssIsRunTimeParamTunable    0000000180009e00 f   State_Flow_v0_sfun_registry.obj
 0001:00008e70       ssGetSFuncBlockHandle      0000000180009e70 f   State_Flow_v0_sfun_registry.obj
 0001:00008ee0       _ssGetCurrentInputPortWidth 0000000180009ee0 f   State_Flow_v0_sfun_registry.obj
 0001:00009000       _ssGetCurrentOutputPortWidth 000000018000a000 f   State_Flow_v0_sfun_registry.obj
 0001:00009120       _ssGetCallSystemNumFcnCallDestinations 000000018000a120 f   State_Flow_v0_sfun_registry.obj
 0001:00009190       ssWarning                  000000018000a190 f   State_Flow_v0_sfun_registry.obj
 0001:000092a0       ssGetIsZeroCrossControlDisabled 000000018000a2a0 f   State_Flow_v0_sfun_registry.obj
 0001:00009310       ssSetIsInputPortUsedForContZcSignal 000000018000a310 f   State_Flow_v0_sfun_registry.obj
 0001:00009380       ssSetZcSignalIsZcElementDisc 000000018000a380 f   State_Flow_v0_sfun_registry.obj
 0001:00009430       ssSetZcSignalName          000000018000a430 f   State_Flow_v0_sfun_registry.obj
 0001:000094a0       ssSetZcSignalWidth         000000018000a4a0 f   State_Flow_v0_sfun_registry.obj
 0001:00009510       ssSetZcSignalZcEventType   000000018000a510 f   State_Flow_v0_sfun_registry.obj
 0001:00009580       ssSetZcSignalType          000000018000a580 f   State_Flow_v0_sfun_registry.obj
 0001:000095f0       ssSetZcSignalZcTol         000000018000a5f0 f   State_Flow_v0_sfun_registry.obj
 0001:00009660       ssSetZcSignalNeedsEventNotification 000000018000a660 f   State_Flow_v0_sfun_registry.obj
 0001:000096d0       ssCreateAndAddZcSignalInfo 000000018000a6d0 f   State_Flow_v0_sfun_registry.obj
 0001:00009740       ssCloneAndAddZcSignalInfo  000000018000a740 f   State_Flow_v0_sfun_registry.obj
 0001:000097b0       ssGetNumZcSignals          000000018000a7b0 f   State_Flow_v0_sfun_registry.obj
 0001:00009820       ssGetZcSignalVector        000000018000a820 f   State_Flow_v0_sfun_registry.obj
 0001:00009890       ssGetZcSignalZcEvents      000000018000a890 f   State_Flow_v0_sfun_registry.obj
 0001:00009900       ssGetZcSignalName          000000018000a900 f   State_Flow_v0_sfun_registry.obj
 0001:00009970       ssGetZcSignalWidth         000000018000a970 f   State_Flow_v0_sfun_registry.obj
 0001:000099e0       ssGetZcSignalZcEventType   000000018000a9e0 f   State_Flow_v0_sfun_registry.obj
 0001:00009a50       ssGetZcSignalType          000000018000aa50 f   State_Flow_v0_sfun_registry.obj
 0001:00009ac0       ssGetZcSignalZcTol         000000018000aac0 f   State_Flow_v0_sfun_registry.obj
 0001:00009b40       ssGetZcSignalNeedsEventNotification 000000018000ab40 f   State_Flow_v0_sfun_registry.obj
 0001:00009bb0       ssGetZcSignalIsZcElementDisc 000000018000abb0 f   State_Flow_v0_sfun_registry.obj
 0001:00009c50       ssGetIsInputPortElementContinuous 000000018000ac50 f   State_Flow_v0_sfun_registry.obj
 0001:00009cf0       _ssGetInputPortSignalPtrsFcn 000000018000acf0 f   State_Flow_v0_sfun_registry.obj
 0001:00009fb0       _ssGetInputPortSignalFcn   000000018000afb0 f   State_Flow_v0_sfun_registry.obj
 0001:0000a1d0       _ssSetInputPortDirectFeedThroughFcn 000000018000b1d0 f   State_Flow_v0_sfun_registry.obj
 0001:0000a330       _ssSetInputPortReusableFcn 000000018000b330 f   State_Flow_v0_sfun_registry.obj
 0001:0000a420       _ssSetOutputPortReusableFcn 000000018000b420 f   State_Flow_v0_sfun_registry.obj
 0001:0000a500       ssGetDTypeIdFromMxArray    000000018000b500 f   State_Flow_v0_sfun_registry.obj
 0001:0000a620       ssWriteRTWStr              000000018000b620 f   State_Flow_v0_sfun_registry.obj
 0001:0000a680       ssWriteRTWMxVectParam      000000018000b680 f   State_Flow_v0_sfun_registry.obj
 0001:0000a6e0       ssWriteRTWMx2dMatParam     000000018000b6e0 f   State_Flow_v0_sfun_registry.obj
 0001:0000a760       ssWriteRTWNameValuePair    000000018000b760 f   State_Flow_v0_sfun_registry.obj
 0001:0000ac50       ssWriteRTWParameters       000000018000bc50 f   State_Flow_v0_sfun_registry.obj
 0001:0000b250       ssWriteRTWParamSettings    000000018000c250 f   State_Flow_v0_sfun_registry.obj
 0001:0000b920       ssWriteRTWWorkVect         000000018000c920 f   State_Flow_v0_sfun_registry.obj
 0001:0000be20       mexFunction                000000018000ce20 f   State_Flow_v0_sfun_registry.obj
 0001:0000db70       ProcessMexSfunctionEveryCall 000000018000eb70 f   State_Flow_v0_sfun_registry.obj
 0001:0000dce0       State_Flow_v0_initializer  000000018000ece0 f   State_Flow_v0_sfun.obj
 0001:0000dcf0       State_Flow_v0_terminator   000000018000ecf0 f   State_Flow_v0_sfun.obj
 0001:0000dd00       sf_State_Flow_v0_method_dispatcher 000000018000ed00 f   State_Flow_v0_sfun.obj
 0001:0000dd50       sf_State_Flow_v0_process_testpoint_info_call 000000018000ed50 f   State_Flow_v0_sfun.obj
 0001:0000ded0       sf_State_Flow_v0_process_check_sum_call 000000018000eed0 f   State_Flow_v0_sfun.obj
 0001:0000e2e0       sf_State_Flow_v0_autoinheritance_info 000000018000f2e0 f   State_Flow_v0_sfun.obj
 0001:0000e450       sf_State_Flow_v0_get_eml_resolved_functions_info 000000018000f450 f   State_Flow_v0_sfun.obj
 0001:0000e580       sf_State_Flow_v0_third_party_uses_info 000000018000f580 f   State_Flow_v0_sfun.obj
 0001:0000e6d0       State_Flow_v0_debug_initialize 000000018000f6d0 f   State_Flow_v0_sfun.obj
 0001:0000e750       State_Flow_v0_register_exported_symbols 000000018000f750 f   State_Flow_v0_sfun.obj
 0001:0000e760       load_State_Flow_v0_optimization_info 000000018000f760 f   State_Flow_v0_sfun.obj
 0001:0000e7b0       unload_State_Flow_v0_optimization_info 000000018000f7b0 f   State_Flow_v0_sfun.obj
 0001:0000e8d0       sf_mex_mx_is_numeric       000000018000f8d0 f   sfc_mex:sfc_mex.obj
 0001:0000e910       strcmp_ignore_ws           000000018000f910 f   sfc_mex:sfc_mex.obj
 0001:0000ea50       sf_mex_duplicatearraysafe  000000018000fa50 f   sfc_mex:sfc_mex.obj
 0001:0000ebb0       sf_set_error_debugger_context_message_fcn 000000018000fbb0 f   sfc_mex:sfc_mex.obj
 0001:0000ebc0       sf_set_debugger_matlab_error_fcn 000000018000fbc0 f   sfc_mex:sfc_mex.obj
 0001:0000ec00       sf_set_error_prefix_string 000000018000fc00 f   sfc_mex:sfc_mex.obj
 0001:0000ec30       sf_get_error_prefix_string 000000018000fc30 f   sfc_mex:sfc_mex.obj
 0001:0000ec40       sf_mex_enter_parallel_region 000000018000fc40 f   sfc_mex:sfc_mex.obj
 0001:0000ec50       sf_mex_exit_parallel_region 000000018000fc50 f   sfc_mex:sfc_mex.obj
 0001:0000ec60       sf_get_current_jmp_buf_ptr 000000018000fc60 f   sfc_mex:sfc_mex.obj
 0001:0000ec70       sf_set_current_jmp_buf_ptr 000000018000fc70 f   sfc_mex:sfc_mex.obj
 0001:0000ec80       sf_mex_set_halt_simulation 000000018000fc80 f   sfc_mex:sfc_mex.obj
 0001:0000ec90       sf_mex_get_halt_simulation 000000018000fc90 f   sfc_mex:sfc_mex.obj
 0001:0000eca0       sf_mex_clear_error_message 000000018000fca0 f   sfc_mex:sfc_mex.obj
 0001:0000ecc0       sf_mex_get_error_message_for_read 000000018000fcc0 f   sfc_mex:sfc_mex.obj
 0001:0000ecd0       sf_mex_get_error_message_buffer_length 000000018000fcd0 f   sfc_mex:sfc_mex.obj
 0001:0000edb0       sf_mex_warning_message     000000018000fdb0 f   sfc_mex:sfc_mex.obj
 0001:0000ee20       sf_mex_v_errbuf_createf    000000018000fe20 f   sfc_mex:sfc_mex.obj
 0001:0000ee30       sf_mex_errbuf_createf      000000018000fe30 f   sfc_mex:sfc_mex.obj
 0001:0000ee60       sf_mex_v_errbuf_catf       000000018000fe60 f   sfc_mex:sfc_mex.obj
 0001:0000eea0       sf_mex_errbuf_catf         000000018000fea0 f   sfc_mex:sfc_mex.obj
 0001:0000eef0       sf_mex_errbuf_copy         000000018000fef0 f   sfc_mex:sfc_mex.obj
 0001:0000ef00       sf_mex_errbuf_clear        000000018000ff00 f   sfc_mex:sfc_mex.obj
 0001:0000ef10       sf_mex_errbuf_isempty      000000018000ff10 f   sfc_mex:sfc_mex.obj
 0001:0000f010       sf_mex_set_error_status    0000000180010010 f   sfc_mex:sfc_mex.obj
 0001:0000f060       sf_mex_error_direct_call   0000000180010060 f   sfc_mex:sfc_mex.obj
 0001:0000f080       sf_mex_error_message_no_long_jump 0000000180010080 f   sfc_mex:sfc_mex.obj
 0001:0000f0a0       sf_mex_long_jump_on_error  00000001800100a0 f   sfc_mex:sfc_mex.obj
 0001:0000f0d0       sf_mex_call_matlab         00000001800100d0 f   sfc_mex:sfc_mex.obj
 0001:0000f1f0       sf_mex_check_builtin       00000001800101f0 f   sfc_mex:sfc_mex.obj
 0001:0000f290       sf_mex_check_builtin_vs    0000000180010290 f   sfc_mex:sfc_mex.obj
 0001:0000f350       sf_mex_check_enum          0000000180010350 f   sfc_mex:sfc_mex.obj
 0001:0000f3d0       sf_mex_create_enum         00000001800103d0 f   sfc_mex:sfc_mex.obj
 0001:0000f440       sf_mex_get_enum_element    0000000180010440 f   sfc_mex:sfc_mex.obj
 0001:0000f450       sf_mex_createcellarray     0000000180010450 f   sfc_mex:sfc_mex.obj
 0001:0000f460       sf_mex_setcell             0000000180010460 f   sfc_mex:sfc_mex.obj
 0001:0000f470       sf_mex_getcell             0000000180010470 f   sfc_mex:sfc_mex.obj
 0001:0000f480       sf_mex_dup                 0000000180010480 f   sfc_mex:sfc_mex.obj
 0001:0000f4a0       sf_mex_assign              00000001800104a0 f   sfc_mex:sfc_mex.obj
 0001:0000f520       sf_mex_destroy             0000000180010520 f   sfc_mex:sfc_mex.obj
 0001:0000f550       mx_array_has_fi_type       0000000180010550 f   sfc_mex:sfc_mex.obj
 0001:0000f580       sf_mex_convert_from_fi     0000000180010580 f   sfc_mex:sfc_mex.obj
 0001:0000f6b0       sf_mex_convert_to_double   00000001800106b0 f   sfc_mex:sfc_mex.obj
 0001:0000f7d0       sf_mex_import_fi_vs        00000001800107d0 f   sfc_mex:sfc_mex.obj
 0001:0000fa00       sf_matrix_matrix_index_ok  0000000180010a00 f   sfc_mex:sfc_mex.obj
 0001:0000fa90       sf_vector_vector_index_ok  0000000180010a90 f   sfc_mex:sfc_mex.obj
 0001:0000fac0       ssGetCurrentInputPortDimensions_wrapper 0000000180010ac0 f   sfc_mex:sfc_mex.obj
 0001:0000fae0       ssGetCurrentOutputPortDimensions_wrapper 0000000180010ae0 f   sfc_mex:sfc_mex.obj
 0001:0000fb00       sf_mex_emlrt_context_is_debug_mode 0000000180010b00 f   sfc_mex:sfc_mex.obj
 0001:0000fb10       sf_mex_emlrt_context_set_debug_mode 0000000180010b10 f   sfc_mex:sfc_mex.obj
 0001:0000fb20       sf_mex_emlrtNameCapturePostProcessR2012a 0000000180010b20 f   sfc_mex:sfc_mex.obj
 0001:0000fb90       sf_clear_error_manager_info 0000000180010b90 f   sfc_mex:sfc_mex.obj
 0001:0000fbf0       sf_mex_stop_simulation_abruptly_wo_error 0000000180010bf0 f   sfc_mex:sfc_mex.obj
 0001:0000fc30       sf_mex_error_message       0000000180010c30 f   sfc_mex:sfc_mex.obj
 0001:0000fca0       sf_react_to_error_in_matlab_call 0000000180010ca0 f   sfc_mex:sfc_mex.obj
 0001:0000fcd0       sf_mex_addfield            0000000180010cd0 f   sfc_mex:sfc_mex.obj
 0001:0000fd70       sf_mex_getfield            0000000180010d70 f   sfc_mex:sfc_mex.obj
 0001:00010070       sf_mex_check_class         0000000180011070 f   sfc_mex:sfc_mex.obj
 0001:00010110       sf_mex_is_real             0000000180011110 f   sfc_mex:sfc_mex.obj
 0001:00010580       sf_mex_decode_encoded_mx_struct_array 0000000180011580 f   sfc_mex:sfc_mex.obj
 0001:00010870       sf_mex_lw_bounds_check     0000000180011870 f   sfc_mex:sfc_mex.obj
 0001:000108a0       sf_mex_lw_size_eq_check_1d 00000001800118a0 f   sfc_mex:sfc_mex.obj
 0001:000108c0       sf_mex_lw_size_eq_check_nd 00000001800118c0 f   sfc_mex:sfc_mex.obj
 0001:00010aa0       sf_mex_lw_dim_size_eq_check 0000000180011aa0 f   sfc_mex:sfc_mex.obj
 0001:00010ad0       sf_mex_lw_dim_size_geq_check 0000000180011ad0 f   sfc_mex:sfc_mex.obj
 0001:00010b00       sf_mex_lw_sub_assign_size_check_nd 0000000180011b00 f   sfc_mex:sfc_mex.obj
 0001:00010cd0       sf_mex_lw_runtime_error_msgid 0000000180011cd0 f   sfc_mex:sfc_mex.obj
 0001:00010dc0       sf_mex_lw_matrix_matrix_index_check 0000000180011dc0 f   sfc_mex:sfc_mex.obj
 0001:00010de0       sf_mex_lw_vector_vector_index_check 0000000180011de0 f   sfc_mex:sfc_mex.obj
 0001:00010e20       sf_mex_lw_for_loop_vector_check 0000000180011e20 f   sfc_mex:sfc_mex.obj
 0001:00010eb0       sf_mex_lw_non_negative_check 0000000180011eb0 f   sfc_mex:sfc_mex.obj
 0001:00010ef0       sf_mex_overflow_error      0000000180011ef0 f   sfc_mex:sfc_mex.obj
 0001:00010f00       sf_mex_dividebyzero_error  0000000180011f00 f   sfc_mex:sfc_mex.obj
 0001:00010f10       sf_mex_unsafe_enum_error   0000000180011f10 f   sfc_mex:sfc_mex.obj
 0001:00010f20       sf_emlrtErrHandler         0000000180011f20 f   sfc_mex:sfc_mex.obj
 0001:00011000       sf_mex_size_one_check      0000000180012000 f   sfc_mex:sfc_mex.obj
 0001:00011020       sf_mex_printf              0000000180012020 f   sfc_mex:sfc_mex.obj
 0001:000111f0       sf_mex_check_size          00000001800121f0 f   sfc_mex:sfc_mex.obj
 0001:00011490       sf_mex_check_struct        0000000180012490 f   sfc_mex:sfc_mex.obj
 0001:000116f0       sf_mex_check_struct_vs     00000001800126f0 f   sfc_mex:sfc_mex.obj
 0001:00011780       sf_mex_check_fi            0000000180012780 f   sfc_mex:sfc_mex.obj
 0001:00011880       sf_mex_check_fi_vs         0000000180012880 f   sfc_mex:sfc_mex.obj
 0001:00011920       sf_echo_expression         0000000180012920 f   sfc_mex:sfc_mex.obj
 0001:00011980       sf_assertion_failed        0000000180012980 f   sfc_mex:sfc_mex.obj
 0001:00011c60       sf_mex_evalin              0000000180012c60 f   sfc_mex:sfc_mex.obj
 0001:00011ed0       sf_mex_export              0000000180012ed0 f   sfc_mex:sfc_mex.obj
 0001:00011f90       sf_mex_get_ml_var_no_error 0000000180012f90 f   sfc_mex:sfc_mex.obj
 0001:00012130       sf_mex_get_ml_var          0000000180013130 f   sfc_mex:sfc_mex.obj
 0001:000125c0       ml_set_element_value_in_array 00000001800135c0 f   sfc_mex:sfc_mex.obj
 0001:00013680       sf_mex_call_impl           0000000180014680 f   sfc_mex:sfc_mex.obj
 0001:00013aa0       sf_mex_call_debug          0000000180014aa0 f   sfc_mex:sfc_mex.obj
 0001:00013ad0       sf_mex_call                0000000180014ad0 f   sfc_mex:sfc_mex.obj
 0001:00014120       sf_mex_createstruct        0000000180015120 f   sfc_mex:sfc_mex.obj
 0001:00014230       sf_mex_createstructarray   0000000180015230 f   sfc_mex:sfc_mex.obj
 0001:000142b0       sf_mex_get_mx_datatype_from_sf_datatype 00000001800152b0 f   sfc_mex:sfc_mex.obj
 0001:000145c0       sf_mex_ml_var_sub          00000001800155c0 f   sfc_mex:sfc_mex.obj
 0001:000147a0       sf_mex_ml_var_subsasgn     00000001800157a0 f   sfc_mex:sfc_mex.obj
 0001:00014ba0       sf_mex_sub                 0000000180015ba0 f   sfc_mex:sfc_mex.obj
 0001:00014db0       sf_mex_subsasgn            0000000180015db0 f   sfc_mex:sfc_mex.obj
 0001:000152c0       sf_mex_create              00000001800162c0 f   sfc_mex:sfc_mex.obj
 0001:00015c60       sf_mex_import_named        0000000180016c60 f   sfc_mex:sfc_mex.obj
 0001:00015cc0       sf_mex_import              0000000180016cc0 f   sfc_mex:sfc_mex.obj
 0001:00015d10       sf_mex_import_vs           0000000180016d10 f   sfc_mex:sfc_mex.obj
 0001:00015e20       sf_mex_lower_fixpt_mx_array 0000000180016e20 f   sfc_mex:sfc_mex.obj
 0001:00016120       sf_send_message_wrapper    0000000180017120 f   sfc_mex:sfc_sf.obj
 0001:00016150       sf_receive_message_wrapper 0000000180017150 f   sfc_mex:sfc_sf.obj
 0001:00016190       sf_check_out_message_wrapper 0000000180017190 f   sfc_mex:sfc_sf.obj
 0001:000161d0       sf_check_in_message_wrapper 00000001800171d0 f   sfc_mex:sfc_sf.obj
 0001:00016210       sf_no_message_wrapper      0000000180017210 f   sfc_mex:sfc_sf.obj
 0001:000165a0       sim_mode_is_rtw_gen        00000001800175a0 f   sfc_mex:sfc_sf.obj
 0001:000165d0       sim_mode_is_external       00000001800175d0 f   sfc_mex:sfc_sf.obj
 0001:000165e0       sim_mode_is_modelref_sim   00000001800175e0 f   sfc_mex:sfc_sf.obj
 0001:00016600       mdlInitializeSizes         0000000180017600 f   sfc_mex:sfc_sf.obj
 0001:00016620       mdlInitializeSampleTimes   0000000180017620 f   sfc_mex:sfc_sf.obj
 0001:00016660       mdlZeroCrossings           0000000180017660 f   sfc_mex:sfc_sf.obj
 0001:00016750       mdlDerivatives             0000000180017750 f   sfc_mex:sfc_sf.obj
 0001:00016810       mdl_initialize_conditions_processing 0000000180017810 f   sfc_mex:sfc_sf.obj
 0001:00016840       mdlInitializeConditions    0000000180017840 f   sfc_mex:sfc_sf.obj
 0001:00016900       mdlGetSimState             0000000180017900 f   sfc_mex:sfc_sf.obj
 0001:00016910       mdlSetSimState             0000000180017910 f   sfc_mex:sfc_sf.obj
 0001:00016920       mdl_ext_mode_exec_processing 0000000180017920 f   sfc_mex:sfc_sf.obj
 0001:00016940       mdlExtModeExec             0000000180017940 f   sfc_mex:sfc_sf.obj
 0001:00016ae0       mdlTerminate               0000000180017ae0 f   sfc_mex:sfc_sf.obj
 0001:00016b50       mdlRTW                     0000000180017b50 f   sfc_mex:sfc_sf.obj
 0001:00016b80       mdlSetWorkWidths           0000000180017b80 f   sfc_mex:sfc_sf.obj
 0001:00016b90       mdlProcessParameters       0000000180017b90 f   sfc_mex:sfc_sf.obj
 0001:00016ba0       mdl_start_processing       0000000180017ba0 f   sfc_mex:sfc_sf.obj
 0001:00016c00       mdlStart                   0000000180017c00 f   sfc_mex:sfc_sf.obj
 0001:00016d10       mdlEnable                  0000000180017d10 f   sfc_mex:sfc_sf.obj
 0001:00016df0       mdlDisable                 0000000180017df0 f   sfc_mex:sfc_sf.obj
 0001:00016eb0       sf_get_chart_instance_ptr  0000000180017eb0 f   sfc_mex:sfc_sf.obj
 0001:00016ed0       sf_load_rtw_optimization_info 0000000180017ed0 f   sfc_mex:sfc_sf.obj
 0001:00016fa0       sf_update_buildInfo        0000000180017fa0 f   sfc_mex:sfc_sf.obj
 0001:000170a0       sf_rtw_info_uint_prop      00000001800180a0 f   sfc_mex:sfc_sf.obj
 0001:000171e0       sf_is_chart_inlinable      00000001800181e0 f   sfc_mex:sfc_sf.obj
 0001:00017200       sf_mark_output_events_with_multiple_callers 0000000180018200 f   sfc_mex:sfc_sf.obj
 0001:00017390       sf_mark_chart_reusable_outputs 0000000180018390 f   sfc_mex:sfc_sf.obj
 0001:000175f0       sf_mark_chart_expressionable_inputs 00000001800185f0 f   sfc_mex:sfc_sf.obj
 0001:00017850       sf_get_subchart_simstruct  0000000180018850 f   sfc_mex:sfc_sf.obj
 0001:000178a0       sf_get_fixpt_data_type_id  00000001800188a0 f   sfc_mex:sfc_sf.obj
 0001:000178e0       sf_get_enum_data_type_id   00000001800188e0 f   sfc_mex:sfc_sf.obj
 0001:00017920       sf_get_param_data_type_id  0000000180018920 f   sfc_mex:sfc_sf.obj
 0001:00017950       sf_mex_listen_for_ctrl_c_force 0000000180018950 f   sfc_mex:sfc_sf.obj
 0001:00017a60       sf_mex_draw_now            0000000180018a60 f   sfc_mex:sfc_sf.obj
 0001:00017aa0       sf_mex_set_debugger_sim_status_listener_fcn 0000000180018aa0 f   sfc_mex:sfc_sf.obj
 0001:00017ab0       sf_mex_listen_for_ctrl_c   0000000180018ab0 f   sfc_mex:sfc_sf.obj
 0001:00017b50       sf_mex_get_sfun_param      0000000180018b50 f   sfc_mex:sfc_sf.obj
 0001:00017ba0       sf_get_runtime_param_data  0000000180018ba0 f   sfc_mex:sfc_sf.obj
 0001:00017be0       sf_call_output_fcn_call    0000000180018be0 f   sfc_mex:sfc_sf.obj
 0001:00017d20       sf_call_output_fcn_enable  0000000180018d20 f   sfc_mex:sfc_sf.obj
 0001:00017db0       sf_call_output_fcn_disable 0000000180018db0 f   sfc_mex:sfc_sf.obj
 0001:00017e40       sf_clear_rtw_identifier    0000000180018e40 f   sfc_mex:sfc_sf.obj
 0001:00018660       sf_set_encoded_dwork_info  0000000180019660 f   sfc_mex:sfc_sf.obj
 0001:000186b0       sf_get_dwork_info_from_mat_file 00000001800196b0 f   sfc_mex:sfc_sf.obj
 0001:00018870       sf_set_rtw_dwork_info      0000000180019870 f   sfc_mex:sfc_sf.obj
 0001:000189e0       mdlOutputs                 00000001800199e0 f   sfc_mex:sfc_sf.obj
 0001:00018b00       sf_debug_chart_instance_initialized_quick 0000000180019b00 f   sfc_debug:sfcdebug.obj
 0001:00018b80       sf_debug_disp              0000000180019b80 f   sfc_debug:sfcdebug.obj
 0001:00018e50       sf_debug_data_runtime_size_mismatch_error_check 0000000180019e50 f   sfc_debug:sfcdebug.obj
 0001:00018f00       sf_debug_try_loading_machine 0000000180019f00 f   sfc_debug:sfcdebug.obj
 0001:00019000       sf_debug_reset_current_state_configuration 000000018001a000 f   sfc_debug:sfcdebug.obj
 0001:00019080       sf_debug_store_current_state_configuration 000000018001a080 f   sfc_debug:sfcdebug.obj
 0001:00019100       sf_debug_restore_previous_state_configuration 000000018001a100 f   sfc_debug:sfcdebug.obj
 0001:00019180       sf_debug_restore_previous_state_configuration2 000000018001a180 f   sfc_debug:sfcdebug.obj
 0001:00019200       sf_debug_get_event_scope   000000018001a200 f   sfc_debug:sfcdebug.obj
 0001:00019370       use_debugger_step_animation 000000018001a370 f   sfc_debug:sfcdebug.obj
 0001:00019390       sf_debug_get_script_id     000000018001a390 f   sfc_debug:sfcdebug.obj
 0001:00019420       sf_debug_set_script_translation 000000018001a420 f   sfc_debug:sfcdebug.obj
 0001:000195a0       sf_debug_extract_message_post_receive_info 000000018001a5a0 f   sfc_debug:sfcdebug.obj
 0001:00019760       sf_debug_get_current_machine_id 000000018001a760 f   sfc_debug:sfcdebug.obj
 0001:00019780       sf_debug_get_current_optional_integer 000000018001a780 f   sfc_debug:sfcdebug.obj
 0001:00019790       sf_debug_get_current_machine_number 000000018001a790 f   sfc_debug:sfcdebug.obj
 0001:000197b0       sf_debug_get_current_machine_name 000000018001a7b0 f   sfc_debug:sfcdebug.obj
 0001:000197d0       sf_debug_get_current_chart_id 000000018001a7d0 f   sfc_debug:sfcdebug.obj
 0001:00019810       sf_debug_get_current_chart_number 000000018001a810 f   sfc_debug:sfcdebug.obj
 0001:00019820       sf_debug_get_current_instance_number 000000018001a820 f   sfc_debug:sfcdebug.obj
 0001:00019830       sf_debug_get_current_is_minor_time_step 000000018001a830 f   sfc_debug:sfcdebug.obj
 0001:000198b0       sf_debug_get_current_object_type 000000018001a8b0 f   sfc_debug:sfcdebug.obj
 0001:000198c0       sf_debug_get_current_instance_handle 000000018001a8c0 f   sfc_debug:sfcdebug.obj
 0001:00019920       sf_debug_get_current_event_type 000000018001a920 f   sfc_debug:sfcdebug.obj
 0001:00019930       sf_debug_get_current_object_id 000000018001a930 f   sfc_debug:sfcdebug.obj
 0001:00019970       sf_debug_get_current_active_event_type 000000018001a970 f   sfc_debug:sfcdebug.obj
 0001:00019980       sf_debug_get_current_active_event_id 000000018001a980 f   sfc_debug:sfcdebug.obj
 0001:000199c0       sf_debug_get_current_tag_type 000000018001a9c0 f   sfc_debug:sfcdebug.obj
 0001:000199d0       sf_debug_get_current_simulation_time 000000018001a9d0 f   sfc_debug:sfcdebug.obj
 0001:000199e0       sf_debug_get_current_coverage_percentage 000000018001a9e0 f   sfc_debug:sfcdebug.obj
 0001:000199f0       sf_debug_current_statement_context 000000018001a9f0 f   sfc_debug:sfcdebug.obj
 0001:00019a70       sf_debug_get_current_statement_info 000000018001aa70 f   sfc_debug:sfcdebug.obj
 0001:00019c10       sf_debug_terminate_instance 000000018001ac10 f   sfc_debug:sfcdebug.obj
 0001:00019f30       sf_debug_assertion_failed  000000018001af30 f   sfc_debug:sfcdebug.obj
 0001:0001a100       sf_debug_create_debug_instance_struct 000000018001b100 f   sfc_debug:sfcdebug.obj
 0001:0001a150       sf_debug_set_number_of_data_with_change_event_for_machine 000000018001b150 f   sfc_debug:sfcdebug.obj
 0001:0001a1a0       sf_debug_set_machine_event_thresholds 000000018001b1a0 f   sfc_debug:sfcdebug.obj
 0001:0001a1c0       sf_debug_set_machine_event_scope 000000018001b1c0 f   sfc_debug:sfcdebug.obj
 0001:0001a210       sf_debug_set_machine_data_thresholds 000000018001b210 f   sfc_debug:sfcdebug.obj
 0001:0001a260       sf_debug_set_machine_data_scope 000000018001b260 f   sfc_debug:sfcdebug.obj
 0001:0001a300       sf_debug_set_machine_data_name 000000018001b300 f   sfc_debug:sfcdebug.obj
 0001:0001a3b0       sf_debug_set_machine_data_size 000000018001b3b0 f   sfc_debug:sfcdebug.obj
 0001:0001a500       sf_debug_set_machine_data_type 000000018001b500 f   sfc_debug:sfcdebug.obj
 0001:0001a670       sf_debug_get_chart_data_number 000000018001b670 f   sfc_debug:sfcdebug.obj
 0001:0001a690       sf_debug_get_chart_event_number 000000018001b690 f   sfc_debug:sfcdebug.obj
 0001:0001a6b0       sf_debug_set_chart_state_info 000000018001b6b0 f   sfc_debug:sfcdebug.obj
 0001:0001a740       sf_debug_set_chart_decomposition 000000018001b740 f   sfc_debug:sfcdebug.obj
 0001:0001a7b0       sf_debug_set_chart_substate_count 000000018001b7b0 f   sfc_debug:sfcdebug.obj
 0001:0001a890       sf_debug_set_chart_substate_index 000000018001b890 f   sfc_debug:sfcdebug.obj
 0001:0001a910       sf_debug_set_chart_state_substate_count 000000018001b910 f   sfc_debug:sfcdebug.obj
 0001:0001aa30       sf_debug_set_chart_state_substate_index 000000018001ba30 f   sfc_debug:sfcdebug.obj
 0001:0001aac0       sf_debug_set_number_of_data_with_change_event_for_chart 000000018001bac0 f   sfc_debug:sfcdebug.obj
 0001:0001ab50       sf_debug_set_number_of_states_with_entry_event_for_chart 000000018001bb50 f   sfc_debug:sfcdebug.obj
 0001:0001abd0       sf_debug_set_number_of_states_with_exit_event_for_chart 000000018001bbd0 f   sfc_debug:sfcdebug.obj
 0001:0001ac50       sf_debug_set_chart_disable_implicit_casting 000000018001bc50 f   sfc_debug:sfcdebug.obj
 0001:0001acc0       sf_debug_set_chart_event_thresholds 000000018001bcc0 f   sfc_debug:sfcdebug.obj
 0001:0001ad40       sf_debug_set_chart_data_compiled_props 000000018001bd40 f   sfc_debug:sfcdebug.obj
 0001:0001b080       sf_debug_set_chart_data_props 000000018001c080 f   sfc_debug:sfcdebug.obj
 0001:0001b3a0       sf_debug_check_fi_license  000000018001c3a0 f   sfc_debug:sfcdebug.obj
 0001:0001b560       sf_debug_symbol_scope_push 000000018001c560 f   sfc_debug:sfcdebug.obj
 0001:0001b5a0       sf_debug_symbol_scope_push_eml 000000018001c5a0 f   sfc_debug:sfcdebug.obj
 0001:0001b5f0       sf_debug_symbol_scope_pop  000000018001c5f0 f   sfc_debug:sfcdebug.obj
 0001:0001b630       sf_debug_symbol_scope_add_importable 000000018001c630 f   sfc_debug:sfcdebug.obj
 0001:0001b6b0       sf_debug_symbol_scope_add  000000018001c6b0 f   sfc_debug:sfcdebug.obj
 0001:0001b730       sf_debug_symbol_scope_add_dyn_importable 000000018001c730 f   sfc_debug:sfcdebug.obj
 0001:0001b7f0       sf_debug_symbol_scope_add_dyn 000000018001c7f0 f   sfc_debug:sfcdebug.obj
 0001:0001b830       sf_debug_symbol_scope_add_eml_importable 000000018001c830 f   sfc_debug:sfcdebug.obj
 0001:0001b870       sf_debug_symbol_scope_add_eml 000000018001c870 f   sfc_debug:sfcdebug.obj
 0001:0001b8b0       sf_debug_symbol_scope_add_eml_dyn_importable 000000018001c8b0 f   sfc_debug:sfcdebug.obj
 0001:0001b910       sf_debug_symbol_scope_add_eml_dyn 000000018001c910 f   sfc_debug:sfcdebug.obj
 0001:0001b970       sf_debug_symbol_switch     000000018001c970 f   sfc_debug:sfcdebug.obj
 0001:0001b990       sf_debug_symbol_scope_add_verbose 000000018001c990 f   sfc_debug:sfcdebug.obj
 0001:0001ba60       sf_debug_set_machine_data_value_ptr 000000018001ca60 f   sfc_debug:sfcdebug.obj
 0001:0001baa0       sf_debug_set_instance_data_value_ptr 000000018001caa0 f   sfc_debug:sfcdebug.obj
 0001:0001bb70       sf_debug_unset_instance_data_value_ptr 000000018001cb70 f   sfc_debug:sfcdebug.obj
 0001:0001bc20       sf_debug_set_chart_event_scope 000000018001cc20 f   sfc_debug:sfcdebug.obj
 0001:0001bca0       sf_debug_set_chart_transition_coverage_maps 000000018001cca0 f   sfc_debug:sfcdebug.obj
 0001:0001bda0       sf_debug_set_chart_state_coverage_maps 000000018001cda0 f   sfc_debug:sfcdebug.obj
 0001:0001be70       sf_debug_set_instance_transition_coverage_weights 000000018001ce70 f   sfc_debug:sfcdebug.obj
 0001:0001bf00       sf_debug_set_instance_state_coverage_weights 000000018001cf00 f   sfc_debug:sfcdebug.obj
 0001:0001c150       sf_debug_unload_machine    000000018001d150 f   sfc_debug:sfcdebug.obj
 0001:0001c1a0       sf_debug_load_machine      000000018001d1a0 f   sfc_debug:sfcdebug.obj
 0001:0001c2b0       sf_debug_set_active_instance_in_data_dictionary 000000018001d2b0 f   sfc_debug:sfcdebug.obj
 0001:0001c490       sf_debug_set_active_instance 000000018001d490 f   sfc_debug:sfcdebug.obj
 0001:0001c5f0       sf_debug_chart_visiblity_change 000000018001d5f0 f   sfc_debug:sfcdebug.obj
 0001:0001c6e0       sf_debug_select_chart      000000018001d6e0 f   sfc_debug:sfcdebug.obj
 0001:0001c840       sf_debug_set_instance_cv_ids 000000018001d840 f   sfc_debug:sfcdebug.obj
 0001:0001cb70       sf_debug_select_charts     000000018001db70 f   sfc_debug:sfcdebug.obj
 0001:0001cd20       sf_debug_initialized       000000018001dd20 f   sfc_debug:sfcdebug.obj
 0001:0001cd40       sf_debug_is_uninterruptible 000000018001dd40 f   sfc_debug:sfcdebug.obj
 0001:0001cd70       sf_debug_initialize_debugger_gui 000000018001dd70 f   sfc_debug:sfcdebug.obj
 0001:0001d150       sf_debug_resume            000000018001e150 f   sfc_debug:sfcdebug.obj
 0001:0001d170       sf_debug_go                000000018001e170 f   sfc_debug:sfcdebug.obj
 0001:0001d180       sf_debug_break             000000018001e180 f   sfc_debug:sfcdebug.obj
 0001:0001d190       sf_debug_step_over         000000018001e190 f   sfc_debug:sfcdebug.obj
 0001:0001d1a0       sf_debug_step_out          000000018001e1a0 f   sfc_debug:sfcdebug.obj
 0001:0001d1b0       sf_debug_set_disable_all_breakpoints 000000018001e1b0 f   sfc_debug:sfcdebug.obj
 0001:0001d1c0       sf_debug_disable_all_breakpoints_and_go 000000018001e1c0 f   sfc_debug:sfcdebug.obj
 0001:0001d1d0       sf_debug_break_on_chart_entry 000000018001e1d0 f   sfc_debug:sfcdebug.obj
 0001:0001d1e0       sf_debug_break_on_event_broadcast 000000018001e1e0 f   sfc_debug:sfcdebug.obj
 0001:0001d1f0       sf_debug_break_on_state_entry 000000018001e1f0 f   sfc_debug:sfcdebug.obj
 0001:0001d200       sf_debug_break_between_times 000000018001e200 f   sfc_debug:sfcdebug.obj
 0001:0001d220       sf_debug_browse_data       000000018001e220 f   sfc_debug:sfcdebug.obj
 0001:0001d230       sf_debug_watch_data        000000018001e230 f   sfc_debug:sfcdebug.obj
 0001:0001d260       sf_debug_assign_data       000000018001e260 f   sfc_debug:sfcdebug.obj
 0001:0001d270       sf_debug_whos              000000018001e270 f   sfc_debug:sfcdebug.obj
 0001:0001d290       sf_debug_get_consistency_info 000000018001e290 f   sfc_debug:sfcdebug.obj
 0001:0001d2a0       sf_debug_browse_trace      000000018001e2a0 f   sfc_debug:sfcdebug.obj
 0001:0001d2b0       sf_debug_set_breakpoints   000000018001e2b0 f   sfc_debug:sfcdebug.obj
 0001:0001d420       sf_debug_set_eml_breakpoints 000000018001e420 f   sfc_debug:sfcdebug.obj
 0001:0001d580       sf_debug_set_script_breakpoints 000000018001e580 f   sfc_debug:sfcdebug.obj
 0001:0001d600       sf_debug_add_script_breakpoints 000000018001e600 f   sfc_debug:sfcdebug.obj
 0001:0001d670       sf_debug_clear_script_breakpoints 000000018001e670 f   sfc_debug:sfcdebug.obj
 0001:0001d6e0       sf_debug_query_script_breakpoints 000000018001e6e0 f   sfc_debug:sfcdebug.obj
 0001:0001d790       sf_debug_get_eml_script_id 000000018001e790 f   sfc_debug:sfcdebug.obj
 0001:0001d7e0       sf_debug_set_watch         000000018001e7e0 f   sfc_debug:sfcdebug.obj
 0001:0001da00       sf_debug_get_instance_handle 000000018001ea00 f   sfc_debug:sfcdebug.obj
 0001:0001da90       sf_debug_get_active_states 000000018001ea90 f   sfc_debug:sfcdebug.obj
 0001:0001daa0       sf_debug_set_honor_breakpoints 000000018001eaa0 f   sfc_debug:sfcdebug.obj
 0001:0001dab0       sf_debug_get_animation     000000018001eab0 f   sfc_debug:sfcdebug.obj
 0001:0001dac0       sf_debug_set_animation     000000018001eac0 f   sfc_debug:sfcdebug.obj
 0001:0001dad0       sf_debug_animate           000000018001ead0 f   sfc_debug:sfcdebug.obj
 0001:0001daf0       sf_debug_cycle_detection_check 000000018001eaf0 f   sfc_debug:sfcdebug.obj
 0001:0001db00       sf_debug_data_range_check  000000018001eb00 f   sfc_debug:sfcdebug.obj
 0001:0001db10       sf_debug_transition_conflict_check 000000018001eb10 f   sfc_debug:sfcdebug.obj
 0001:0001db20       sf_debug_state_consistency_check 000000018001eb20 f   sfc_debug:sfcdebug.obj
 0001:0001db30       sf_debug_data_range_check_enabled 000000018001eb30 f   sfc_debug:sfcdebug.obj
 0001:0001db50       sf_debug_transition_conflict_check_enabled 000000018001eb50 f   sfc_debug:sfcdebug.obj
 0001:0001db70       sf_debug_transition_conflict_check_begin 000000018001eb70 f   sfc_debug:sfcdebug.obj
 0001:0001db90       sf_debug_transition_conflict_check_end 000000018001eb90 f   sfc_debug:sfcdebug.obj
 0001:0001dbb0       sf_debug_stop_debugging    000000018001ebb0 f   sfc_debug:sfcdebug.obj
 0001:0001dbe0       sf_debug_is_cycle_detected 000000018001ebe0 f   sfc_debug:sfcdebug.obj
 0001:0001dbf0       sf_debug_is_array_bounds_detected 000000018001ebf0 f   sfc_debug:sfcdebug.obj
 0001:0001dc00       sf_debug_get_state_vectors_data_size 000000018001ec00 f   sfc_debug:sfcdebug.obj
 0001:0001dc40       sf_debug_get_state_vectors_data 000000018001ec40 f   sfc_debug:sfcdebug.obj
 0001:0001dd50       sf_debug_set_state_vectors_data 000000018001ed50 f   sfc_debug:sfcdebug.obj
 0001:0001dfe0       sf_debug_get_script_index  000000018001efe0 f   sfc_debug:sfcdebug.obj
 0001:0001e170       sf_debug_add_script        000000018001f170 f   sfc_debug:sfcdebug.obj
 0001:0001e300       cv_eval_point              000000018001f300 f   sfc_debug:sfcdebug.obj
 0001:0001e470       cv_eval_testobjective      000000018001f470 f   sfc_debug:sfcdebug.obj
 0001:0001e580       sf_debug_cv_init_state     000000018001f580 f   sfc_debug:sfcdebug.obj
 0001:0001e6b0       sf_debug_cv_init_chart     000000018001f6b0 f   sfc_debug:sfcdebug.obj
 0001:0001e7a0       sf_debug_cv_init_trans     000000018001f7a0 f   sfc_debug:sfcdebug.obj
 0001:0001e8b0       sf_debug_cv_init_saturation 000000018001f8b0 f   sfc_debug:sfcdebug.obj
 0001:0001e9b0       sf_debug_cv_init_testobjectives 000000018001f9b0 f   sfc_debug:sfcdebug.obj
 0001:0001eb90       cv_eml_init_script         000000018001fb90 f   sfc_debug:sfcdebug.obj
 0001:0001ecb0       cv_eml_init_fcn            000000018001fcb0 f   sfc_debug:sfcdebug.obj
 0001:0001edc0       cv_eml_init_testobjective  000000018001fdc0 f   sfc_debug:sfcdebug.obj
 0001:0001eea0       cv_eml_init_saturation     000000018001fea0 f   sfc_debug:sfcdebug.obj
 0001:0001ef70       cv_eml_init_if             000000018001ff70 f   sfc_debug:sfcdebug.obj
 0001:0001f050       cv_eml_init_for            0000000180020050 f   sfc_debug:sfcdebug.obj
 0001:0001f120       cv_eml_init_while          0000000180020120 f   sfc_debug:sfcdebug.obj
 0001:0001f1f0       cv_eml_init_mcdc           00000001800201f0 f   sfc_debug:sfcdebug.obj
 0001:0001f310       cv_eml_init_switch         0000000180020310 f   sfc_debug:sfcdebug.obj
 0001:0001f410       cv_eml_eval                0000000180020410 f   sfc_debug:sfcdebug.obj
 0001:0001f500       sf_debug_bm_is_a_eml_breakpoint 0000000180020500 f   sfc_debug:sfcdebug.obj
 0001:0001f650       sf_debug_temporal_threshold 0000000180020650 f   sfc_debug:sfcdebug.obj
 0001:0001f9c0       sf_debug_transition_conflict_error 00000001800209c0 f   sfc_debug:sfcdebug.obj
 0001:0001fd20       sf_debug_state_inconsistency_error 0000000180020d20 f   sfc_debug:sfcdebug.obj
 0001:0001fe40       sf_debug_check_for_state_inconsistency 0000000180020e40 f   sfc_debug:sfcdebug.obj
 0001:0001fe80       sf_debug_cycle_detecton_error 0000000180020e80 f   sfc_debug:sfcdebug.obj
 0001:000205d0       sf_debug_size_eq_check_1d  00000001800215d0 f   sfc_debug:sfcdebug.obj
 0001:000205f0       sf_debug_size_eq_check_nd  00000001800215f0 f   sfc_debug:sfcdebug.obj
 0001:000207f0       sf_debug_dim_size_eq_check 00000001800217f0 f   sfc_debug:sfcdebug.obj
 0001:00020820       sf_debug_dim_size_geq_check 0000000180021820 f   sfc_debug:sfcdebug.obj
 0001:00020850       sf_debug_sub_assign_size_check_nd 0000000180021850 f   sfc_debug:sfcdebug.obj
 0001:00020a30       sf_debug_matrix_matrix_index_check 0000000180021a30 f   sfc_debug:sfcdebug.obj
 0001:00020a80       sf_debug_vector_vector_index_check 0000000180021a80 f   sfc_debug:sfcdebug.obj
 0001:00020ad0       sf_debug_for_loop_vector_check 0000000180021ad0 f   sfc_debug:sfcdebug.obj
 0001:00020b70       sf_debug_runtime_error_msgid 0000000180021b70 f   sfc_debug:sfcdebug.obj
 0001:00020c10       sf_debug_data_array_bounds_error_check 0000000180021c10 f   sfc_debug:sfcdebug.obj
 0001:00020d20       sf_debug_eml_data_array_bounds_error_check 0000000180021d20 f   sfc_debug:sfcdebug.obj
 0001:000211e0       sf_debug_integer_check     00000001800221e0 f   sfc_debug:sfcdebug.obj
 0001:000212d0       sf_debug_not_nan_check     00000001800222d0 f   sfc_debug:sfcdebug.obj
 0001:000213a0       sf_debug_non_negative_check 00000001800223a0 f   sfc_debug:sfcdebug.obj
 0001:00021470       sf_debug_overflow_detection 0000000180022470 f   sfc_debug:sfcdebug.obj
 0001:00021ad0       sf_debug_cast_to_real32_T  0000000180022ad0 f   sfc_debug:sfcdebug.obj
 0001:00021ba0       sf_debug_cast_to_int8_T    0000000180022ba0 f   sfc_debug:sfcdebug.obj
 0001:00021c70       sf_debug_cast_to_uint8_T   0000000180022c70 f   sfc_debug:sfcdebug.obj
 0001:00021d40       sf_debug_cast_to_int16_T   0000000180022d40 f   sfc_debug:sfcdebug.obj
 0001:00021e10       sf_debug_cast_to_uint16_T  0000000180022e10 f   sfc_debug:sfcdebug.obj
 0001:00021ee0       sf_debug_cast_to_int32_T   0000000180022ee0 f   sfc_debug:sfcdebug.obj
 0001:00021fb0       sf_debug_cast_to_uint32_T  0000000180022fb0 f   sfc_debug:sfcdebug.obj
 0001:00022080       sf_debug_data_range_error  0000000180023080 f   sfc_debug:sfcdebug.obj
 0001:00022390       sf_debug_read_before_write_check 0000000180023390 f   sfc_debug:sfcdebug.obj
 0001:000227c0       sf_debug_data_range_error_wrapper_min_max 00000001800237c0 f   sfc_debug:sfcdebug.obj
 0001:000228e0       sf_debug_data_range_error_wrapper_min 00000001800238e0 f   sfc_debug:sfcdebug.obj
 0001:000229f0       sf_debug_data_range_error_wrapper_max 00000001800239f0 f   sfc_debug:sfcdebug.obj
 0001:00022b00       sf_debug_data_range_wrapper 0000000180023b00 f   sfc_debug:sfcdebug.obj
 0001:00022bc0       sf_debug_set_current_status_info 0000000180023bc0 f   sfc_debug:sfcdebug.obj
 0001:00022f60       sf_debug_register_message_post_receive_info 0000000180023f60 f   sfc_debug:sfcdebug.obj
 0001:000231b0       sf_debug_call              00000001800241b0 f   sfc_debug:sfcdebug.obj
 0001:00023b10       sf_debug_initialize_machine 0000000180024b10 f   sfc_debug:sfcdebug.obj
 0001:00023dc0       sf_debug_initialize_chart  0000000180024dc0 f   sfc_debug:sfcdebug.obj
 0001:00024210       sf_debug_ensure_script     0000000180025210 f   sfc_debug:sfcdebug.obj
 0001:000242c0       cv_eval_saturation         00000001800252c0 f   sfc_debug:sfcdebug.obj
 0001:00024440       cv_saturation_accum        0000000180025440 f   sfc_debug:sfcdebug.obj
 0001:00024580       cv_script_init_script      0000000180025580 f   sfc_debug:sfcdebug.obj
 0001:00024670       cv_script_init_fcn         0000000180025670 f   sfc_debug:sfcdebug.obj
 0001:00024730       cv_script_init_testobjective 0000000180025730 f   sfc_debug:sfcdebug.obj
 0001:000247f0       cv_script_init_saturation  00000001800257f0 f   sfc_debug:sfcdebug.obj
 0001:000248a0       cv_script_init_if          00000001800258a0 f   sfc_debug:sfcdebug.obj
 0001:00024960       cv_script_init_for         0000000180025960 f   sfc_debug:sfcdebug.obj
 0001:00024a10       cv_script_init_while       0000000180025a10 f   sfc_debug:sfcdebug.obj
 0001:00024ac0       cv_script_init_mcdc        0000000180025ac0 f   sfc_debug:sfcdebug.obj
 0001:00024bc0       cv_script_init_switch      0000000180025bc0 f   sfc_debug:sfcdebug.obj
 0001:00024ca0       cv_script_eval             0000000180025ca0 f   sfc_debug:sfcdebug.obj
 0001:00024d70       eml_debug_line_call        0000000180025d70 f   sfc_debug:sfcdebug.obj
 0001:00024f40       sf_debug_terminate         0000000180025f40 f   sfc_debug:sfcdebug.obj
 0001:00025150       sf_debug_set_script_cv_ids 0000000180026150 f   sfc_debug:sfcdebug.obj
 0001:00025280       sf_debug_api               0000000180026280 f   sfc_debug:sfc_api.obj
 0001:00026b70       sf_debug_sm_terminate      0000000180027b70 f   sfc_debug:sfdb_animation.obj
 0001:00026d20       sf_debug_reset_path_objects 0000000180027d20 f   sfc_debug:sfdb_animation.obj
 0001:00026da0       sf_debug_sm_reset_object_selection_status 0000000180027da0 f   sfc_debug:sfdb_animation.obj
 0001:00026e40       sf_debug_sm_reset_state_buffer 0000000180027e40 f   sfc_debug:sfdb_animation.obj
 0001:00026f10       sf_debug_sm_store_state_buffer 0000000180027f10 f   sfc_debug:sfdb_animation.obj
 0001:00026f90       sf_debug_sm_restore_state_buffer1 0000000180027f90 f   sfc_debug:sfdb_animation.obj
 0001:00027000       sf_debug_sm_restore_state_buffer2 0000000180028000 f   sfc_debug:sfdb_animation.obj
 0001:00027070       sf_debug_sm_chart_active   0000000180028070 f   sfc_debug:sfdb_animation.obj
 0001:000270c0       sf_debug_sm_select_active_objects 00000001800280c0 f   sfc_debug:sfdb_animation.obj
 0001:00027590       sf_debug_sm_is_chart_active 0000000180028590 f   sfc_debug:sfdb_animation.obj
 0001:000275d0       sf_debug_sm_is_state_active 00000001800285d0 f   sfc_debug:sfdb_animation.obj
 0001:00027810       sf_debug_sm_get_active_states 0000000180028810 f   sfc_debug:sfdb_animation.obj
 0001:00027dc0       sf_debug_sm_initialize_instance 0000000180028dc0 f   sfc_debug:sfdb_animation.obj
 0001:00027fd0       sf_debug_sm_change_object_selection_status 0000000180028fd0 f   sfc_debug:sfdb_animation.obj
 0001:000282a0       cv_create_interface        00000001800292a0 f   sfc_debug:cv_sfinterface.obj
 0001:000285b0       cv_init_trans              00000001800295b0 f   sfc_debug:cv_sfinterface.obj
 0001:00028600       cv_init_saturation         0000000180029600 f   sfc_debug:cv_sfinterface.obj
 0001:00028640       cv_init_testobjective      0000000180029640 f   sfc_debug:cv_sfinterface.obj
 0001:00028680       cv_init_state              0000000180029680 f   sfc_debug:cv_sfinterface.obj
 0001:000286f0       cv_init_chart              00000001800296f0 f   sfc_debug:cv_sfinterface.obj
 0001:00028740       cv_dec_update_call         0000000180029740 f   sfc_debug:cv_sfinterface.obj
 0001:00028780       cv_cond_update_call        0000000180029780 f   sfc_debug:cv_sfinterface.obj
 0001:000287c0       cv_saturation_update_call  00000001800297c0 f   sfc_debug:cv_sfinterface.obj
 0001:00028800       cv_saturation_update_accum 0000000180029800 f   sfc_debug:cv_sfinterface.obj
 0001:00028840       cv_testobjective_update_call 0000000180029840 f   sfc_debug:cv_sfinterface.obj
 0001:00028880       cv_sigrange_update         0000000180029880 f   sfc_debug:cv_sfinterface.obj
 0001:000288c0       cvsf_eml_eval              00000001800298c0 f   sfc_debug:cv_sfinterface.obj
 0001:000289a0       cvsf_eml_init_script       00000001800299a0 f   sfc_debug:cv_sfinterface.obj
 0001:00028a30       cvsf_eml_init_fcn          0000000180029a30 f   sfc_debug:cv_sfinterface.obj
 0001:00028a90       cvsf_eml_init_testobjective 0000000180029a90 f   sfc_debug:cv_sfinterface.obj
 0001:00028af0       cvsf_eml_init_saturation   0000000180029af0 f   sfc_debug:cv_sfinterface.obj
 0001:00028b40       cvsf_eml_init_if           0000000180029b40 f   sfc_debug:cv_sfinterface.obj
 0001:00028ba0       cvsf_eml_init_for          0000000180029ba0 f   sfc_debug:cv_sfinterface.obj
 0001:00028bf0       cvsf_eml_init_while        0000000180029bf0 f   sfc_debug:cv_sfinterface.obj
 0001:00028c40       cvsf_eml_init_mcdc         0000000180029c40 f   sfc_debug:cv_sfinterface.obj
 0001:00028cd0       cvsf_eml_init_switch       0000000180029cd0 f   sfc_debug:cv_sfinterface.obj
 0001:00028d40       cvsf_script_eval           0000000180029d40 f   sfc_debug:cv_sfinterface.obj
 0001:00028e20       cvsf_script_init_script    0000000180029e20 f   sfc_debug:cv_sfinterface.obj
 0001:00028eb0       cvsf_script_init_fcn       0000000180029eb0 f   sfc_debug:cv_sfinterface.obj
 0001:00028f10       cvsf_script_init_testobjective 0000000180029f10 f   sfc_debug:cv_sfinterface.obj
 0001:00028f70       cvsf_script_init_saturation 0000000180029f70 f   sfc_debug:cv_sfinterface.obj
 0001:00028fc0       cvsf_script_init_if        0000000180029fc0 f   sfc_debug:cv_sfinterface.obj
 0001:00029020       cvsf_script_init_for       000000018002a020 f   sfc_debug:cv_sfinterface.obj
 0001:00029070       cvsf_script_init_while     000000018002a070 f   sfc_debug:cv_sfinterface.obj
 0001:000290c0       cvsf_script_init_mcdc      000000018002a0c0 f   sfc_debug:cv_sfinterface.obj
 0001:00029150       cvsf_script_init_switch    000000018002a150 f   sfc_debug:cv_sfinterface.obj
 0001:000291c0       cv_destroy_interface       000000018002a1c0 f   sfc_debug:cv_sfinterface.obj
 0001:000291e0       cv_create_instance_objects 000000018002a1e0 f   sfc_debug:cv_sfinterface.obj
 0001:00029650       cv_is_enabled              000000018002a650 f   sfc_debug:cv_sfinterface.obj
 0001:00029660       sf_debug_cv_initialize_script 000000018002a660 f   sfc_debug:cv_sfinterface.obj
 0001:000297f0       sf_debug_cv_initialize_instance 000000018002a7f0 f   sfc_debug:cv_sfinterface.obj
 0001:00029b80       sf_debug_cv_terminate_chart 000000018002ab80 f   sfc_debug:cv_sfinterface.obj
 0001:00029ca0       cv_call_trans_test         000000018002aca0 f   sfc_debug:cv_sfinterface.obj
 0001:00029cb0       cv_call_sub_cond_test      000000018002acb0 f   sfc_debug:cv_sfinterface.obj
 0001:00029cf0       sf_debug_st_initialize_machine 000000018002acf0 f   sfc_debug:sfdb_data_browse.obj
 0001:00029da0       sf_debug_st_initialize_instance 000000018002ada0 f   sfc_debug:sfdb_data_browse.obj
 0001:00029fb0       sf_debug_st_terminate      000000018002afb0 f   sfc_debug:sfdb_data_browse.obj
 0001:0002a350       sf_debug_st_set_data_value_ptr_in_machine 000000018002b350 f   sfc_debug:sfdb_data_browse.obj
 0001:0002a3e0       sf_debug_st_set_data_value_ptr_in_instance 000000018002b3e0 f   sfc_debug:sfdb_data_browse.obj
 0001:0002a4c0       sf_debug_st_unset_data_value_ptr_in_machine 000000018002b4c0 f   sfc_debug:sfdb_data_browse.obj
 0001:0002a530       sf_debug_st_unset_data_value_ptr_in_instance 000000018002b530 f   sfc_debug:sfdb_data_browse.obj
 0001:0002a7f0       sf_debug_mx_value          000000018002b7f0 f   sfc_debug:sfdb_data_browse.obj
 0001:0002a850       sf_debug_mx_packed_vector  000000018002b850 f   sfc_debug:sfdb_data_browse.obj
 0001:0002a930       sf_debug_mx_uint_vector    000000018002b930 f   sfc_debug:sfdb_data_browse.obj
 0001:0002a9e0       sf_debug_st_get_double_value_from_void_ptr_vector 000000018002b9e0 f   sfc_debug:sfdb_data_browse.obj
 0001:0002b4c0       sf_debug_st_browse_data    000000018002c4c0 f   sfc_debug:sfdb_data_browse.obj
 0001:0002bd00       sf_debug_hm_initialize_instance 000000018002cd00 f   sfc_debug:sfdb_handle_management.obj
 0001:0002c1e0       sf_debug_hm_get_object_id  000000018002d1e0 f   sfc_debug:sfdb_handle_management.obj
 0001:0002cd90       sf_debug_hm_update_chart_visibility 000000018002dd90 f   sfc_debug:sfdb_handle_management.obj
 0001:0002df80       sf_debug_object_is_eml_function 000000018002ef80 f   sfc_debug:sfdb_handle_management.obj
 0001:0002dff0       sf_debug_hm_initialize_ids_in_machine 000000018002eff0 f   sfc_debug:sfdb_handle_management.obj
 0001:0002e160       sf_debug_hm_initialize_ids_in_chart 000000018002f160 f   sfc_debug:sfdb_handle_management.obj
 0001:0002e260       sf_debug_hm_initialize_chart 000000018002f260 f   sfc_debug:sfdb_handle_management.obj
 0001:0002e960       sf_debug_hm_terminate      000000018002f960 f   sfc_debug:sfdb_handle_management.obj
 0001:0002e9c0       sf_debug_hm_initialize_machine 000000018002f9c0 f   sfc_debug:sfdb_handle_management.obj
 0001:0002f0e0       sf_debug_ss_initialize     00000001800300e0 f   sfc_debug:sfdb_symbol_scope.obj
 0001:0002f100       sf_debug_ss_terminate      0000000180030100 f   sfc_debug:sfdb_symbol_scope.obj
 0001:0002f190       sf_debug_ss_push_symbol_scope 0000000180030190 f   sfc_debug:sfdb_symbol_scope.obj
 0001:0002f290       sf_debug_ss_push_symbol_scope_eml 0000000180030290 f   sfc_debug:sfdb_symbol_scope.obj
 0001:0002f2f0       sf_debug_ss_pop_symbol_scope 00000001800302f0 f   sfc_debug:sfdb_symbol_scope.obj
 0001:0002f3a0       sf_debug_ss_add_symbol     00000001800303a0 f   sfc_debug:sfdb_symbol_scope.obj
 0001:0002f510       sf_debug_ss_add_symbol_eml 0000000180030510 f   sfc_debug:sfdb_symbol_scope.obj
 0001:00030410       sf_debug_ss_set_data_value 0000000180031410 f   sfc_debug:sfdb_symbol_scope.obj
 0001:00030860       getInstanceNumber          0000000180031860 f   sfc_debug:sfdb_symbol_scope.obj
 0001:00030930       sf_debug_ss_watch_data     0000000180031930 f   sfc_debug:sfdb_symbol_scope.obj
 0001:00030b20       sf_debug_ss_assign_data    0000000180031b20 f   sfc_debug:sfdb_symbol_scope.obj
 0001:00031530       get_data_entry_name        0000000180032530 f   sfc_debug:sfdb_symbol_scope.obj
 0001:00031580       sf_debug_ss_whos           0000000180032580 f   sfc_debug:sfdb_symbol_scope.obj
 0001:00031bd0       sf_debug_cc_initialize_chart 0000000180032bd0 f   sfc_debug:sfdb_coverage.obj
 0001:000325c0       sf_debug_cc_initialize_instance 00000001800335c0 f   sfc_debug:sfdb_coverage.obj
 0001:00033300       sf_debug_cc_terminate      0000000180034300 f   sfc_debug:sfdb_coverage.obj
 0001:000333f0       sf_debug_cc_set_transition_maps 00000001800343f0 f   sfc_debug:sfdb_coverage.obj
 0001:00033520       sf_debug_cc_set_state_maps 0000000180034520 f   sfc_debug:sfdb_coverage.obj
 0001:00033600       sf_debug_cc_set_transition_weights 0000000180034600 f   sfc_debug:sfdb_coverage.obj
 0001:000338c0       sf_debug_cc_set_state_weights 00000001800348c0 f   sfc_debug:sfdb_coverage.obj
 0001:00033b90       sf_debug_cc_mark_transition_guard 0000000180034b90 f   sfc_debug:sfdb_coverage.obj
 0001:00033c20       sf_debug_cc_mark_transition_trigger 0000000180034c20 f   sfc_debug:sfdb_coverage.obj
 0001:00033cb0       sf_debug_cc_mark_transition_decision 0000000180034cb0 f   sfc_debug:sfdb_coverage.obj
 0001:00033d20       sf_debug_cc_mark_transition_condition_action 0000000180034d20 f   sfc_debug:sfdb_coverage.obj
 0001:00033d70       sf_debug_cc_mark_transition_transition_action 0000000180034d70 f   sfc_debug:sfdb_coverage.obj
 0001:00033dc0       sf_debug_cc_mark_state_entry 0000000180034dc0 f   sfc_debug:sfdb_coverage.obj
 0001:00033e10       sf_debug_cc_mark_state_during 0000000180034e10 f   sfc_debug:sfdb_coverage.obj
 0001:00033e60       sf_debug_cc_mark_state_exit 0000000180034e60 f   sfc_debug:sfdb_coverage.obj
 0001:00033eb0       sf_debug_bm_clear_script_breakpoints 0000000180034eb0 f   sfc_debug:sfdb_breakpoints.obj
 0001:00033ee0       sf_debug_bm_set_script_breakpoint 0000000180034ee0 f   sfc_debug:sfdb_breakpoints.obj
 0001:00033f60       sf_debug_bm_clear_single_script_breakpoint 0000000180034f60 f   sfc_debug:sfdb_breakpoints.obj
 0001:00033fe0       sf_debug_bm_query_script_breakpoint 0000000180034fe0 f   sfc_debug:sfdb_breakpoints.obj
 0001:00034030       sf_debug_bm_initialize_scripts 0000000180035030 f   sfc_debug:sfdb_breakpoints.obj
 0001:000346c0       sf_debug_bm_terminate      00000001800356c0 f   sfc_debug:sfdb_breakpoints.obj
 0001:000349a0       sf_debug_bm_remove_all_breakpoints_in_machine 00000001800359a0 f   sfc_debug:sfdb_breakpoints.obj
 0001:00034a00       sf_debug_bm_remove_all_breakpoints_in_chart 0000000180035a00 f   sfc_debug:sfdb_breakpoints.obj
 0001:00034b50       sf_debug_bm_initialize_global_breakpoints 0000000180035b50 f   sfc_debug:sfdb_breakpoints.obj
 0001:00034cd0       sf_debug_bm_set_breakpoint 0000000180035cd0 f   sfc_debug:sfdb_breakpoints.obj
 0001:00035290       sf_debug_bm_set_eml_breakpoint 0000000180036290 f   sfc_debug:sfdb_breakpoints.obj
 0001:00035320       sf_debug_bm_initialize_machine_breakpoint_map 0000000180036320 f   sfc_debug:sfdb_breakpoints.obj
 0001:00035740       sf_debug_bm_is_a_breakpoint 0000000180036740 f   sfc_debug:sfdb_breakpoints.obj
 0001:00035c60       sf_debug_bm_get_all_breakpoints_in_machine 0000000180036c60 f   sfc_debug:sfdb_breakpoints.obj
 0001:00035f60       sf_debug_bm_get_all_breakpoints_in_chart 0000000180036f60 f   sfc_debug:sfdb_breakpoints.obj
 0001:00036af0       sf_debug_bm_initialize_machine 0000000180037af0 f   sfc_debug:sfdb_breakpoints.obj
 0001:00036bc0       sf_debug_bm_initialize_chart 0000000180037bc0 f   sfc_debug:sfdb_breakpoints.obj
 0001:00036fb0       sf_debug_sc_terminate      0000000180037fb0 f   sfc_debug:sfdb_state_consistency.obj
 0001:000372d0       sf_debug_sc_is_chart_consistent 00000001800382d0 f   sfc_debug:sfdb_state_consistency.obj
 0001:00037580       sf_debug_sc_get_consistency_error_info 0000000180038580 f   sfc_debug:sfdb_state_consistency.obj
 0001:00037990       sf_debug_tm_terminate      0000000180038990 f   sfc_debug:sfdb_call_stack.obj
 0001:00037a40       sf_debug_tm_push_chart_instance 0000000180038a40 f   sfc_debug:sfdb_call_stack.obj
 0001:00037b80       sf_debug_tm_pop_chart_instance 0000000180038b80 f   sfc_debug:sfdb_call_stack.obj
 0001:00037be0       sf_debug_tm_push_trace_node 0000000180038be0 f   sfc_debug:sfdb_call_stack.obj
 0001:00037d60       sf_debug_tm_pop_trace_node 0000000180038d60 f   sfc_debug:sfdb_call_stack.obj
 0001:00037de0       sf_debug_tm_get_current_global_trace_index 0000000180038de0 f   sfc_debug:sfdb_call_stack.obj
 0001:00037df0       sf_debug_tm_get_current_local_trace_index 0000000180038df0 f   sfc_debug:sfdb_call_stack.obj
 0001:00037e20       sf_debug_tm_set_cycle_detected_flag 0000000180038e20 f   sfc_debug:sfdb_call_stack.obj
 0001:00037e60       sf_debug_tm_set_cycle_started_flag 0000000180038e60 f   sfc_debug:sfdb_call_stack.obj
 0001:00037ea0       sf_debug_tm_get_chart_number_from_stack 0000000180038ea0 f   sfc_debug:sfdb_call_stack.obj
 0001:000380a0       sf_debug_tm_browse_trace   00000001800390a0 f   sfc_debug:sfdb_call_stack.obj
 0001:000383b0       sf_debug_cd_initialize_instance 00000001800393b0 f   sfc_debug:sfdb_cycle_detection.obj
 0001:00038660       sf_debug_cd_mark_processed_transition_in_instance 0000000180039660 f   sfc_debug:sfdb_cycle_detection.obj
 0001:00038700       sf_debug_cd_checksum_push  0000000180039700 f   sfc_debug:sfdb_cycle_detection.obj
 0001:000389b0       sf_debug_cd_checksum_pop   00000001800399b0 f   sfc_debug:sfdb_cycle_detection.obj
 0001:00038a20       sf_debug_cd_turn_off_cycle_detection 0000000180039a20 f   sfc_debug:sfdb_cycle_detection.obj
 0001:00038a70       sf_debug_cd_terminate      0000000180039a70 f   sfc_debug:sfdb_cycle_detection.obj
 0001:00038ca0       md5_initialize_state       0000000180039ca0 f   sfc_debug:ckmd5.obj
 0001:00039730       md5_update_state           000000018003a730 f   sfc_debug:ckmd5.obj
 0001:00039750       md5_get_hash               000000018003a750 f   sfc_debug:ckmd5.obj
 0001:00039780       md5_get_hash_for_a_single_string 000000018003a780 f   sfc_debug:ckmd5.obj
 0001:000397e0       mxGetPr                    000000018003a7e0 f   libmx:libmx.dll
 0001:000397e6       mxCreateDoubleScalar       000000018003a7e6 f   libmx:libmx.dll
 0001:000397ec       mxCreateDoubleMatrix_730   000000018003a7ec f   libmx:libmx.dll
 0001:000397f2       mxSetField_730             000000018003a7f2 f   libmx:libmx.dll
 0001:000397f8       mxCreateString             000000018003a7f8 f   libmx:libmx.dll
 0001:000397fe       mxCreateStructMatrix_730   000000018003a7fe f   libmx:libmx.dll
 0001:00039804       mxCreateCellMatrix_730     000000018003a804 f   libmx:libmx.dll
 0001:0003980a       mxDestroyArray             000000018003a80a f   libmx:libmx.dll
 0001:00039810       mxDuplicateArray           000000018003a810 f   libmx:libmx.dll
 0001:00039816       mxGetString_730            000000018003a816 f   libmx:libmx.dll
 0001:0003981c       mxIsChar                   000000018003a81c f   libmx:libmx.dll
 0001:00039822       mxGetClassID               000000018003a822 f   libmx:libmx.dll
 0001:00039828       mxIsNumeric                000000018003a828 f   libmx:libmx.dll
 0001:0003982e       mxIsComplex                000000018003a82e f   libmx:libmx.dll
 0001:00039834       mxGetN                     000000018003a834 f   libmx:libmx.dll
 0001:0003983a       mxGetM                     000000018003a83a f   libmx:libmx.dll
 0001:00039840       mxCalloc                   000000018003a840 f   libmx:libmx.dll
 0001:00039846       mxGetScalar                000000018003a846 f   libmx:libmx.dll
 0001:0003984c       mxIsLogical                000000018003a84c f   libmx:libmx.dll
 0001:00039852       mxCreateDoubleMatrix_700   000000018003a852 f   libmx:libmx.dll
 0001:00039858       mxFree                     000000018003a858 f   libmx:libmx.dll
 0001:0003985e       mxArrayToString            000000018003a85e f   libmx:libmx.dll
 0001:00039864       mxCreateCellMatrix_700     000000018003a864 f   libmx:libmx.dll
 0001:0003986a       mxSetCell_700              000000018003a86a f   libmx:libmx.dll
 0001:00039870       mxGetCell_700              000000018003a870 f   libmx:libmx.dll
 0001:00039876       mxGetClassName             000000018003a876 f   libmx:libmx.dll
 0001:0003987c       mxSetField_700             000000018003a87c f   libmx:libmx.dll
 0001:00039882       mxAddField                 000000018003a882 f   libmx:libmx.dll
 0001:00039888       mxGetField_700             000000018003a888 f   libmx:libmx.dll
 0001:0003988e       mxGetNumberOfElements      000000018003a88e f   libmx:libmx.dll
 0001:00039894       mxIsStruct                 000000018003a894 f   libmx:libmx.dll
 0001:0003989a       mxIsA                      000000018003a89a f   libmx:libmx.dll
 0001:000398a0       mxIsClass                  000000018003a8a0 f   libmx:libmx.dll
 0001:000398a6       mxGetLogicals              000000018003a8a6 f   libmx:libmx.dll
 0001:000398ac       mxIsSparse                 000000018003a8ac f   libmx:libmx.dll
 0001:000398b2       mxSetFieldByNumber_700     000000018003a8b2 f   libmx:libmx.dll
 0001:000398b8       mxGetFieldByNumber_700     000000018003a8b8 f   libmx:libmx.dll
 0001:000398be       mxGetFieldNameByNumber     000000018003a8be f   libmx:libmx.dll
 0001:000398c4       mxGetNumberOfFields        000000018003a8c4 f   libmx:libmx.dll
 0001:000398ca       mxCreateStructMatrix_700   000000018003a8ca f   libmx:libmx.dll
 0001:000398d0       mxGetFieldNumber           000000018003a8d0 f   libmx:libmx.dll
 0001:000398d6       mxIsNaN                    000000018003a8d6 f   libmx:libmx.dll
 0001:000398dc       mxIsEmpty                  000000018003a8dc f   libmx:libmx.dll
 0001:000398e2       mxGetData                  000000018003a8e2 f   libmx:libmx.dll
 0001:000398e8       mxGetImagData              000000018003a8e8 f   libmx:libmx.dll
 0001:000398ee       mxArrayClassIDName         000000018003a8ee f   libmx:libmx.dll
 0001:000398f4       mxCreateNumericMatrix_700  000000018003a8f4 f   libmx:libmx.dll
 0001:000398fa       mxCreateStructArray_700    000000018003a8fa f   libmx:libmx.dll
 0001:00039900       mxCalcSingleSubscript_700  000000018003a900 f   libmx:libmx.dll
 0001:00039906       mxGetDimensions_700        000000018003a906 f   libmx:libmx.dll
 0001:0003990c       mxGetNumberOfDimensions_700 000000018003a90c f   libmx:libmx.dll
 0001:00039912       mxCreateNumericArray_700   000000018003a912 f   libmx:libmx.dll
 0001:00039918       mxGetElementSize           000000018003a918 f   libmx:libmx.dll
 0001:0003991e       mxCreateStringFromNChars_700 000000018003a91e f   libmx:libmx.dll
 0001:00039924       mxGetString_700            000000018003a924 f   libmx:libmx.dll
 0001:0003992a       mxIsLogicalScalarTrue      000000018003a92a f   libmx:libmx.dll
 0001:00039930       mxCreateLogicalScalar      000000018003a930 f   libmx:libmx.dll
 0001:00039936       mexUnlock                  000000018003a936 f   libmex:libmex.dll
 0001:0003993c       mexIsLocked                000000018003a93c f   libmex:libmex.dll
 0001:00039942       mexWarnMsgTxt              000000018003a942 f   libmex:libmex.dll
 0001:00039948       mexCallMATLAB              000000018003a948 f   libmex:libmex.dll
 0001:0003994e       mexErrMsgTxt               000000018003a94e f   libmex:libmex.dll
 0001:00039954       mexMakeArrayPersistent     000000018003a954 f   libmex:libmex.dll
 0001:0003995a       mexSetTrapFlag             000000018003a95a f   libmex:libmex.dll
 0001:00039960       mexPutVariable             000000018003a960 f   libmex:libmex.dll
 0001:00039966       mexGetVariable             000000018003a966 f   libmex:libmex.dll
 0001:0003996c       mexLock                    000000018003a96c f   libmex:libmex.dll
 0001:00039972       mexMakeMemoryPersistent    000000018003a972 f   libmex:libmex.dll
 0001:00039978       mexFunctionName            000000018003a978 f   libmex:libmex.dll
 0001:0003997e       ssRegisterDataTypeFxpFSlopeFixExpBias 000000018003a97e f   libfixedpoint:libfixedpoint.dll
 0001:00039984       ssRegisterDataTypeFxpScaledDouble 000000018003a984 f   libfixedpoint:libfixedpoint.dll
 0001:0003998a       utMalloc                   000000018003a98a f   libut:libut.dll
 0001:00039990       utFree                     000000018003a990 f   libut:libut.dll
 0001:00039996       utVSNprintf                000000018003a996 f   libut:libut.dll
 0001:0003999c       utCPUtime                  000000018003a99c f   libut:libut.dll
 0001:000399a2       utCalloc                   000000018003a9a2 f   libut:libut.dll
 0001:000399a8       utRealloc                  000000018003a9a8 f   libut:libut.dll
 0001:000399ae       emlrtCreateRootTLS         000000018003a9ae f   libemlrt:libemlrt.dll
 0001:000399b4       emlrtDestroyRootTLS        000000018003a9b4 f   libemlrt:libemlrt.dll
 0001:000399ba       emlrtCheckBuiltInR2012b    000000018003a9ba f   libemlrt:libemlrt.dll
 0001:000399c0       emlrtCheckVsBuiltInR2012b  000000018003a9c0 f   libemlrt:libemlrt.dll
 0001:000399c6       emlrtCheckEnumR2012b       000000018003a9c6 f   libemlrt:libemlrt.dll
 0001:000399cc       emlrtCreateEnumR2012b      000000018003a9cc f   libemlrt:libemlrt.dll
 0001:000399d2       emlrtGetEnumElementR2009a  000000018003a9d2 f   libemlrt:libemlrt.dll
 0001:000399d8       emlrtCreateReference       000000018003a9d8 f   libemlrt:libemlrt.dll
 0001:000399de       emlrtImportVsFiArrayR2009b 000000018003a9de f   libemlrt:libemlrt.dll
 0001:000399e4       emlrtNameCapturePostProcessR2012a 000000018003a9e4 f   libemlrt:libemlrt.dll
 0001:000399ea       emlrtExtractMessageId      000000018003a9ea f   libemlrt:libemlrt.dll
 0001:000399f0       emlrtTranslateMessageIDtoLCPstring 000000018003a9f0 f   libemlrt:libemlrt.dll
 0001:000399f6       emlrtForLoopVectorIsValidR2011b 000000018003a9f6 f   libemlrt:libemlrt.dll
 0001:000399fc       emlrtTranslateUTF16MessagetoLCPstring 000000018003a9fc f   libemlrt:libemlrt.dll
 0001:00039a02       emlrtGetEnumUnderlyingArrayR2009a 000000018003aa02 f   libemlrt:libemlrt.dll
 0001:00039a08       emlrtIsEnumR2009a          000000018003aa08 f   libemlrt:libemlrt.dll
 0001:00039a10       __GSHandlerCheckCommon     000000018003aa10 f   MSVCRT:gshandler.obj
 0001:00039a74       __GSHandlerCheck           000000018003aa74 f   MSVCRT:gshandler.obj
 0001:00039a92       strlen                     000000018003aa92 f   MSVCRT:MSVCR100.dll
 0001:00039ab0       __security_check_cookie    000000018003aab0 f   MSVCRT:amdsecgs.obj
 0001:00039ad0       memset                     000000018003aad0 f   MSVCRT:MSVCR100.dll
 0001:00039ad6       strcmp                     000000018003aad6 f   MSVCRT:MSVCR100.dll
 0001:00039adc       free                       000000018003aadc f   MSVCRT:MSVCR100.dll
 0001:00039ae2       sprintf                    000000018003aae2 f   MSVCRT:MSVCR100.dll
 0001:00039ae8       malloc                     000000018003aae8 f   MSVCRT:MSVCR100.dll
 0001:00039aee       strcat                     000000018003aaee f   MSVCRT:MSVCR100.dll
 0001:00039af4       memcpy                     000000018003aaf4 f   MSVCRT:MSVCR100.dll
 0001:00039afc       NtCurrentTeb               000000018003aafc f i MSVCRT:crtdll.obj
 0001:00039b68       _CRT_INIT                  000000018003ab68 f   MSVCRT:crtdll.obj
 0001:00039f00       _DllMainCRTStartup         000000018003af00 f   MSVCRT:crtdll.obj
 0001:00039f3e       strncpy                    000000018003af3e f   MSVCRT:MSVCR100.dll
 0001:00039f60       __chkstk                   000000018003af60 f   MSVCRT:chkstk.obj
 0001:00039f60       _alloca_probe              000000018003af60     MSVCRT:chkstk.obj
 0001:00039fae       longjmp                    000000018003afae f   MSVCRT:MSVCR100.dll
 0001:00039fb4       strncmp                    000000018003afb4 f   MSVCRT:MSVCR100.dll
 0001:00039fba       ceil                       000000018003afba f   MSVCRT:MSVCR100.dll
 0001:00039fc0       strrchr                    000000018003afc0 f   MSVCRT:MSVCR100.dll
 0001:00039fc6       _setjmp                    000000018003afc6 f   MSVCRT:MSVCR100.dll
 0001:00039fcc       ldexp                      000000018003afcc f   MSVCRT:MSVCR100.dll
 0001:00039fd4       __report_gsfailure         000000018003afd4 f   MSVCRT:gs_report.obj
 0001:0003a120       __clean_type_info_names    000000018003b120 f   MSVCRT:tncleanup.obj
 0001:0003a12c       _onexit                    000000018003b12c f   MSVCRT:atonexit.obj
 0001:0003a1dc       atexit                     000000018003b1dc f   MSVCRT:atonexit.obj
 0001:0003a1f4       _RTC_Initialize            000000018003b1f4 f   MSVCRT:_initsect_.obj
 0001:0003a22c       _RTC_Terminate             000000018003b22c f   MSVCRT:_initsect_.obj
 0001:0003a264       _malloc_crt                000000018003b264 f   MSVCRT:MSVCR100.dll
 0001:0003a270       _ValidateImageBase         000000018003b270 f   MSVCRT:pesect.obj
 0001:0003a2a0       _FindPESection             000000018003b2a0 f   MSVCRT:pesect.obj
 0001:0003a2f0       _IsNonwritableInCurrentImage 000000018003b2f0 f   MSVCRT:pesect.obj
 0001:0003a332       _initterm                  000000018003b332 f   MSVCRT:MSVCR100.dll
 0001:0003a338       _initterm_e                000000018003b338 f   MSVCRT:MSVCR100.dll
 0001:0003a33e       _encoded_null              000000018003b33e f   MSVCRT:MSVCR100.dll
 0001:0003a344       _amsg_exit                 000000018003b344 f   MSVCRT:MSVCR100.dll
 0001:0003a34a       __C_specific_handler       000000018003b34a f   MSVCRT:MSVCR100.dll
 0001:0003a350       __CppXcptFilter            000000018003b350 f   MSVCRT:MSVCR100.dll
 0001:0003a358       DllMain                    000000018003b358 f   MSVCRT:dllmain.obj
 0001:0003a37c       __security_init_cookie     000000018003b37c f   MSVCRT:gs_support.obj
 0001:0003a430       __crt_debugger_hook        000000018003b430 f   MSVCRT:MSVCR100.dll
 0001:0003a436       __clean_type_info_names_internal 000000018003b436 f   MSVCRT:MSVCR100.dll
 0001:0003a43c       _unlock                    000000018003b43c f   MSVCRT:MSVCR100.dll
 0001:0003a442       __dllonexit                000000018003b442 f   MSVCRT:MSVCR100.dll
 0001:0003a448       _lock                      000000018003b448 f   MSVCRT:MSVCR100.dll
 0001:0003a44e       EncodePointer              000000018003b44e f   kernel32:KERNEL32.dll
 0001:0003a454       DecodePointer              000000018003b454 f   kernel32:KERNEL32.dll
 0001:0003a45a       Sleep                      000000018003b45a f   kernel32:KERNEL32.dll
 0001:0003a460       TerminateProcess           000000018003b460 f   kernel32:KERNEL32.dll
 0001:0003a466       GetCurrentProcess          000000018003b466 f   kernel32:KERNEL32.dll
 0001:0003a46c       UnhandledExceptionFilter   000000018003b46c f   kernel32:KERNEL32.dll
 0001:0003a472       SetUnhandledExceptionFilter 000000018003b472 f   kernel32:KERNEL32.dll
 0001:0003a478       IsDebuggerPresent          000000018003b478 f   kernel32:KERNEL32.dll
 0001:0003a47e       RtlVirtualUnwind           000000018003b47e f   kernel32:KERNEL32.dll
 0001:0003a484       RtlLookupFunctionEntry     000000018003b484 f   kernel32:KERNEL32.dll
 0001:0003a48a       RtlCaptureContext          000000018003b48a f   kernel32:KERNEL32.dll
 0001:0003a490       DisableThreadLibraryCalls  000000018003b490 f   kernel32:KERNEL32.dll
 0001:0003a496       QueryPerformanceCounter    000000018003b496 f   kernel32:KERNEL32.dll
 0001:0003a49c       GetTickCount               000000018003b49c f   kernel32:KERNEL32.dll
 0001:0003a4a2       GetCurrentThreadId         000000018003b4a2 f   kernel32:KERNEL32.dll
 0001:0003a4a8       GetCurrentProcessId        000000018003b4a8 f   kernel32:KERNEL32.dll
 0001:0003a4ae       GetSystemTimeAsFileTime    000000018003b4ae f   kernel32:KERNEL32.dll
 0002:00000000       __imp_GetSystemTimeAsFileTime 000000018003c000     kernel32:KERNEL32.dll
 0002:00000008       __imp_GetCurrentProcessId  000000018003c008     kernel32:KERNEL32.dll
 0002:00000010       __imp_GetCurrentThreadId   000000018003c010     kernel32:KERNEL32.dll
 0002:00000018       __imp_GetTickCount         000000018003c018     kernel32:KERNEL32.dll
 0002:00000020       __imp_QueryPerformanceCounter 000000018003c020     kernel32:KERNEL32.dll
 0002:00000028       __imp_DisableThreadLibraryCalls 000000018003c028     kernel32:KERNEL32.dll
 0002:00000030       __imp_RtlCaptureContext    000000018003c030     kernel32:KERNEL32.dll
 0002:00000038       __imp_RtlLookupFunctionEntry 000000018003c038     kernel32:KERNEL32.dll
 0002:00000040       __imp_RtlVirtualUnwind     000000018003c040     kernel32:KERNEL32.dll
 0002:00000048       __imp_IsDebuggerPresent    000000018003c048     kernel32:KERNEL32.dll
 0002:00000050       __imp_SetUnhandledExceptionFilter 000000018003c050     kernel32:KERNEL32.dll
 0002:00000058       __imp_UnhandledExceptionFilter 000000018003c058     kernel32:KERNEL32.dll
 0002:00000060       __imp_GetCurrentProcess    000000018003c060     kernel32:KERNEL32.dll
 0002:00000068       __imp_TerminateProcess     000000018003c068     kernel32:KERNEL32.dll
 0002:00000070       __imp_Sleep                000000018003c070     kernel32:KERNEL32.dll
 0002:00000078       __imp_DecodePointer        000000018003c078     kernel32:KERNEL32.dll
 0002:00000080       __imp_EncodePointer        000000018003c080     kernel32:KERNEL32.dll
 0002:00000088       \177KERNEL32_NULL_THUNK_DATA 000000018003c088     kernel32:KERNEL32.dll
 0002:00000090       __imp__onexit              000000018003c090     MSVCRT:MSVCR100.dll
 0002:00000098       __imp__lock                000000018003c098     MSVCRT:MSVCR100.dll
 0002:000000a0       __imp___dllonexit          000000018003c0a0     MSVCRT:MSVCR100.dll
 0002:000000a8       __imp__unlock              000000018003c0a8     MSVCRT:MSVCR100.dll
 0002:000000b0       __imp___clean_type_info_names_internal 000000018003c0b0     MSVCRT:MSVCR100.dll
 0002:000000b8       __imp___crt_debugger_hook  000000018003c0b8     MSVCRT:MSVCR100.dll
 0002:000000c0       __imp___CppXcptFilter      000000018003c0c0     MSVCRT:MSVCR100.dll
 0002:000000c8       __imp___C_specific_handler 000000018003c0c8     MSVCRT:MSVCR100.dll
 0002:000000d0       __imp__amsg_exit           000000018003c0d0     MSVCRT:MSVCR100.dll
 0002:000000d8       __imp__encoded_null        000000018003c0d8     MSVCRT:MSVCR100.dll
 0002:000000e0       __imp__initterm_e          000000018003c0e0     MSVCRT:MSVCR100.dll
 0002:000000e8       __imp__initterm            000000018003c0e8     MSVCRT:MSVCR100.dll
 0002:000000f0       __imp__malloc_crt          000000018003c0f0     MSVCRT:MSVCR100.dll
 0002:000000f8       __imp_ldexp                000000018003c0f8     MSVCRT:MSVCR100.dll
 0002:00000100       __imp__setjmp              000000018003c100     MSVCRT:MSVCR100.dll
 0002:00000108       __imp_strrchr              000000018003c108     MSVCRT:MSVCR100.dll
 0002:00000110       __imp_ceil                 000000018003c110     MSVCRT:MSVCR100.dll
 0002:00000118       __imp_strncmp              000000018003c118     MSVCRT:MSVCR100.dll
 0002:00000120       __imp_longjmp              000000018003c120     MSVCRT:MSVCR100.dll
 0002:00000128       __imp_strncpy              000000018003c128     MSVCRT:MSVCR100.dll
 0002:00000130       __imp_memcpy               000000018003c130     MSVCRT:MSVCR100.dll
 0002:00000138       __imp_strcat               000000018003c138     MSVCRT:MSVCR100.dll
 0002:00000140       __imp_malloc               000000018003c140     MSVCRT:MSVCR100.dll
 0002:00000148       __imp_sprintf              000000018003c148     MSVCRT:MSVCR100.dll
 0002:00000150       __imp_free                 000000018003c150     MSVCRT:MSVCR100.dll
 0002:00000158       __imp_strcmp               000000018003c158     MSVCRT:MSVCR100.dll
 0002:00000160       __imp_memset               000000018003c160     MSVCRT:MSVCR100.dll
 0002:00000168       __imp_strlen               000000018003c168     MSVCRT:MSVCR100.dll
 0002:00000170       \177MSVCR100_NULL_THUNK_DATA 000000018003c170     MSVCRT:MSVCR100.dll
 0002:00000178       __imp_emlrtIsEnumR2009a    000000018003c178     libemlrt:libemlrt.dll
 0002:00000180       __imp_emlrtGetEnumUnderlyingArrayR2009a 000000018003c180     libemlrt:libemlrt.dll
 0002:00000188       __imp_emlrtTranslateUTF16MessagetoLCPstring 000000018003c188     libemlrt:libemlrt.dll
 0002:00000190       __imp_emlrtForLoopVectorIsValidR2011b 000000018003c190     libemlrt:libemlrt.dll
 0002:00000198       __imp_emlrtTranslateMessageIDtoLCPstring 000000018003c198     libemlrt:libemlrt.dll
 0002:000001a0       __imp_emlrtExtractMessageId 000000018003c1a0     libemlrt:libemlrt.dll
 0002:000001a8       __imp_emlrtNameCapturePostProcessR2012a 000000018003c1a8     libemlrt:libemlrt.dll
 0002:000001b0       __imp_emlrtImportVsFiArrayR2009b 000000018003c1b0     libemlrt:libemlrt.dll
 0002:000001b8       __imp_emlrtCreateReference 000000018003c1b8     libemlrt:libemlrt.dll
 0002:000001c0       __imp_emlrtGetEnumElementR2009a 000000018003c1c0     libemlrt:libemlrt.dll
 0002:000001c8       __imp_emlrtCreateEnumR2012b 000000018003c1c8     libemlrt:libemlrt.dll
 0002:000001d0       __imp_emlrtCheckEnumR2012b 000000018003c1d0     libemlrt:libemlrt.dll
 0002:000001d8       __imp_emlrtCheckVsBuiltInR2012b 000000018003c1d8     libemlrt:libemlrt.dll
 0002:000001e0       __imp_emlrtCheckBuiltInR2012b 000000018003c1e0     libemlrt:libemlrt.dll
 0002:000001e8       __imp_emlrtDestroyRootTLS  000000018003c1e8     libemlrt:libemlrt.dll
 0002:000001f0       __imp_emlrtCreateRootTLS   000000018003c1f0     libemlrt:libemlrt.dll
 0002:000001f8       \177libemlrt_NULL_THUNK_DATA 000000018003c1f8     libemlrt:libemlrt.dll
 0002:00000200       __imp_ssRegisterDataTypeFxpScaledDouble 000000018003c200     libfixedpoint:libfixedpoint.dll
 0002:00000208       __imp_ssRegisterDataTypeFxpFSlopeFixExpBias 000000018003c208     libfixedpoint:libfixedpoint.dll
 0002:00000210       \177libfixedpoint_NULL_THUNK_DATA 000000018003c210     libfixedpoint:libfixedpoint.dll
 0002:00000218       __imp_mexLock              000000018003c218     libmex:libmex.dll
 0002:00000220       __imp_mexMakeMemoryPersistent 000000018003c220     libmex:libmex.dll
 0002:00000228       __imp_mexFunctionName      000000018003c228     libmex:libmex.dll
 0002:00000230       __imp_mexGetVariable       000000018003c230     libmex:libmex.dll
[...]
 0001:00010170       sf_mex_check_complex       0000000180011170 f   sfc_mex:sfc_mex.obj
 0001:00010200       sf_mex_check_sparse        0000000180011200 f   sfc_mex:sfc_mex.obj
 0001:00010260       sf_mex_check_numerictype   0000000180011260 f   sfc_mex:sfc_mex.obj
 0001:000103f0       sf_mex_check_fimath        00000001800113f0 f   sfc_mex:sfc_mex.obj
 0001:00010f50       size_mismatch_error        0000000180011f50 f   sfc_mex:sfc_mex.obj
 0001:000119c0       check_array_dimensions     00000001800129c0 f   sfc_mex:sfc_mex.obj
 0001:00011a30       check_input_mxarray        0000000180012a30 f   sfc_mex:sfc_mex.obj
 0001:00012170       sf_numeric_value_to_double 0000000180013170 f   sfc_mex:sfc_mex.obj
 0001:000121c0       ml_generic_out_of_bounds_check 00000001800131c0 f   sfc_mex:sfc_mex.obj
 0001:00012380       ml_get_element_value_from_array 0000000180013380 f   sfc_mex:sfc_mex.obj
 0001:00012720       _ml_generic_castability_check 0000000180013720 f   sfc_mex:sfc_mex.obj
 0001:00012e70       ml_generic_castability_check 0000000180013e70 f   sfc_mex:sfc_mex.obj
 0001:00012f10       ml_check_mx_array_for_single_castability 0000000180013f10 f   sfc_mex:sfc_mex.obj
 0001:00012fb0       ml_check_mx_array_for_logical_castability 0000000180013fb0 f   sfc_mex:sfc_mex.obj
 0001:00013050       ml_check_mx_array_for_int8_castability 0000000180014050 f   sfc_mex:sfc_mex.obj
 0001:00013100       ml_check_mx_array_for_uint8_castability 0000000180014100 f   sfc_mex:sfc_mex.obj
 0001:00013160       ml_check_mx_array_for_int16_castability 0000000180014160 f   sfc_mex:sfc_mex.obj
 0001:000131c0       ml_check_mx_array_for_uint16_castability 00000001800141c0 f   sfc_mex:sfc_mex.obj
 0001:00013220       ml_check_mx_array_for_int32_castability 0000000180014220 f   sfc_mex:sfc_mex.obj
 0001:00013280       ml_check_mx_array_for_uint32_castability 0000000180014280 f   sfc_mex:sfc_mex.obj
 0001:000132e0       ml_check_mx_array_for_castability 00000001800142e0 f   sfc_mex:sfc_mex.obj
 0001:00013b00       set_data_value             0000000180014b00 f   sfc_mex:sfc_mex.obj
 0001:00013e70       get_data_value             0000000180014e70 f   sfc_mex:sfc_mex.obj
 0001:00013f80       get_next_element_address   0000000180014f80 f   sfc_mex:sfc_mex.obj
 0001:00014050       sf_normalize_index         0000000180015050 f   sfc_mex:sfc_mex.obj
 0001:00014400       ml_array_index_bound_check 0000000180015400 f   sfc_mex:sfc_mex.obj
 0001:00014f80       mx_value                   0000000180015f80 f   sfc_mex:sfc_mex.obj
 0001:00014fd0       sf_create_numeric_array    0000000180015fd0 f   sfc_mex:sfc_mex.obj
 0001:00015070       sf_mex_assign_to_mx_array  0000000180016070 f   sfc_mex:sfc_mex.obj
 0001:000153e0       assign_from_mx_array       00000001800163e0 f   sfc_mex:sfc_mex.obj
 0001:00015b40       sf_mex_import_v            0000000180016b40 f   sfc_mex:sfc_mex.obj
 0001:00016250       get_machine_and_chart_file_number 0000000180017250 f   sfc_mex:sfc_sf.obj
 0001:00016340       get_sfun_block_specialization 0000000180017340 f   sfc_mex:sfc_sf.obj
 0001:000163f0       call_sf_machine_global_method_dispatcher 00000001800173f0 f   sfc_mex:sfc_sf.obj
 0001:00016640       mdl_zeroCrossings_processing 0000000180017640 f   sfc_mex:sfc_sf.obj
 0001:00016720       mdl_derivatives_processing 0000000180017720 f   sfc_mex:sfc_sf.obj
 0001:00016a00       mdl_outputs_continuous_legacy 0000000180017a00 f   sfc_mex:sfc_sf.obj
 0001:00016a80       mdl_outputs_processing     0000000180017a80 f   sfc_mex:sfc_sf.obj
 0001:00016cf0       mdl_enable_processing      0000000180017cf0 f   sfc_mex:sfc_sf.obj
 0001:00016dd0       mdl_disable_processing     0000000180017dd0 f   sfc_mex:sfc_sf.obj
 0001:00017c60       sf_call_output_fcn_enable_disable 0000000180018c60 f   sfc_mex:sfc_sf.obj
 0001:00017ee0       set_dwork_information_from_mx_array 0000000180018ee0 f   sfc_mex:sfc_sf.obj
 0001:000187d0       ptr2mxStruct               00000001800197d0 f   sfc_mex:sfc_sf.obj
 0001:00018ae0       SNPRINTF_WRAPPER           0000000180019ae0 f   sfc_debug:sfcdebug.obj
 0001:00018b10       sf_debug_chart_instance_initialized 0000000180019b10 f   sfc_debug:sfcdebug.obj
 0001:00018cb0       sfrtAddSize                0000000180019cb0 f   sfc_debug:sfcdebug.obj
 0001:00018d70       sfrtGenSizeString          0000000180019d70 f   sfc_debug:sfcdebug.obj
 0001:000194c0       fill_single_message_info   000000018001a4c0 f   sfc_debug:sfcdebug.obj
 0001:00019740       sf_debug_sim_status_listener 000000018001a740 f   sfc_debug:sfcdebug.obj
 0001:00019cd0       sf_debug_form_mask_bits    000000018001acd0 f   sfc_debug:sfcdebug.obj
 0001:00019cf0       sf_debug_form_sf_data_type_offsets 000000018001acf0 f   sfc_debug:sfcdebug.obj
 0001:00019db0       sf_debug_free_all          000000018001adb0 f   sfc_debug:sfcdebug.obj
 0001:00019f40       sf_debug_append_debugger_context 000000018001af40 f   sfc_debug:sfcdebug.obj
 0001:0001a2b0       local_strdup               000000018001b2b0 f   sfc_debug:sfcdebug.obj
 0001:0001b230       sf_debug_em_terminate      000000018001c230 f   sfc_debug:sfcdebug.obj
 0001:0001b270       sf_debug_push_eml_function 000000018001c270 f   sfc_debug:sfcdebug.obj
 0001:0001b310       sf_debug_pop_eml_function  000000018001c310 f   sfc_debug:sfcdebug.obj
 0001:0001bfb0       sf_debug_get_machine_number_from_id_or_name 000000018001cfb0 f   sfc_debug:sfcdebug.obj
 0001:0001c100       sf_debug_get_chart_number_from_id 000000018001d100 f   sfc_debug:sfcdebug.obj
 0001:0001cee0       sf_debug_transfer_control_to_debugger_GUI 000000018001dee0 f   sfc_debug:sfcdebug.obj
 0001:0001de50       sf_debug_scripts_rehash    000000018001ee50 f   sfc_debug:sfcdebug.obj
 0001:0001e060       sf_debug_get_script_line_count 000000018001f060 f   sfc_debug:sfcdebug.obj
 0001:0001eab0       cv_eml_state_cvId          000000018001fab0 f   sfc_debug:sfcdebug.obj
 0001:0001eb20       cv_eml_trans_cvId          000000018001fb20 f   sfc_debug:sfcdebug.obj
 0001:0001ffa0       sf_debug_data_array_bounds_error 0000000180020fa0 f   sfc_debug:sfcdebug.obj
 0001:00020350       eml_debug_runtime_error_doclink 0000000180021350 f   sfc_debug:sfcdebug.obj
 0001:000204c0       sf_debug_runtime_error     00000001800214c0 f   sfc_debug:sfcdebug.obj
 0001:00020530       sf_debug_matlab_error      0000000180021530 f   sfc_debug:sfcdebug.obj
 0001:00020ea0       sf_debug_data_value_error  0000000180021ea0 f   sfc_debug:sfcdebug.obj
 0001:00021770       sf_debug_data_loss_error   0000000180022770 f   sfc_debug:sfcdebug.obj
 0001:00022690       call_cv_range_check        0000000180023690 f   sfc_debug:sfcdebug.obj
 0001:00022ef0       sf_debug_invoke_cycle_detection_code 0000000180023ef0 f   sfc_debug:sfcdebug.obj
 0001:00023a60       sf_reset_debug_info_struct 0000000180024a60 f   sfc_debug:sfcdebug.obj
 0001:00024250       cv_script_cvId             0000000180025250 f   sfc_debug:sfcdebug.obj
 0001:00025410       sfc_api_chart_visible      0000000180026410 f   sfc_debug:sfc_api.obj
 0001:000254a0       sfc_api_active_instance    00000001800264a0 f   sfc_debug:sfc_api.obj
 0001:00025530       sfc_api_machine_load       0000000180026530 f   sfc_debug:sfc_api.obj
 0001:00025620       sfc_api_debugger_alive     0000000180026620 f   sfc_debug:sfc_api.obj
 0001:00025630       sfc_api_go                 0000000180026630 f   sfc_debug:sfc_api.obj
 0001:00025640       sfc_api_step_over          0000000180026640 f   sfc_debug:sfc_api.obj
 0001:00025650       sfc_api_step_out           0000000180026650 f   sfc_debug:sfc_api.obj
 0001:00025660       sfc_api_resume             0000000180026660 f   sfc_debug:sfc_api.obj
 0001:00025670       sfc_api_break              0000000180026670 f   sfc_debug:sfc_api.obj
 0001:00025680       sfc_api_stop_debugging     0000000180026680 f   sfc_debug:sfc_api.obj
 0001:000256e0       sfc_api_is_cycle_detected  00000001800266e0 f   sfc_debug:sfc_api.obj
 0001:00025740       sfc_api_is_array_bounds_detected 0000000180026740 f   sfc_debug:sfc_api.obj
 0001:000257a0       sfc_api_set_disable_all_breakpoints 00000001800267a0 f   sfc_debug:sfc_api.obj
 0001:00025820       sfc_api_disable_all_breakpoints_and_go 0000000180026820 f   sfc_debug:sfc_api.obj
 0001:00025830       sfc_api_close              0000000180026830 f   sfc_debug:sfc_api.obj
 0001:00025840       sfc_api_browse_data        0000000180026840 f   sfc_debug:sfc_api.obj
 0001:000258c0       sfc_api_watch_data         00000001800268c0 f   sfc_debug:sfc_api.obj
 0001:000259d0       sfc_api_extract_message_post_receive_info 00000001800269d0 f   sfc_debug:sfc_api.obj
 0001:000259f0       sfc_api_assign_data        00000001800269f0 f   sfc_debug:sfc_api.obj
 0001:00025aa0       sfc_api_whos               0000000180026aa0 f   sfc_debug:sfc_api.obj
 0001:00025b30       sfc_api_get_consistency_info 0000000180026b30 f   sfc_debug:sfc_api.obj
 0001:00025b40       sfc_api_browse_trace       0000000180026b40 f   sfc_debug:sfc_api.obj
 0001:00025b50       sfc_api_break_on_chart_entry 0000000180026b50 f   sfc_debug:sfc_api.obj
 0001:00025b80       sfc_api_break_on_event_broadcast 0000000180026b80 f   sfc_debug:sfc_api.obj
 0001:00025bb0       sfc_api_break_on_state_entry 0000000180026bb0 f   sfc_debug:sfc_api.obj
 0001:00025be0       sfc_api_set_watch          0000000180026be0 f   sfc_debug:sfc_api.obj
 0001:00025c90       sfc_api_set_breakpoints    0000000180026c90 f   sfc_debug:sfc_api.obj
 0001:00025d50       sfc_api_set_eml_breakpoints 0000000180026d50 f   sfc_debug:sfc_api.obj
 0001:00025df0       sfc_api_set_script_breakpoints 0000000180026df0 f   sfc_debug:sfc_api.obj
 0001:00025e50       sfc_api_add_script_breakpoints 0000000180026e50 f   sfc_debug:sfc_api.obj
 0001:00025eb0       sfc_api_clear_script_breakpoints 0000000180026eb0 f   sfc_debug:sfc_api.obj
 0001:00025f10       sfc_api_query_script_breakpoints 0000000180026f10 f   sfc_debug:sfc_api.obj
 0001:00025f80       sfc_api_get_script_id      0000000180026f80 f   sfc_debug:sfc_api.obj
 0001:00026040       sfc_api_get_active_states  0000000180027040 f   sfc_debug:sfc_api.obj
 0001:000260d0       sfc_api_break_between_times 00000001800270d0 f   sfc_debug:sfc_api.obj
 0001:00026140       sfc_api_get_instance_handle 0000000180027140 f   sfc_debug:sfc_api.obj
 0001:00026210       sfc_api_set_animation      0000000180027210 f   sfc_debug:sfc_api.obj
 0001:00026260       sfc_api_select_chart       0000000180027260 f   sfc_debug:sfc_api.obj
 0001:000262d0       sfc_api_select_charts      00000001800272d0 f   sfc_debug:sfc_api.obj
 0001:00026300       sfc_api_cycle_detection_check 0000000180027300 f   sfc_debug:sfc_api.obj
 0001:00026350       sfc_api_data_range_check   0000000180027350 f   sfc_debug:sfc_api.obj
 0001:000263a0       sfc_api_transition_conflict_check 00000001800273a0 f   sfc_debug:sfc_api.obj
 0001:000263f0       sfc_api_state_consistency_check 00000001800273f0 f   sfc_debug:sfc_api.obj
 0001:00026440       sfc_api_set_instance_cv_ids 0000000180027440 f   sfc_debug:sfc_api.obj
 0001:00026570       sfc_api_set_script_cv_ids  0000000180027570 f   sfc_debug:sfc_api.obj
 0001:00026640       sfc_api_get_current_machine_id 0000000180027640 f   sfc_debug:sfc_api.obj
 0001:00026670       sfc_api_get_current_machine_number 0000000180027670 f   sfc_debug:sfc_api.obj
 0001:000266a0       sfc_api_get_current_chart_number 00000001800276a0 f   sfc_debug:sfc_api.obj
 0001:000266d0       sfc_api_get_current_instance_number 00000001800276d0 f   sfc_debug:sfc_api.obj
 0001:00026700       sfc_api_get_current_instance_handle 0000000180027700 f   sfc_debug:sfc_api.obj
 0001:00026720       sfc_api_get_current_is_minor_time_step 0000000180027720 f   sfc_debug:sfc_api.obj
 0001:00026750       sfc_api_get_current_machine_name 0000000180027750 f   sfc_debug:sfc_api.obj
 0001:00026770       sfc_api_get_current_chart_id 0000000180027770 f   sfc_debug:sfc_api.obj
 0001:000267a0       sfc_api_get_current_object_type 00000001800277a0 f   sfc_debug:sfc_api.obj
 0001:000267d0       sfc_api_get_current_event_type 00000001800277d0 f   sfc_debug:sfc_api.obj
 0001:00026800       sfc_api_get_current_object_id 0000000180027800 f   sfc_debug:sfc_api.obj
 0001:00026830       sfc_get_current_active_event_type 0000000180027830 f   sfc_debug:sfc_api.obj
 0001:00026860       sfc_api_get_current_active_event_id 0000000180027860 f   sfc_debug:sfc_api.obj
 0001:00026890       sfc_api_get_current_simulation_time 0000000180027890 f   sfc_debug:sfc_api.obj
 0001:000268b0       sfc_get_current_tag_type   00000001800278b0 f   sfc_debug:sfc_api.obj
 0001:000268e0       sfc_get_current_coverage_percentage 00000001800278e0 f   sfc_debug:sfc_api.obj
 0001:00026900       sfc_get_current_statement_context 0000000180027900 f   sfc_debug:sfc_api.obj
 0001:00026920       sfc_get_current_optional_integer 0000000180027920 f   sfc_debug:sfc_api.obj
 0001:00026950       sfc_get_current_statement_info 0000000180027950 f   sfc_debug:sfc_api.obj
 0001:000269f0       sfc_api_get                00000001800279f0 f   sfc_debug:sfc_api.obj
 0001:00027650       sf_debug_sm_fill_state_activity_data 0000000180028650 f   sfc_debug:sfdb_animation.obj
 0001:00029e90       void_ptr_stack_vector_free_total 000000018002ae90 f   sfc_debug:sfdb_data_browse.obj
 0001:00029f10       sf_debug_st_terminate_machine 000000018002af10 f   sfc_debug:sfdb_data_browse.obj
 0001:00029f50       sf_debug_st_terminate_instance 000000018002af50 f   sfc_debug:sfdb_data_browse.obj
 0001:0002a300       push_on_to_void_ptr_stack  000000018002b300 f   sfc_debug:sfdb_data_browse.obj
 0001:0002a490       pop_from_void_ptr_stack    000000018002b490 f   sfc_debug:sfdb_data_browse.obj
 0001:0002a5c0       sf_debug_st_get_data_value 000000018002b5c0 f   sfc_debug:sfdb_data_browse.obj
 0001:0002aaf0       mx_value                   000000018002baf0 f   sfc_debug:sfdb_data_browse.obj
 0001:0002ab30       sf_debug_st_fill_data_struct 000000018002bb30 f   sfc_debug:sfdb_data_browse.obj
 0001:0002ae70       data_type_format_strings   000000018002be70 f   sfc_debug:sfdb_data_browse.obj
 0001:0002af20       sf_debug_st_fill_data      000000018002bf20 f   sfc_debug:sfdb_data_browse.obj
 0001:0002bc10       sf_debug_hm_get_simulink_handle 000000018002cc10 f   sfc_debug:sfdb_handle_management.obj
 0001:0002c6c0       sf_debug_hm_initialize_globals 000000018002d6c0 f   sfc_debug:sfdb_handle_management.obj
 0001:0002c7c0       sf_debug_hm_get_machine_debug_flag 000000018002d7c0 f   sfc_debug:sfdb_handle_management.obj
 0001:0002c930       sf_debug_hm_get_machine_id 000000018002d930 f   sfc_debug:sfdb_handle_management.obj
 0001:0002ca50       sf_debug_hm_get_chart_id   000000018002da50 f   sfc_debug:sfdb_handle_management.obj
 0001:0002cbf0       sf_debug_hm_register_executing_SFunction 000000018002dbf0 f   sfc_debug:sfdb_handle_management.obj
 0001:0002cf80       sf_debug_hm_form_object_boolean_properties 000000018002df80 f   sfc_debug:sfdb_handle_management.obj
 0001:0002d250       sf_debug_hm_form_object_properties 000000018002e250 f   sfc_debug:sfdb_handle_management.obj
 0001:0002d490       sf_debug_hm_terminate_charts 000000018002e490 f   sfc_debug:sfdb_handle_management.obj
 0001:0002db70       sf_debug_hm_terminate_machines 000000018002eb70 f   sfc_debug:sfdb_handle_management.obj
 0001:0002f5e0       sf_debug_ss_copy_dimension 00000001800305e0 f   sfc_debug:sfdb_symbol_scope.obj
 0001:0002f6a0       sf_debug_ss_get_number_elements 00000001800306a0 f   sfc_debug:sfdb_symbol_scope.obj
 0001:0002f6c0       sf_debug_ss_fill_data_struct 00000001800306c0 f   sfc_debug:sfdb_symbol_scope.obj
 0001:0002fa10       sf_debug_ss_reset_data_info 0000000180030a10 f   sfc_debug:sfdb_symbol_scope.obj
 0001:0002fa70       sf_debug_fill_data_info_by_symbol_scope_entry 0000000180030a70 f   sfc_debug:sfdb_symbol_scope.obj
 0001:0002fb30       sf_debug_fill_data_info_by_data_vector 0000000180030b30 f   sfc_debug:sfdb_symbol_scope.obj
 0001:0002fd80       get_data_info_helper       0000000180030d80 f   sfc_debug:sfdb_symbol_scope.obj
 0001:00030070       sf_debug_ss_get_data_info  0000000180031070 f   sfc_debug:sfdb_symbol_scope.obj
 0001:00030290       sf_debug_select_mex_function 0000000180031290 f   sfc_debug:sfdb_symbol_scope.obj
 0001:000302c0       sf_debug_is_dyn_matrix_initialized 00000001800312c0 f   sfc_debug:sfdb_symbol_scope.obj
 0001:000302e0       sf_debug_ss_set_data_value_try 00000001800312e0 f   sfc_debug:sfdb_symbol_scope.obj
 0001:000304d0       sf_debug_ss_get_data_value 00000001800314d0 f   sfc_debug:sfdb_symbol_scope.obj
 0001:00030c30       sf_debug_ss_data_bytes_string 0000000180031c30 f   sfc_debug:sfdb_symbol_scope.obj
 0001:00030cc0       sf_debug_ss_data_class_string 0000000180031cc0 f   sfc_debug:sfdb_symbol_scope.obj
 0001:00031040       sf_debug_ss_data_size_string 0000000180032040 f   sfc_debug:sfdb_symbol_scope.obj
 0001:00031120       sf_debug_ss_data_create_data_info_struct 0000000180032120 f   sfc_debug:sfdb_symbol_scope.obj
 0001:000313d0       sf_debug_ss_data_create_name_value_pair 00000001800323d0 f   sfc_debug:sfdb_symbol_scope.obj
 0001:00031470       sf_debug_ss_data_get_whos_info 0000000180032470 f   sfc_debug:sfdb_symbol_scope.obj
 0001:00031480       same_named_data_in_data_array 0000000180032480 f   sfc_debug:sfdb_symbol_scope.obj
 0001:00032c10       sf_debug_cc_terminate_chart 0000000180033c10 f   sfc_debug:sfdb_coverage.obj
 0001:00032f20       sf_debug_cc_terminate_instance 0000000180033f20 f   sfc_debug:sfdb_coverage.obj
 0001:00033af0       sf_debug_cc_mark_object_if_needed 0000000180034af0 f   sfc_debug:sfdb_coverage.obj
 0001:00034370       sf_debug_bm_initialize_eml 0000000180035370 f   sfc_debug:sfdb_breakpoints.obj
 0001:00035430       sf_debug_bm_map_debug_tag_to_breakpoint_tag 0000000180036430 f   sfc_debug:sfdb_breakpoints.obj
 0001:00035510       sf_debug_bm_is_a_eml_breakpoint_impl 0000000180036510 f   sfc_debug:sfdb_breakpoints.obj
 0001:00036e40       sf_debug_sc_push_on_error_stack 0000000180037e40 f   sfc_debug:sfdb_state_consistency.obj
 0001:00036f60       sf_debug_sc_reset_error_stack 0000000180037f60 f   sfc_debug:sfdb_state_consistency.obj
 0001:000370f0       sf_debug_sc_is_state_inconsistent 00000001800380f0 f   sfc_debug:sfdb_state_consistency.obj
 0001:000373e0       sf_debug_sc_fill_consistency_info 00000001800383e0 f   sfc_debug:sfdb_state_consistency.obj
 0001:00037980       void_assertion_fcn         0000000180038980 f   sfc_debug:sfdb_call_stack.obj
 0001:00037ed0       sf_debug_tm_fill_local_trace 0000000180038ed0 f   sfc_debug:sfdb_call_stack.obj
 0001:00038470       sf_debug_cd_terminate_instance 0000000180039470 f   sfc_debug:sfdb_cycle_detection.obj
 0001:000384d0       sf_debug_cd_free_checksum_stack 00000001800394d0 f   sfc_debug:sfdb_cycle_detection.obj
 0001:00038520       sf_debug_cd_reset_pack_strings 0000000180039520 f   sfc_debug:sfdb_cycle_detection.obj
 0001:00038bc0       md5file_clear              0000000180039bc0 f   sfc_debug:ckmd5.obj
 0001:00038bf0       Encode                     0000000180039bf0 f   sfc_debug:ckmd5.obj
 0001:00038c40       Decode                     0000000180039c40 f   sfc_debug:ckmd5.obj
 0001:00038ce0       MD5Transform               0000000180039ce0 f   sfc_debug:ckmd5.obj
 0001:00039540       md5file_addn               000000018003a540 f   sfc_debug:ckmd5.obj
 0001:00039610       md5file_hash               000000018003a610 f   sfc_debug:ckmd5.obj
 0001:00039b08       pre_c_init                 000000018003ab08 f   MSVCRT:crtdll.obj
 0001:00039dc4       __DllMainCRTStartup        000000018003adc4 f   MSVCRT:crtdll.obj
 0001:0003a4c0       __DllMainCRTStartup$filt$0 000000018003b4c0 f   MSVCRT:crtdll.obj
 0001:0003a4f0       __DllMainCRTStartup$fin$1  000000018003b4f0 f   MSVCRT:crtdll.obj
 0001:0003a50a       _onexit$fin$0              000000018003b50a f   MSVCRT:atonexit.obj
 0001:0003a530       _IsNonwritableInCurrentImage$filt$0 000000018003b530 f   MSVCRT:pesect.obj
